% author: Hans Hagen
%
% This map file remaps ec (cork) encoded Latin Modern adapted for umlauts and other variations.

cork-lmb10    LMRomanDemi10-Regular        "enccorkvarlm ReEncodeFont" <cork-var-lm.enc <lmb10.pfb
cork-lmbo10   LMRomanDemi10-Italic         "enccorkvarlm ReEncodeFont" <cork-var-lm.enc <lmbo10.pfb
cork-lmbx10   LMRoman10-Bold               "enccorkvarlm ReEncodeFont" <cork-var-lm.enc <lmbx10.pfb
cork-lmbx12   LMRoman12-Bold               "enccorkvarlm ReEncodeFont" <cork-var-lm.enc <lmbx12.pfb
cork-lmbx5    LMRoman5-Bold                "enccorkvarlm ReEncodeFont" <cork-var-lm.enc <lmbx5.pfb
cork-lmbx6    LMRoman6-Bold                "enccorkvarlm ReEncodeFont" <cork-var-lm.enc <lmbx6.pfb
cork-lmbx7    LMRoman7-Bold                "enccorkvarlm ReEncodeFont" <cork-var-lm.enc <lmbx7.pfb
cork-lmbx8    LMRoman8-Bold                "enccorkvarlm ReEncodeFont" <cork-var-lm.enc <lmbx8.pfb
cork-lmbx9    LMRoman9-Bold                "enccorkvarlm ReEncodeFont" <cork-var-lm.enc <lmbx9.pfb
cork-lmbxi10  LMRoman10-BoldItalic         "enccorkvarlm ReEncodeFont" <cork-var-lm.enc <lmbxi10.pfb
cork-lmbxo10  LMSlanted10-BoldItalic       "enccorkvarlm ReEncodeFont" <cork-var-lm.enc <lmbxo10.pfb
cork-lmcsc10  LMCaps10-Regular             "enccorkvarlm ReEncodeFont" <cork-var-lm.enc <lmcsc10.pfb
cork-lmcsco10 LMCaps10-Italic              "enccorkvarlm ReEncodeFont" <cork-var-lm.enc <lmcsco10.pfb
cork-lmr10    LMRoman10-Regular            "enccorkvarlm ReEncodeFont" <cork-var-lm.enc <lmr10.pfb
cork-lmr12    LMRoman12-Regular            "enccorkvarlm ReEncodeFont" <cork-var-lm.enc <lmr12.pfb
cork-lmr17    LMRoman17-Regular            "enccorkvarlm ReEncodeFont" <cork-var-lm.enc <lmr17.pfb
cork-lmr5     LMRoman5-Regular             "enccorkvarlm ReEncodeFont" <cork-var-lm.enc <lmr5.pfb
cork-lmr6     LMRoman6-Regular             "enccorkvarlm ReEncodeFont" <cork-var-lm.enc <lmr6.pfb
cork-lmr7     LMRoman7-Regular             "enccorkvarlm ReEncodeFont" <cork-var-lm.enc <lmr7.pfb
cork-lmr8     LMRoman8-Regular             "enccorkvarlm ReEncodeFont" <cork-var-lm.enc <lmr8.pfb
cork-lmr9     LMRoman9-Regular             "enccorkvarlm ReEncodeFont" <cork-var-lm.enc <lmr9.pfb
cork-lmri10   LMRoman10-Italic             "enccorkvarlm ReEncodeFont" <cork-var-lm.enc <lmri10.pfb
cork-lmri12   LMRoman12-Italic             "enccorkvarlm ReEncodeFont" <cork-var-lm.enc <lmri12.pfb
cork-lmri7    LMRoman7-Italic              "enccorkvarlm ReEncodeFont" <cork-var-lm.enc <lmri7.pfb
cork-lmri8    LMRoman8-Italic              "enccorkvarlm ReEncodeFont" <cork-var-lm.enc <lmri8.pfb
cork-lmri9    LMRoman9-Italic              "enccorkvarlm ReEncodeFont" <cork-var-lm.enc <lmri9.pfb
cork-lmro10   LMSlanted10-Italic           "enccorkvarlm ReEncodeFont" <cork-var-lm.enc <lmro10.pfb
cork-lmro12   LMSlanted12-Italic           "enccorkvarlm ReEncodeFont" <cork-var-lm.enc <lmro12.pfb
cork-lmro8    LMSlanted8-Italic            "enccorkvarlm ReEncodeFont" <cork-var-lm.enc <lmro8.pfb
cork-lmro9    LMSlanted9-Italic            "enccorkvarlm ReEncodeFont" <cork-var-lm.enc <lmro9.pfb
cork-lmss10   LMSans10-Regular             "enccorkvarlm ReEncodeFont" <cork-var-lm.enc <lmss10.pfb
cork-lmss12   LMSans12-Regular             "enccorkvarlm ReEncodeFont" <cork-var-lm.enc <lmss12.pfb
cork-lmss17   LMSans17-Regular             "enccorkvarlm ReEncodeFont" <cork-var-lm.enc <lmss17.pfb
cork-lmss8    LMSans8-Regular              "enccorkvarlm ReEncodeFont" <cork-var-lm.enc <lmss8.pfb
cork-lmss9    LMSans9-Regular              "enccorkvarlm ReEncodeFont" <cork-var-lm.enc <lmss9.pfb
cork-lmssbo10 LMSans10-BoldItalic          "enccorkvarlm ReEncodeFont" <cork-var-lm.enc <lmssbo10.pfb
cork-lmssbx10 LMSans10-Bold                "enccorkvarlm ReEncodeFont" <cork-var-lm.enc <lmssbx10.pfb
cork-lmssdc10 LMSansDemiCond10-Regular     "enccorkvarlm ReEncodeFont" <cork-var-lm.enc <lmssdc10.pfb
cork-lmssdo10 LMSansDemiCond10-Italic      "enccorkvarlm ReEncodeFont" <cork-var-lm.enc <lmssdo10.pfb
cork-lmsso10  LMSans10-Italic              "enccorkvarlm ReEncodeFont" <cork-var-lm.enc <lmsso10.pfb
cork-lmsso12  LMSans12-Italic              "enccorkvarlm ReEncodeFont" <cork-var-lm.enc <lmsso12.pfb
cork-lmsso17  LMSans17-Italic              "enccorkvarlm ReEncodeFont" <cork-var-lm.enc <lmsso17.pfb
cork-lmsso8   LMSans8-Italic               "enccorkvarlm ReEncodeFont" <cork-var-lm.enc <lmsso8.pfb
cork-lmsso9   LMSans9-Italic               "enccorkvarlm ReEncodeFont" <cork-var-lm.enc <lmsso9.pfb
cork-lmssq8   LMSansQuotation8-Regular     "enccorkvarlm ReEncodeFont" <cork-var-lm.enc <lmssq8.pfb
cork-lmssqbo8 LMSansQuotation8-BoldItalic  "enccorkvarlm ReEncodeFont" <cork-var-lm.enc <lmssqbo8.pfb
cork-lmssqbx8 LMSansQuotation8-Bold        "enccorkvarlm ReEncodeFont" <cork-var-lm.enc <lmssqbx8.pfb
cork-lmssqo8  LMSansQuotation8-Italic      "enccorkvarlm ReEncodeFont" <cork-var-lm.enc <lmssqo8.pfb
cork-lmtcsc10 LMTypewriterCaps10-Regular   "enccorkvarlm ReEncodeFont" <cork-var-lm.enc <lmtcsc10.pfb
cork-lmtt10   LMTypewriter10-Regular       "enccorkvarlm ReEncodeFont" <cork-var-lm.enc <lmtt10.pfb
cork-lmtt12   LMTypewriter12-Regular       "enccorkvarlm ReEncodeFont" <cork-var-lm.enc <lmtt12.pfb
cork-lmtt8    LMTypewriter8-Regular        "enccorkvarlm ReEncodeFont" <cork-var-lm.enc <lmtt8.pfb
cork-lmtt9    LMTypewriter9-Regular        "enccorkvarlm ReEncodeFont" <cork-var-lm.enc <lmtt9.pfb
cork-lmtti10  LMTypewriter10-Italic        "enccorkvarlm ReEncodeFont" <cork-var-lm.enc <lmtti10.pfb
cork-lmtto10  LMTypewriterSlanted10-Italic "enccorkvarlm ReEncodeFont" <cork-var-lm.enc <lmtto10.pfb
cork-lmvtt10  LMTypewriterVarWd10-Regular  "enccorkvarlm ReEncodeFont" <cork-var-lm.enc <lmvtt10.pfb
cork-lmvtto10 LMTypewriterVarWd10-Italic   "enccorkvarlm ReEncodeFont" <cork-var-lm.enc <lmvtto10.pfb