% author: Hans Hagen
%
% This map file remaps ec (cork) encoded Latin Modern adapted for umlauts and other variations.

ec-lmb10    LMRomanDemi10-Regular        "encecvarlm ReEncodeFont" <ec-var-lm.enc <lmb10.pfb
ec-lmbo10   LMRomanDemi10-Italic         "encecvarlm ReEncodeFont" <ec-var-lm.enc <lmbo10.pfb
ec-lmbx10   LMRoman10-Bold               "encecvarlm ReEncodeFont" <ec-var-lm.enc <lmbx10.pfb
ec-lmbx12   LMRoman12-Bold               "encecvarlm ReEncodeFont" <ec-var-lm.enc <lmbx12.pfb
ec-lmbx5    LMRoman5-Bold                "encecvarlm ReEncodeFont" <ec-var-lm.enc <lmbx5.pfb
ec-lmbx6    LMRoman6-Bold                "encecvarlm ReEncodeFont" <ec-var-lm.enc <lmbx6.pfb
ec-lmbx7    LMRoman7-Bold                "encecvarlm ReEncodeFont" <ec-var-lm.enc <lmbx7.pfb
ec-lmbx8    LMRoman8-Bold                "encecvarlm ReEncodeFont" <ec-var-lm.enc <lmbx8.pfb
ec-lmbx9    LMRoman9-Bold                "encecvarlm ReEncodeFont" <ec-var-lm.enc <lmbx9.pfb
ec-lmbxi10  LMRoman10-BoldItalic         "encecvarlm ReEncodeFont" <ec-var-lm.enc <lmbxi10.pfb
ec-lmbxo10  LMSlanted10-BoldItalic       "encecvarlm ReEncodeFont" <ec-var-lm.enc <lmbxo10.pfb
ec-lmcsc10  LMCaps10-Regular             "encecvarlm ReEncodeFont" <ec-var-lm.enc <lmcsc10.pfb
ec-lmcsco10 LMCaps10-Italic              "encecvarlm ReEncodeFont" <ec-var-lm.enc <lmcsco10.pfb
ec-lmr10    LMRoman10-Regular            "encecvarlm ReEncodeFont" <ec-var-lm.enc <lmr10.pfb
ec-lmr12    LMRoman12-Regular            "encecvarlm ReEncodeFont" <ec-var-lm.enc <lmr12.pfb
ec-lmr17    LMRoman17-Regular            "encecvarlm ReEncodeFont" <ec-var-lm.enc <lmr17.pfb
ec-lmr5     LMRoman5-Regular             "encecvarlm ReEncodeFont" <ec-var-lm.enc <lmr5.pfb
ec-lmr6     LMRoman6-Regular             "encecvarlm ReEncodeFont" <ec-var-lm.enc <lmr6.pfb
ec-lmr7     LMRoman7-Regular             "encecvarlm ReEncodeFont" <ec-var-lm.enc <lmr7.pfb
ec-lmr8     LMRoman8-Regular             "encecvarlm ReEncodeFont" <ec-var-lm.enc <lmr8.pfb
ec-lmr9     LMRoman9-Regular             "encecvarlm ReEncodeFont" <ec-var-lm.enc <lmr9.pfb
ec-lmri10   LMRoman10-Italic             "encecvarlm ReEncodeFont" <ec-var-lm.enc <lmri10.pfb
ec-lmri12   LMRoman12-Italic             "encecvarlm ReEncodeFont" <ec-var-lm.enc <lmri12.pfb
ec-lmri7    LMRoman7-Italic              "encecvarlm ReEncodeFont" <ec-var-lm.enc <lmri7.pfb
ec-lmri8    LMRoman8-Italic              "encecvarlm ReEncodeFont" <ec-var-lm.enc <lmri8.pfb
ec-lmri9    LMRoman9-Italic              "encecvarlm ReEncodeFont" <ec-var-lm.enc <lmri9.pfb
ec-lmro10   LMSlanted10-Italic           "encecvarlm ReEncodeFont" <ec-var-lm.enc <lmro10.pfb
ec-lmro12   LMSlanted12-Italic           "encecvarlm ReEncodeFont" <ec-var-lm.enc <lmro12.pfb
ec-lmro8    LMSlanted8-Italic            "encecvarlm ReEncodeFont" <ec-var-lm.enc <lmro8.pfb
ec-lmro9    LMSlanted9-Italic            "encecvarlm ReEncodeFont" <ec-var-lm.enc <lmro9.pfb
ec-lmss10   LMSans10-Regular             "encecvarlm ReEncodeFont" <ec-var-lm.enc <lmss10.pfb
ec-lmss12   LMSans12-Regular             "encecvarlm ReEncodeFont" <ec-var-lm.enc <lmss12.pfb
ec-lmss17   LMSans17-Regular             "encecvarlm ReEncodeFont" <ec-var-lm.enc <lmss17.pfb
ec-lmss8    LMSans8-Regular              "encecvarlm ReEncodeFont" <ec-var-lm.enc <lmss8.pfb
ec-lmss9    LMSans9-Regular              "encecvarlm ReEncodeFont" <ec-var-lm.enc <lmss9.pfb
ec-lmssbo10 LMSans10-BoldItalic          "encecvarlm ReEncodeFont" <ec-var-lm.enc <lmssbo10.pfb
ec-lmssbx10 LMSans10-Bold                "encecvarlm ReEncodeFont" <ec-var-lm.enc <lmssbx10.pfb
ec-lmssdc10 LMSansDemiCond10-Regular     "encecvarlm ReEncodeFont" <ec-var-lm.enc <lmssdc10.pfb
ec-lmssdo10 LMSansDemiCond10-Italic      "encecvarlm ReEncodeFont" <ec-var-lm.enc <lmssdo10.pfb
ec-lmsso10  LMSans10-Italic              "encecvarlm ReEncodeFont" <ec-var-lm.enc <lmsso10.pfb
ec-lmsso12  LMSans12-Italic              "encecvarlm ReEncodeFont" <ec-var-lm.enc <lmsso12.pfb
ec-lmsso17  LMSans17-Italic              "encecvarlm ReEncodeFont" <ec-var-lm.enc <lmsso17.pfb
ec-lmsso8   LMSans8-Italic               "encecvarlm ReEncodeFont" <ec-var-lm.enc <lmsso8.pfb
ec-lmsso9   LMSans9-Italic               "encecvarlm ReEncodeFont" <ec-var-lm.enc <lmsso9.pfb
ec-lmssq8   LMSansQuotation8-Regular     "encecvarlm ReEncodeFont" <ec-var-lm.enc <lmssq8.pfb
ec-lmssqbo8 LMSansQuotation8-BoldItalic  "encecvarlm ReEncodeFont" <ec-var-lm.enc <lmssqbo8.pfb
ec-lmssqbx8 LMSansQuotation8-Bold        "encecvarlm ReEncodeFont" <ec-var-lm.enc <lmssqbx8.pfb
ec-lmssqo8  LMSansQuotation8-Italic      "encecvarlm ReEncodeFont" <ec-var-lm.enc <lmssqo8.pfb
ec-lmtcsc10 LMTypewriterCaps10-Regular   "encecvarlm ReEncodeFont" <ec-var-lm.enc <lmtcsc10.pfb
ec-lmtt10   LMTypewriter10-Regular       "encecvarlm ReEncodeFont" <ec-var-lm.enc <lmtt10.pfb
ec-lmtt12   LMTypewriter12-Regular       "encecvarlm ReEncodeFont" <ec-var-lm.enc <lmtt12.pfb
ec-lmtt8    LMTypewriter8-Regular        "encecvarlm ReEncodeFont" <ec-var-lm.enc <lmtt8.pfb
ec-lmtt9    LMTypewriter9-Regular        "encecvarlm ReEncodeFont" <ec-var-lm.enc <lmtt9.pfb
ec-lmtti10  LMTypewriter10-Italic        "encecvarlm ReEncodeFont" <ec-var-lm.enc <lmtti10.pfb
ec-lmtto10  LMTypewriterSlanted10-Italic "encecvarlm ReEncodeFont" <ec-var-lm.enc <lmtto10.pfb
ec-lmvtt10  LMTypewriterVarWd10-Regular  "encecvarlm ReEncodeFont" <ec-var-lm.enc <lmvtt10.pfb
ec-lmvtto10 LMTypewriterVarWd10-Italic   "encecvarlm ReEncodeFont" <ec-var-lm.enc <lmvtto10.pfb