lmb10    LMRomanDemi10-Regular        "enclmb10    ReEncodeFont" <lmb10.enc <lmb10.pfb
lmbsl10  LMRomanDemi10-BoldItalic     "enclmbsl10  ReEncodeFont" <lmbsl10.enc <lmbsl10.pfb
lmbx10   LMRoman10-Bold               "enclmbx10   ReEncodeFont" <lmbx10.enc <lmbx10.pfb
lmbx12   LMRoman12-Bold               "enclmbx12   ReEncodeFont" <lmbx12.enc <lmbx12.pfb
lmbx5    LMRoman5-Bold                "enclmbx5    ReEncodeFont" <lmbx5.enc <lmbx5.pfb
lmbx6    LMRoman6-Bold                "enclmbx6    ReEncodeFont" <lmbx6.enc <lmbx6.pfb
lmbx7    LMRoman7-Bold                "enclmbx7    ReEncodeFont" <lmbx7.enc <lmbx7.pfb
lmbx8    LMRoman8-Bold                "enclmbx8    ReEncodeFont" <lmbx8.enc <lmbx8.pfb
lmbx9    LMRoman9-Bold                "enclmbx9    ReEncodeFont" <lmbx9.enc <lmbx9.pfb
lmbxsl10 LMSlanted10-BoldItalic       "enclmbxsl10 ReEncodeFont" <lmbxsl10.enc <lmbxsl10.pfb
lmbxti10 LMRoman10-BoldItalic         "enclmbxti10 ReEncodeFont" <lmbxti10.enc <lmbxti10.pfb
lmcsc10  LMCaps10-Regular             "enclmcsc10  ReEncodeFont" <lmcsc10.enc <lmcsc10.pfb
lmitt10  LMTypewriter10-Italic        "enclmitt10  ReEncodeFont" <lmitt10.enc <lmitt10.pfb
lmr10    LMRoman10-Regular            "enclmr10    ReEncodeFont" <lmr10.enc <lmr10.pfb
lmr12    LMRoman12-Regular            "enclmr12    ReEncodeFont" <lmr12.enc <lmr12.pfb
lmr17    LMRoman17-Regular            "enclmr17    ReEncodeFont" <lmr17.enc <lmr17.pfb
lmr5     LMRoman5-Regular             "enclmr5     ReEncodeFont" <lmr5.enc <lmr5.pfb
lmr6     LMRoman6-Regular             "enclmr6     ReEncodeFont" <lmr6.enc <lmr6.pfb
lmr7     LMRoman7-Regular             "enclmr7     ReEncodeFont" <lmr7.enc <lmr7.pfb
lmr8     LMRoman8-Regular             "enclmr8     ReEncodeFont" <lmr8.enc <lmr8.pfb
lmr9     LMRoman9-Regular             "enclmr9     ReEncodeFont" <lmr9.enc <lmr9.pfb
lmsl10   LMSlanted10-Italic           "enclmsl10   ReEncodeFont" <lmsl10.enc <lmsl10.pfb
lmsl12   LMSlanted12-Italic           "enclmsl12   ReEncodeFont" <lmsl12.enc <lmsl12.pfb
lmsl8    LMSlanted8-Italic            "enclmsL8    ReEncodeFont" <lmsl8.enc <lmsl8.pfb
lmsl9    LMSlanted9-Italic            "enclmsL9    ReEncodeFont" <lmsl9.enc <lmsl9.pfb
lmsltt10 LMTypewriterSlanted10-Italic "enclmsltt10 ReEncodeFont" <lmsltt10.enc <lmsltt10.pfb
lmss10   LMSans10-Regular             "enclmss10   ReEncodeFont" <lmss10.enc <lmss10.pfb
lmss12   LMSans12-Regular             "enclmss12   ReEncodeFont" <lmss12.enc <lmss12.pfb
lmss17   LMSans17-Regular             "enclmss17   ReEncodeFont" <lmss17.enc <lmss17.pfb
lmss8    LMSans8-Regular              "enclmss8    ReEncodeFont" <lmss8.enc <lmss8.pfb
lmss9    LMSans9-Regular              "enclmss9    ReEncodeFont" <lmss9.enc <lmss9.pfb
lmssbi10 LMSans10-BoldItalic          "enclmssbi10 ReEncodeFont" <lmssbi10.enc <lmssbi10.pfb
lmssbx10 LMSans10-Bold                "enclmssbx10 ReEncodeFont" <lmssbx10.enc <lmssbx10.pfb
lmssdc10 LMSansDemiCond10-Regular     "enclmssdc10 ReEncodeFont" <lmssdc10.enc <lmssdc10.pfb
lmssdi10 LMSansDemiCond10-BoldItalic  "enclmssdi10 ReEncodeFont" <lmssdi10.enc <lmssdi10.pfb
lmssi10  LMSans10-Italic              "enclmssi10  ReEncodeFont" <lmssi10.enc <lmssi10.pfb
lmssi12  LMSans12-Italic              "enclmssi12  ReEncodeFont" <lmssi12.enc <lmssi12.pfb
lmssi17  LMSans17-Italic              "enclmssi17  ReEncodeFont" <lmssi17.enc <lmssi17.pfb
lmssi8   LMSans8-Italic               "enclmssi8   ReEncodeFont" <lmssi8.enc <lmssi8.pfb
lmssi9   LMSans9-Italic               "enclmssi9   ReEncodeFont" <lmssi9.enc <lmssi9.pfb
lmssq8   LMSansQuotation8-Regular     "enclmssq8   ReEncodeFont" <lmssq8.enc <lmssq8.pfb
lmssqb8  LMSansQuotation8-Bold        "enclmssqb8  ReEncodeFont" <lmssqb8.enc <lmssqb8.pfb
lmssqbi8 LMSansQuotation8-BoldItalic  "enclmssqbi8 ReEncodeFont" <lmssqbi8.enc <lmssqbi8.pfb
lmssqi8  LMSansQuotation8-Italic      "enclmssqi8  ReEncodeFont" <lmssqi8.enc <lmssqi8.pfb
lmtcsc10 LMTypewriterCaps10-Regular   "enclmtcsc10 ReEncodeFont" <lmtcsc10.enc <lmtcsc10.pfb
lmti10   LMRoman10-Italic             "enclmti10   ReEncodeFont" <lmti10.enc <lmti10.pfb
lmti12   LMRoman12-Italic             "enclmti12   ReEncodeFont" <lmti12.enc <lmti12.pfb
lmti7    LMRoman7-Italic              "enclmti7    ReEncodeFont" <lmti7.enc <lmti7.pfb
lmti8    LMRoman8-Italic              "enclmti8    ReEncodeFont" <lmti8.enc <lmti8.pfb
lmti9    LMRoman9-Italic              "enclmti9    ReEncodeFont" <lmti9.enc <lmti9.pfb
lmtt10   LMTypewriter10-Regular       "enclmtt10   ReEncodeFont" <lmtt10.enc <lmtt10.pfb
lmtt12   LMTypewriter12-Regular       "enclmtt12   ReEncodeFont" <lmtt12.enc <lmtt12.pfb
lmtt8    LMTypewriter8-Regular        "enclmtt8    ReEncodeFont" <lmtt8.enc <lmtt8.pfb
lmtt9    LMTypewriter9-Regular        "enclmtt9    ReEncodeFont" <lmtt9.enc <lmtt9.pfb
