% ralph

rsfs10 <rsfs10.pfb
rsfs7  <rsfs7.pfb
rsfs5  <rsfs5.pfb

% marvosym

fmvr8x <marvosym.pfb

fmvri8x ".167 SlantFont" <marvosym.pfb

% context

contnav <contnav.pfb

% dingbats

uzdr <uzdr.pfb
pzdr <pzdr.pfb

% symbols

usyr <usyr.pfb

% xypic

xyatip10 <xyatip10.pfb
xybsql10 <xybsql10.pfb
xybtip10 <xybtip10.pfb
xycirc10 <xycirc10.pfb
xycmat10 <xycmat10.pfb
xycmbt10 <xycmbt10.pfb
xydash10 <xydash10.pfb
xyeuat10 <xyeuat10.pfb
xyeubt10 <xyeubt10.pfb

xycmat11 "1.1 ExtendFont" <xycmat10.pfb
xycmbt11 "1.1 ExtendFont" <xycmbt10.pfb
xyeuat11 "1.1 ExtendFont" <xyeuat10.pfb
xyeubt11 "1.1 ExtendFont" <xyeubt10.pfb

xycmat12 "1.2 ExtendFont" <xycmat10.pfb
xycmbt12 "1.2 ExtendFont" <xycmbt10.pfb
xyeuat12 "1.2 ExtendFont" <xyeuat10.pfb
xyeubt12 "1.2 ExtendFont" <xyeubt10.pfb

% euro

zpeub    <zpeub.pfb
zpeubi   <zpeubi.pfb
zpeubis  <zpeubis.pfb
zpeubit  <zpeubit.pfb
zpeubs   <zpeubs.pfb
zpeubt   <zpeubt.pfb
zpeur    <zpeur.pfb
zpeuri   <zpeuri.pfb
zpeuris  <zpeuris.pfb
zpeurit  <zpeurit.pfb
zpeurs   <zpeurs.pfb
zpeurt   <zpeurt.pfb