lmb10    <lmb10.pfb
lmbsl10  <lmbsl10.pfb
lmbx10   <lmbx10.pfb
lmbx12   <lmbx12.pfb
lmbx5    <lmbx5.pfb
lmbx6    <lmbx6.pfb
lmbx7    <lmbx7.pfb
lmbx8    <lmbx8.pfb
lmbx9    <lmbx9.pfb
lmbxsl10 <lmbxsl10.pfb
lmbxti10 <lmbxti10.pfb
lmcsc10  <lmcsc10.pfb
lmitt10  <lmitt10.pfb
lmr10    <lmr10.pfb
lmr12    <lmr12.pfb
lmr17    <lmr17.pfb
lmr5     <lmr5.pfb
lmr6     <lmr6.pfb
lmr7     <lmr7.pfb
lmr8     <lmr8.pfb
lmr9     <lmr9.pfb
lmsl10   <lmsl10.pfb
lmsl12   <lmsl12.pfb
lmsl8    <lmsl8.pfb
lmsl9    <lmsl9.pfb
lmsltt10 <lmsltt10.pfb
lmss10   <lmss10.pfb
lmss12   <lmss12.pfb
lmss17   <lmss17.pfb
lmss8    <lmss8.pfb
lmss9    <lmss9.pfb
lmssbi10 <lmssbi10.pfb
lmssbx10 <lmssbx10.pfb
lmssdc10 <lmssdc10.pfb
lmssdi10 <lmssdi10.pfb
lmssi10  <lmssi10.pfb
lmssi12  <lmssi12.pfb
lmssi17  <lmssi17.pfb
lmssi8   <lmssi8.pfb
lmssi9   <lmssi9.pfb
lmssq8   <lmssq8.pfb
lmssqb8  <lmssqb8.pfb
lmssqbi8 <lmssqbi8.pfb
lmssqi8  <lmssqi8.pfb
lmtcsc10 <lmtcsc10.pfb
lmti10   <lmti10.pfb
lmti12   <lmti12.pfb
lmti7    <lmti7.pfb
lmti8    <lmti8.pfb
lmti9    <lmti9.pfb
lmtt10   <lmtt10.pfb
lmtt12   <lmtt12.pfb
lmtt8    <lmtt8.pfb
lmtt9    <lmtt9.pfb