lmb10    LMRomanDemi10-Regular        "enclmb10    ReEncodeFont" <lmb10.enc <lmb10.pfb
lmbsl10  LMRomanDemi10-BoldItalic     "enclmbsl10  ReEncodeFont" <lmbsl10.enc <lmbsl10.pfb
lmbx10   LMRoman10-Bold               "enclmbx10   ReEncodeFont" <lmbx10.enc <lmbx10.pfb
lmbx12   LMRoman12-Bold               "enclmbx12   ReEncodeFont" <lmbx12.enc <lmbx12.pfb
lmbx5    LMRoman5-Bold                "enclmbx5    ReEncodeFont" <lmbx5.enc <lmbx5.pfb
lmbx6    LMRoman6-Bold                "enclmbx6    ReEncodeFont" <lmbx6.enc <lmbx6.pfb
lmbx7    LMRoman7-Bold                "enclmbx7    ReEncodeFont" <lmbx7.enc <lmbx7.pfb
lmbx8    LMRoman8-Bold                "enclmbx8    ReEncodeFont" <lmbx8.enc <lmbx8.pfb
lmbx9    LMRoman9-Bold                "enclmbx9    ReEncodeFont" <lmbx9.enc <lmbx9.pfb
lmbxsl10 LMSlanted10-BoldItalic       "enclmbxsl10 ReEncodeFont" <lmbxsl10.enc <lmbxsl10.pfb
lmbxti10 LMRoman10-BoldItalic         "enclmbxti10 ReEncodeFont" <lmbxti10.enc <lmbxti10.pfb
lmcsc10  LMCaps10-Regular             "enclmcsc10  ReEncodeFont" <lmcsc10.enc <lmcsc10.pfb
lmitt10  LMTypewriter10-Italic        "enclmitt10  ReEncodeFont" <lmitt10.enc <lmitt10.pfb
lmr10    LMRoman10-Regular            "enclmr10    ReEncodeFont" <lmr10.enc <lmr10.pfb
lmr12    LMRoman12-Regular            "enclmr12    ReEncodeFont" <lmr12.enc <lmr12.pfb
lmr17    LMRoman17-Regular            "enclmr17    ReEncodeFont" <lmr17.enc <lmr17.pfb
lmr5     LMRoman5-Regular             "enclmr5     ReEncodeFont" <lmr5.enc <lmr5.pfb
lmr6     LMRoman6-Regular             "enclmr6     ReEncodeFont" <lmr6.enc <lmr6.pfb
lmr7     LMRoman7-Regular             "enclmr7     ReEncodeFont" <lmr7.enc <lmr7.pfb
lmr8     LMRoman8-Regular             "enclmr8     ReEncodeFont" <lmr8.enc <lmr8.pfb
lmr9     LMRoman9-Regular             "enclmr9     ReEncodeFont" <lmr9.enc <lmr9.pfb
lmsl10   LMSlanted10-Italic           "enclmsl10   ReEncodeFont" <lmsl10.enc <lmsl10.pfb
lmsl12   LMSlanted12-Italic           "enclmsl12   ReEncodeFont" <lmsl12.enc <lmsl12.pfb
lmsl8    LMSlanted8-Italic            "enclmsL8    ReEncodeFont" <lmsl8.enc <lmsl8.pfb
lmsl9    LMSlanted9-Italic            "enclmsL9    ReEncodeFont" <lmsl9.enc <lmsl9.pfb
lmsltt10 LMTypewriterSlanted10-Italic "enclmsltt10 ReEncodeFont" <lmsltt10.enc <lmsltt10.pfb
lmss10   LMSans10-Regular             "enclmss10   ReEncodeFont" <lmss10.enc <lmss10.pfb
lmss12   LMSans12-Regular             "enclmss12   ReEncodeFont" <lmss12.enc <lmss12.pfb
lmss17   LMSans17-Regular             "enclmss17   ReEncodeFont" <lmss17.enc <lmss17.pfb
lmss8    LMSans8-Regular              "enclmss8    ReEncodeFont" <lmss8.enc <lmss8.pfb
lmss9    LMSans9-Regular              "enclmss9    ReEncodeFont" <lmss9.enc <lmss9.pfb
lmssbi10 LMSans10-BoldItalic          "enclmssbi10 ReEncodeFont" <lmssbi10.enc <lmssbi10.pfb
lmssbx10 LMSans10-Bold                "enclmssbx10 ReEncodeFont" <lmssbx10.enc <lmssbx10.pfb
lmssdc10 LMSansDemiCond10-Regular     "enclmssdc10 ReEncodeFont" <lmssdc10.enc <lmssdc10.pfb
lmssdi10 LMSansDemiCond10-BoldItalic  "enclmssdi10 ReEncodeFont" <lmssdi10.enc <lmssdi10.pfb
lmssi10  LMSans10-Italic              "enclmssi10  ReEncodeFont" <lmssi10.enc <lmssi10.pfb
lmssi12  LMSans12-Italic              "enclmssi12  ReEncodeFont" <lmssi12.enc <lmssi12.pfb
lmssi17  LMSans17-Italic              "enclmssi17  ReEncodeFont" <lmssi17.enc <lmssi17.pfb
lmssi8   LMSans8-Italic               "enclmssi8   ReEncodeFont" <lmssi8.enc <lmssi8.pfb
lmssi9   LMSans9-Italic               "enclmssi9   ReEncodeFont" <lmssi9.enc <lmssi9.pfb
lmssq8   LMSansQuotation8-Regular     "enclmssq8   ReEncodeFont" <lmssq8.enc <lmssq8.pfb
lmssqb8  LMSansQuotation8-Bold        "enclmssqb8  ReEncodeFont" <lmssqb8.enc <lmssqb8.pfb
lmssqbi8 LMSansQuotation8-BoldItalic  "enclmssqbi8 ReEncodeFont" <lmssqbi8.enc <lmssqbi8.pfb
lmssqi8  LMSansQuotation8-Italic      "enclmssqi8  ReEncodeFont" <lmssqi8.enc <lmssqi8.pfb
lmtcsc10 LMTypewriterCaps10-Regular   "enclmtcsc10 ReEncodeFont" <lmtcsc10.enc <lmtcsc10.pfb
lmti10   LMRoman10-Italic             "enclmti10   ReEncodeFont" <lmti10.enc <lmti10.pfb
lmti12   LMRoman12-Italic             "enclmti12   ReEncodeFont" <lmti12.enc <lmti12.pfb
lmti7    LMRoman7-Italic              "enclmti7    ReEncodeFont" <lmti7.enc <lmti7.pfb
lmti8    LMRoman8-Italic              "enclmti8    ReEncodeFont" <lmti8.enc <lmti8.pfb
lmti9    LMRoman9-Italic              "enclmti9    ReEncodeFont" <lmti9.enc <lmti9.pfb
lmtt10   LMTypewriter10-Regular       "enclmtt10   ReEncodeFont" <lmtt10.enc <lmtt10.pfb
lmtt12   LMTypewriter12-Regular       "enclmtt12   ReEncodeFont" <lmtt12.enc <lmtt12.pfb
lmtt8    LMTypewriter8-Regular        "enclmtt8    ReEncodeFont" <lmtt8.enc <lmtt8.pfb
lmtt9    LMTypewriter9-Regular        "enclmtt9    ReEncodeFont" <lmtt9.enc <lmtt9.pfb


Math1 <math1.pfb
Math1-bold <math1-bold.pfb
Math1mono <math1mono.pfb
Math1mono-bold <math1mono-bold.pfb
Math2 <math2.pfb
Math2-bold <math2-bold.pfb
Math2mono <math2mono.pfb
Math2mono-bold <math2mono-bold.pfb
Math3 <math3.pfb
Math3-bold <math3-bold.pfb
Math3mono <math3mono.pfb
Math3mono-bold <math3mono-bold.pfb
Math4 <math4.pfb
Math4-bold <math4-bold.pfb
Math4mono <math4mono.pfb
Math4mono-bold <math4mono-bold.pfb
Math5 <math5.pfb
Math5-bold <math5-bold.pfb
Math5mono <math5mono.pfb
Math5mono-bold <math5mono-bold.pfb
anttb "enc-antt ReEncodeFont" <antt.enc <anttb.pfb
anttr "enc-antt ReEncodeFont" <antt.enc <anttr.pfb
anttri "enc-antt ReEncodeFont" <antt.enc <anttri.pfb
ascii-10 "asciiEncoding ReEncodeFont" <cour.pfa <ascii.enc
bchb8r "TeXBase1Encoding ReEncodeFont" <8r.enc <bchb8a.pfb
bchbi8r "TeXBase1Encoding ReEncodeFont" <8r.enc <bchbi8a.pfb
bchbo8r ".167 SlantFont TeXBase1Encoding ReEncodeFont" <8r.enc <bchb8a.pfb
bchr8r "TeXBase1Encoding ReEncodeFont" <8r.enc <bchr8a.pfb
bchri8r "TeXBase1Encoding ReEncodeFont" <8r.enc <bchri8a.pfb
bchro8r ".167 SlantFont TeXBase1Encoding ReEncodeFont" <8r.enc <bchr8a.pfb
blex  <blex.pfb 
blsy  <blsy.pfb 
cheq <cheq.ps
cmb10 <cmb10.pfb
cmbsy10 <cmbsy10.pfb
cmbsy5 <cmbsy5.pfb
cmbsy6 <cmbsy6.pfb
cmbsy7 <cmbsy7.pfb
cmbsy8 <cmbsy8.pfb
cmbsy9 <cmbsy9.pfb
cmbx10 <cmbx10.pfb
cmbx12 <cmbx12.pfb
cmbx5 <cmbx5.pfb
cmbx6 <cmbx6.pfb
cmbx7 <cmbx7.pfb
cmbx8 <cmbx8.pfb
cmbx9 <cmbx9.pfb
cmbxsl10 <cmbxsl10.pfb
cmbxti10 <cmbxti10.pfb
cmcb10 <cmcb10.pfb
cmcbx10 <cmcbx10.pfb
cmcbx12 <cmcbx12.pfb
cmcbx5 <cmcbx5.pfb
cmcbx6 <cmcbx6.pfb
cmcbx7 <cmcbx7.pfb
cmcbx8 <cmcbx8.pfb
cmcbx9 <cmcbx9.pfb
cmcbxsl10 <cmcbxsl1.pfb
cmcbxti10 <cmcbxti1.pfb
cmccsc10 <cmccsc10.pfb
cmccsc8 <cmccsc8.pfb
cmccsc9 <cmccsc9.pfb
cmcinch <cmcinch7.pfb
cmcitt10 <cmcitt10.pfb
cmcsc10 <cmcsc10.pfb
cmcsc8 <cmcsc8.pfb
cmcsc9 <cmcsc9.pfb
cmcsl10 <cmcsl10.pfb
cmcsl12 <cmcsl12.pfb
cmcsl8 <cmcsl8.pfb
cmcsl9 <cmcsl9.pfb
cmcsltt10 <cmcsltt1.pfb
cmcss10 <cmcss10.pfb
cmcss12 <cmcss12.pfb
cmcss17 <cmcss17.pfb
cmcss8 <cmcss8.pfb
cmcss9 <cmcss9.pfb
cmcssbx10 <cmcssbx1.pfb
cmcssdc10 <cmcssdc1.pfb
cmcssi10 <cmcssi10.pfb
cmcssi12 <cmcssi12.pfb
cmcssi17 <cmcssi17.pfb
cmcssi8 <cmcssi8.pfb
cmcssi9 <cmcssi9.pfb
cmcssq8 <cmcssq8.pfb
cmcssqi8 <cmcssqi8.pfb
cmcti10 <cmcti10.pfb
cmcti12 <cmcti12.pfb
cmcti7 <cmcti7.pfb
cmcti8 <cmcti8.pfb
cmcti9 <cmcti9.pfb
cmctt10 <cmctt10.pfb
cmctt12 <cmctt12.pfb
cmctt8 <cmctt8.pfb
cmctt9 <cmctt9.pfb
cmcu10 <cmcu10.pfb
cmcyr10 <cmcyr10.pfb
cmcyr12 <cmcyr12.pfb
cmcyr17 <cmcyr17.pfb
cmcyr5 <cmcyr5.pfb
cmcyr6 <cmcyr6.pfb
cmcyr7 <cmcyr7.pfb
cmcyr8 <cmcyr8.pfb
cmcyr9 <cmcyr9.pfb
cmdunh10 <cmdunh10.pfb
cmex10 <cmex10.pfb
cmex7 <cmex7.pfb
cmex8 <cmex8.pfb
cmex9 <cmex9.pfb
cmff10 <cmff10.pfb
cmfi10 <cmfi10.pfb
cmfib8 <cmfib8.pfb
cminch <cminch.pfb
cmitt10 <cmitt10.pfb
cmmi10 <cmmi10.pfb
cmmi12 <cmmi12.pfb
cmmi5 <cmmi5.pfb
cmmi6 <cmmi6.pfb
cmmi7 <cmmi7.pfb
cmmi8 <cmmi8.pfb
cmmi9 <cmmi9.pfb
cmmib10 <cmmib10.pfb
cmmib5 <cmmib5.pfb
cmmib6 <cmmib6.pfb
cmmib7 <cmmib7.pfb
cmmib8 <cmmib8.pfb
cmmib9 <cmmib9.pfb
cmr10 <cmr10.pfb
cmr12 <cmr12.pfb
cmr17 <cmr17.pfb
cmr5 <cmr5.pfb
cmr6 <cmr6.pfb
cmr7 <cmr7.pfb
cmr8 <cmr8.pfb
cmr9 <cmr9.pfb
cmsl10 <cmsl10.pfb
cmsl12 <cmsl12.pfb
cmsl8 <cmsl8.pfb
cmsl9 <cmsl9.pfb
cmsltt10 <cmsltt10.pfb
cmss10 <cmss10.pfb
cmss12 <cmss12.pfb
cmss17 <cmss17.pfb
cmss8 <cmss8.pfb
cmss9 <cmss9.pfb
cmssbx10 <cmssbx10.pfb
cmssdc10 <cmssdc10.pfb
cmssi10 <cmssi10.pfb
cmssi12 <cmssi12.pfb
cmssi17 <cmssi17.pfb
cmssi8 <cmssi8.pfb
cmssi9 <cmssi9.pfb
cmssq8 <cmssq8.pfb
cmssqi8 <cmssqi8.pfb
cmsy10 <cmsy10.pfb
cmsy5 <cmsy5.pfb
cmsy6 <cmsy6.pfb
cmsy7 <cmsy7.pfb
cmsy8 <cmsy8.pfb
cmsy9 <cmsy9.pfb
cmtcsc10 <cmtcsc10.pfb
cmtex10 <cmtex10.pfb
cmtex8 <cmtex8.pfb
cmtex9 <cmtex9.pfb
cmti10 <cmti10.pfb
cmti12 <cmti12.pfb
cmti7 <cmti7.pfb
cmti8 <cmti8.pfb
cmti9 <cmti9.pfb
cmtt10 <cmtt10.pfb
cmtt12 <cmtt12.pfb
cmtt8 <cmtt8.pfb
cmtt9 <cmtt9.pfb
cmu10 <cmu10.pfb
cmvtt10 <cmvtt10.pfb
contnav <contnav.pfb
euex10 <euex10.pfb
euex7 <euex7.pfb
euex8 <euex8.pfb
euex9 <euex9.pfb
eufb10 <eufb10.pfb
eufb5 <eufb5.pfb
eufb6 <eufb6.pfb
eufb7 <eufb7.pfb
eufb8 <eufb8.pfb
eufb9 <eufb9.pfb
eufm10 <eufm10.pfb
eufm5 <eufm5.pfb
eufm6 <eufm6.pfb
eufm7 <eufm7.pfb
eufm8 <eufm8.pfb
eufm9 <eufm9.pfb
eurb10 <eurb10.pfb
eurb5 <eurb5.pfb
eurb6 <eurb6.pfb
eurb7 <eurb7.pfb
eurb8 <eurb8.pfb
eurb9 <eurb9.pfb
eurbo10 " .167 SlantFont " <eurb10.pfb
eurm10 <eurm10.pfb
eurm5 <eurm5.pfb
eurm6 <eurm6.pfb
eurm7 <eurm7.pfb
eurm8 <eurm8.pfb
eurm9 <eurm9.pfb
eurmo10 " .167 SlantFont " <eurm10.pfb
eusb10 <eusb10.pfb
eusb5 <eusb5.pfb
eusb6 <eusb6.pfb
eusb7 <eusb7.pfb
eusb8 <eusb8.pfb
eusb9 <eusb9.pfb
eusm10 <eusm10.pfb
eusm5 <eusm5.pfb
eusm6 <eusm6.pfb
eusm7 <eusm7.pfb
eusm8 <eusm8.pfb
eusm9 <eusm9.pfb
fmvr8x <marvosym.pfb
hlcbot8r "TeXBase1Encoding ReEncodeFont " <8r.enc <hlcbot8a.pfb
hlcbt8r "TeXBase1Encoding ReEncodeFont " <8r.enc <hlcbt8a.pfb
hlcda <hlcda.pfb
hlcdim <hlcdim.pfb
hlcdima <hlcdima.pfb
hlcdm <hlcdm.pfb
hlcdy <hlcdy.pfb
hlcra <hlcra.pfb
hlcrf8r "TeXBase1Encoding ReEncodeFont " <8r.enc <hlcrf8a.pfb
hlcrie8r "TeXBase1Encoding ReEncodeFont " <8r.enc <hlcrie8a.pfb
hlcrim <hlcrim.pfb
hlcrima <hlcrima.pfb
hlcrin8r "TeXBase1Encoding ReEncodeFont " <8r.enc <hlcrin8a.pfb
hlcriw8r "TeXBase1Encoding ReEncodeFont " <8r.enc <hlcriw8a.pfb
hlcrm <hlcrm.pfb
hlcrn8r "TeXBase1Encoding ReEncodeFont " <8r.enc <hlcrn8a.pfb
hlcrof8r " .167 SlantFont TeXBase1Encoding ReEncodeFont " <8r.enc <hlcrf8a.pfb 
hlcron8r " .167 SlantFont TeXBase1Encoding ReEncodeFont " <8r.enc <hlcrn8a.pfb 
hlcrot8r "TeXBase1Encoding ReEncodeFont " <8r.enc <hlcrot8a.pfb
hlcrt8r "TeXBase1Encoding ReEncodeFont " <8r.enc <hlcrt8a.pfb
hlcrv <hlcrv.pfb
hlcry <hlcry.pfb
hlhb8r "TeXBase1Encoding ReEncodeFont " <8r.enc <hlhb8a.pfb
hlhbc8r "TeXBase1Encoding ReEncodeFont " <8r.enc <hlhbc8a.pfb
hlhbi8r "TeXBase1Encoding ReEncodeFont " <8r.enc <hlhbi8a.pfb
hlhbo8r " .167 SlantFont TeXBase1Encoding ReEncodeFont " <8r.enc <hlhb8a.pfb 
hlhr8r "TeXBase1Encoding ReEncodeFont " <8r.enc <hlhr8a.pfb
hlhrc8r "TeXBase1Encoding ReEncodeFont " <8r.enc <hlhrc8a.pfb
hlhri8r "TeXBase1Encoding ReEncodeFont " <8r.enc <hlhri8a.pfb
hlhro8r "TeXBase1Encoding ReEncodeFont " <8r.enc <hlhro8a.pfb
hlsb8r "TeXBase1Encoding ReEncodeFont " <8r.enc <hlsb8a.pfb
hlsbi8r "TeXBase1Encoding ReEncodeFont " <8r.enc <hlsbi8a.pfb
hlsbo8r " .167 SlantFont TeXBase1Encoding ReEncodeFont " <8r.enc <hlsb8a.pfb 
hlsbot8r "TeXBase1Encoding ReEncodeFont " <8r.enc <hlsbot8a.pfb
hlsbt8r "TeXBase1Encoding ReEncodeFont " <8r.enc <hlsbt8a.pfb
hlsr8r "TeXBase1Encoding ReEncodeFont " <8r.enc <hlsr8a.pfb
hlsri8r "TeXBase1Encoding ReEncodeFont " <8r.enc <hlsri8a.pfb
hlsro8r " .167 SlantFont TeXBase1Encoding ReEncodeFont " <8r.enc <hlsr8a.pfb 
hlsrot8r "TeXBase1Encoding ReEncodeFont " <8r.enc <hlsrot8a.pfb
hlsrt8r "TeXBase1Encoding ReEncodeFont " <8r.enc <hlsrt8a.pfb
hlsu8r "TeXBase1Encoding ReEncodeFont " <8r.enc <hlsu8a.pfb
hlsui8r "TeXBase1Encoding ReEncodeFont " <8r.enc <hlsui8a.pfb
hlsuo8r " .167 SlantFont TeXBase1Encoding ReEncodeFont " <8r.enc <hlsu8a.pfb 
hlxb8r "TeXBase1Encoding ReEncodeFont " <8r.enc <hlxb8a.pfb
hlxbi8r "TeXBase1Encoding ReEncodeFont " <8r.enc <hlxbi8a.pfb
hlxbo8r " .167 SlantFont TeXBase1Encoding ReEncodeFont " <8r.enc <hlxb8a.pfb 
hlxr8r "TeXBase1Encoding ReEncodeFont " <8r.enc <hlxr8a.pfb
hlxri8r "TeXBase1Encoding ReEncodeFont " <8r.enc <hlxri8a.pfb
hlxro8r " .167 SlantFont TeXBase1Encoding ReEncodeFont " <8r.enc <hlxr8a.pfb 
lasy10 <lasy10.pfb
lasy5 <lasy5.pfb
lasy6 <lasy6.pfb
lasy7 <lasy7.pfb
lasy8 <lasy8.pfb
lasy9 <lasy9.pfb
lasyb10 <lasyb10.pfb
lcircle10 <lcircle1.pfb
lcirclew10 <lcirclew.pfb
lcmss8 <lcmss8.pfb
lcmssb8 <lcmssb8.pfb
lcmssi8 <lcmssi8.pfb
line10 <line10.pfb
linew10 <linew10.pfb
logo10 <logo10.pfb
logo8 <logo8.pfb
logo9 <logo9.pfb
logobf10 <logobf10.pfb
logod10 <logod10.pfb
logosl10 <logosl10.pfb
logosl8 <logosl8.pfb
logosl9 <logosl9.pfb
lscyb <lscyb.pfb
lscybo <lscybo.pfb
lscyo <lscyo.pfb
lscyr <lscyr.pfb
lstcyb <lstcyb.pfb
lstcybo <lstcybo.pfb
lstcyo <lstcyo.pfb
lstcyr <lstcyr.pfb
ma1b8r "TeXBase1Encoding ReEncodeFont " <8r.enc <ma1b8a.pfb
ma1bi8r "TeXBase1Encoding ReEncodeFont " <8r.enc <ma1bi8a.pfb
ma1bi8rn "TeXBase1Encoding ReEncodeFont " <8r.enc <ma1bi8an.pfb
ma1bo8r " .167 SlantFont TeXBase1Encoding ReEncodeFont " <8r.enc <ma1b8a.pfb 
ma1c8r "TeXBase1Encoding ReEncodeFont " <8r.enc <ma1c8a.pfb
ma1ci8r "TeXBase1Encoding ReEncodeFont " <8r.enc <ma1ci8a.pfb
ma1co8r " .167 SlantFont TeXBase1Encoding ReEncodeFont " <8r.enc <ma1c8a.pfb 
ma1l8r "TeXBase1Encoding ReEncodeFont " <8r.enc <ma1l8a.pfb
ma1li8r "TeXBase1Encoding ReEncodeFont " <8r.enc <ma1li8a.pfb
ma1lo8r " .167 SlantFont TeXBase1Encoding ReEncodeFont " <8r.enc <ma1l8a.pfb 
ma1m8r "TeXBase1Encoding ReEncodeFont " <8r.enc <ma1m8a.pfb
ma1mi8r "TeXBase1Encoding ReEncodeFont " <8r.enc <ma1mi8a.pfb
ma1mo8r " .167 SlantFont TeXBase1Encoding ReEncodeFont " <8r.enc <ma1m8a.pfb 
ma1r8r "TeXBase1Encoding ReEncodeFont " <8r.enc <ma1r8a.pfb
ma1ri8r "TeXBase1Encoding ReEncodeFont " <8r.enc <ma1ri8a.pfb
ma1ri8rn "TeXBase1Encoding ReEncodeFont " <8r.enc <ma1ri8an.pfb
ma1ro8r " .167 SlantFont TeXBase1Encoding ReEncodeFont " <8r.enc <ma1r8a.pfb 
ma1x8r "TeXBase1Encoding ReEncodeFont " <8r.enc <ma1x8a.pfb
ma1xi8r "TeXBase1Encoding ReEncodeFont " <8r.enc <ma1xi8a.pfb
ma1xo8r " .167 SlantFont TeXBase1Encoding ReEncodeFont " <8r.enc <ma1x8a.pfb 
ma2b8r "TeXBase1Encoding ReEncodeFont " <8r.enc <ma2b8a.pfb
ma2bi8r "TeXBase1Encoding ReEncodeFont " <8r.enc <ma2bi8a.pfb
ma2bo8r " .167 SlantFont TeXBase1Encoding ReEncodeFont " <8r.enc <ma2b8a.pfb 
ma2c8r "TeXBase1Encoding ReEncodeFont " <8r.enc <ma2c8a.pfb
ma2ci8r "TeXBase1Encoding ReEncodeFont " <8r.enc <ma2ci8a.pfb
ma2co8r " .167 SlantFont TeXBase1Encoding ReEncodeFont " <8r.enc <ma2c8a.pfb 
ma2l8r "TeXBase1Encoding ReEncodeFont " <8r.enc <ma2l8a.pfb
ma2li8r "TeXBase1Encoding ReEncodeFont " <8r.enc <ma2li8a.pfb
ma2lo8r " .167 SlantFont TeXBase1Encoding ReEncodeFont " <8r.enc <ma2l8a.pfb 
ma2m8r "TeXBase1Encoding ReEncodeFont " <8r.enc <ma2m8a.pfb
ma2mi8r "TeXBase1Encoding ReEncodeFont " <8r.enc <ma2mi8a.pfb
ma2mo8r " .167 SlantFont TeXBase1Encoding ReEncodeFont " <8r.enc <ma2m8a.pfb 
ma2r8r "TeXBase1Encoding ReEncodeFont " <8r.enc <ma2r8a.pfb
ma2ri8r "TeXBase1Encoding ReEncodeFont " <8r.enc <ma2ri8a.pfb
ma2ro8r " .167 SlantFont TeXBase1Encoding ReEncodeFont " <8r.enc <ma2r8a.pfb 
magd8r "TeXBase1Encoding ReEncodeFont " <8r.enc <magd8a.pfb
magdo8r "TeXBase1Encoding ReEncodeFont " <8r.enc <magdo8a.pfb
magk8r "TeXBase1Encoding ReEncodeFont " <8r.enc <magk8a.pfb
magko8r "TeXBase1Encoding ReEncodeFont " <8r.enc <magko8a.pfb
mahr8r "TeXBase1Encoding ReEncodeFont " <8r.enc <mahr8a.pfb
mahro8r " .167 SlantFont TeXBase1Encoding ReEncodeFont " <8r.enc <mahr8a.pfb 
maib8r "TeXBase1Encoding ReEncodeFont " <8r.enc <maib8a.pfb
maibi8r "TeXBase1Encoding ReEncodeFont " <8r.enc <maibi8a.pfb
maibo8r " .167 SlantFont TeXBase1Encoding ReEncodeFont " <8r.enc <maib8a.pfb 
mail8r "TeXBase1Encoding ReEncodeFont " <8r.enc <mail8a.pfb
maili8r "TeXBase1Encoding ReEncodeFont " <8r.enc <maili8a.pfb
mailo8r " .167 SlantFont TeXBase1Encoding ReEncodeFont " <8r.enc <mail8a.pfb 
mair8r "TeXBase1Encoding ReEncodeFont " <8r.enc <mair8a.pfb
mairi8r "TeXBase1Encoding ReEncodeFont " <8r.enc <mairi8a.pfb
mairo8r " .167 SlantFont TeXBase1Encoding ReEncodeFont " <8r.enc <mair8a.pfb 
maix8r "TeXBase1Encoding ReEncodeFont " <8r.enc <maix8a.pfb
maixi8r "TeXBase1Encoding ReEncodeFont " <8r.enc <maixi8a.pfb
maixo8r " .167 SlantFont TeXBase1Encoding ReEncodeFont " <8r.enc <maix8a.pfb 
mall8r "TeXBase1Encoding ReEncodeFont " <8r.enc <mall8a.pfb
mallo8r " .167 SlantFont TeXBase1Encoding ReEncodeFont " <8r.enc <mall8a.pfb 
malr8r "TeXBase1Encoding ReEncodeFont " <8r.enc <malr8a.pfb
malri8r "TeXBase1Encoding ReEncodeFont " <8r.enc <malri8a.pfb
malro8r " .167 SlantFont TeXBase1Encoding ReEncodeFont " <8r.enc <malr8a.pfb 
manfnt <manfnt.pfb
mapr8r "TeXBase1Encoding ReEncodeFont " <8r.enc <mapr8a.pfb
mapri8r "TeXBase1Encoding ReEncodeFont " <8r.enc <mapri8a.pfb
mapro8r " .167 SlantFont TeXBase1Encoding ReEncodeFont " <8r.enc <mapr8a.pfb 
maps8r "TeXBase1Encoding ReEncodeFont " <8r.enc <maps8a.pfb
mapso8r " .167 SlantFont TeXBase1Encoding ReEncodeFont " <8r.enc <maps8a.pfb 
mb1ri8r "TeXBase1Encoding ReEncodeFont " <8r.enc <mb1ri8a.pfb
mb2r8r "TeXBase1Encoding ReEncodeFont " <8r.enc <mb2r8a.pfb
mb2ri8r "TeXBase1Encoding ReEncodeFont " <8r.enc <mb2ri8a.pfb
mb2ro8r " .167 SlantFont TeXBase1Encoding ReEncodeFont " <8r.enc <mb2r8a.pfb 
mb3r8r "TeXBase1Encoding ReEncodeFont " <8r.enc <mb3r8a.pfb
mb3ro8r " .167 SlantFont TeXBase1Encoding ReEncodeFont " <8r.enc <mb3r8a.pfb 
mbbb8r "TeXBase1Encoding ReEncodeFont " <8r.enc <mbbb8a.pfb
mbbbi8r "TeXBase1Encoding ReEncodeFont " <8r.enc <mbbbi8a.pfb
mbbbo8r " .167 SlantFont TeXBase1Encoding ReEncodeFont " <8r.enc <mbbb8a.pfb 
mbbr8r "TeXBase1Encoding ReEncodeFont " <8r.enc <mbbr8a.pfb
mbbri8r "TeXBase1Encoding ReEncodeFont " <8r.enc <mbbri8a.pfb
mbbro8r " .167 SlantFont TeXBase1Encoding ReEncodeFont " <8r.enc <mbbr8a.pfb 
mbbs8r "TeXBase1Encoding ReEncodeFont " <8r.enc <mbbs8a.pfb
mbbsi8r "TeXBase1Encoding ReEncodeFont " <8r.enc <mbbsi8a.pfb
mbbso8r " .167 SlantFont TeXBase1Encoding ReEncodeFont " <8r.enc <mbbs8a.pfb 
mbbx8r "TeXBase1Encoding ReEncodeFont " <8r.enc <mbbx8a.pfb
mbbxi8r "TeXBase1Encoding ReEncodeFont " <8r.enc <mbbxi8a.pfb
mbbxo8r " .167 SlantFont TeXBase1Encoding ReEncodeFont " <8r.enc <mbbx8a.pfb 
mbdb8r "TeXBase1Encoding ReEncodeFont " <8r.enc <mbdb8a.pfb
mbdbi8r "TeXBase1Encoding ReEncodeFont " <8r.enc <mbdbi8a.pfb
mbdbo8r " .167 SlantFont TeXBase1Encoding ReEncodeFont " <8r.enc <mbdb8a.pfb 
mbdc8r "TeXBase1Encoding ReEncodeFont " <8r.enc <mbdc8a.pfb
mbdci8r "TeXBase1Encoding ReEncodeFont " <8r.enc <mbdci8a.pfb
mbdco8r " .167 SlantFont TeXBase1Encoding ReEncodeFont " <8r.enc <mbdc8a.pfb 
mbdk8r "TeXBase1Encoding ReEncodeFont " <8r.enc <mbdk8a.pfb
mbdki8r "TeXBase1Encoding ReEncodeFont " <8r.enc <mbdki8a.pfb
mbdko8r " .167 SlantFont TeXBase1Encoding ReEncodeFont " <8r.enc <mbdk8a.pfb 
mbdr8r "TeXBase1Encoding ReEncodeFont " <8r.enc <mbdr8a.pfb
mbdri8r "TeXBase1Encoding ReEncodeFont " <8r.enc <mbdri8a.pfb
mbdro8r " .167 SlantFont TeXBase1Encoding ReEncodeFont " <8r.enc <mbdr8a.pfb 
mbdu8r "TeXBase1Encoding ReEncodeFont " <8r.enc <mbdu8a.pfb
mbdui8r "TeXBase1Encoding ReEncodeFont " <8r.enc <mbdui8a.pfb
mbduo8r " .167 SlantFont TeXBase1Encoding ReEncodeFont " <8r.enc <mbdu8a.pfb 
mbeb8r "TeXBase1Encoding ReEncodeFont " <8r.enc <mbeb8a.pfb
mbebo8r " .167 SlantFont TeXBase1Encoding ReEncodeFont " <8r.enc <mbeb8a.pfb 
mber8r "TeXBase1Encoding ReEncodeFont " <8r.enc <mber8a.pfb
mberi8r "TeXBase1Encoding ReEncodeFont " <8r.enc <mberi8a.pfb
mbero8r " .167 SlantFont TeXBase1Encoding ReEncodeFont " <8r.enc <mber8a.pfb 
mbes8r "TeXBase1Encoding ReEncodeFont " <8r.enc <mbes8a.pfb
mbeso8r " .167 SlantFont TeXBase1Encoding ReEncodeFont " <8r.enc <mbes8a.pfb 
mbfr8r "TeXBase1Encoding ReEncodeFont " <8r.enc <mbfr8a.pfb
mbfro8r " .167 SlantFont TeXBase1Encoding ReEncodeFont " <8r.enc <mbfr8a.pfb 
mbkd8r "TeXBase1Encoding ReEncodeFont " <8r.enc <mbkd8a.pfb
mbkdi8r "TeXBase1Encoding ReEncodeFont " <8r.enc <mbkdi8a.pfb
mbkdo8r " .167 SlantFont TeXBase1Encoding ReEncodeFont " <8r.enc <mbkd8a.pfb 
mbkl8r "TeXBase1Encoding ReEncodeFont " <8r.enc <mbkl8a.pfb
mbkli8r "TeXBase1Encoding ReEncodeFont " <8r.enc <mbkli8a.pfb
mbklo8r " .167 SlantFont TeXBase1Encoding ReEncodeFont " <8r.enc <mbkl8a.pfb 
mbvb8r "TeXBase1Encoding ReEncodeFont " <8r.enc <mbvb8a.pfb
mbvbi8r "TeXBase1Encoding ReEncodeFont " <8r.enc <mbvbi8a.pfb
mbvbo8r " .167 SlantFont TeXBase1Encoding ReEncodeFont " <8r.enc <mbvb8a.pfb 
mbvr8r "TeXBase1Encoding ReEncodeFont " <8r.enc <mbvr8a.pfb
mbvr8x <mbvr8x.pfb 
mbvri8r "TeXBase1Encoding ReEncodeFont " <8r.enc <mbvri8a.pfb
mbvri8x <mbvri8x.pfb 
mbvro8r " .167 SlantFont TeXBase1Encoding ReEncodeFont " <8r.enc <mbvr8a.pfb 
mbvro8x " .167 SlantFont " <mbvr8x.pfb 
mbvs8r "TeXBase1Encoding ReEncodeFont " <8r.enc <mbvs8a.pfb
mbvsi8r "TeXBase1Encoding ReEncodeFont " <8r.enc <mbvsi8a.pfb
mbvso8r " .167 SlantFont TeXBase1Encoding ReEncodeFont " <8r.enc <mbvs8a.pfb 
mc1b8r "TeXBase1Encoding ReEncodeFont " <8r.enc <mc1b8a.pfb
mc1bi8r "TeXBase1Encoding ReEncodeFont " <8r.enc <mc1bi8a.pfb
mc1bo8r " .167 SlantFont TeXBase1Encoding ReEncodeFont " <8r.enc <mc1b8a.pfb 
mc1r8r "TeXBase1Encoding ReEncodeFont " <8r.enc <mc1r8a.pfb
mc1ri8r "TeXBase1Encoding ReEncodeFont " <8r.enc <mc1ri8a.pfb
mc1ro8r " .167 SlantFont TeXBase1Encoding ReEncodeFont " <8r.enc <mc1r8a.pfb 
mc6b8r "TeXBase1Encoding ReEncodeFont " <8r.enc <mc6b8a.pfb
mc6bo8r " .167 SlantFont TeXBase1Encoding ReEncodeFont " <8r.enc <mc6b8a.pfb 
mc6r8r "TeXBase1Encoding ReEncodeFont " <8r.enc <mc6r8a.pfb
mc6ri8r "TeXBase1Encoding ReEncodeFont " <8r.enc <mc6ri8a.pfb
mc6ro8r " .167 SlantFont TeXBase1Encoding ReEncodeFont " <8r.enc <mc6r8a.pfb 
mc7b8r "TeXBase1Encoding ReEncodeFont " <8r.enc <mc7b8a.pfb
mc7bo8r " .167 SlantFont TeXBase1Encoding ReEncodeFont " <8r.enc <mc7b8a.pfb 
mc8b8r "TeXBase1Encoding ReEncodeFont " <8r.enc <mc8b8a.pfb
mc8bo8r " .167 SlantFont TeXBase1Encoding ReEncodeFont " <8r.enc <mc8b8a.pfb 
mc8l8r "TeXBase1Encoding ReEncodeFont " <8r.enc <mc8l8a.pfb
mc8lo8r " .167 SlantFont TeXBase1Encoding ReEncodeFont " <8r.enc <mc8l8a.pfb 
mc8m8r "TeXBase1Encoding ReEncodeFont " <8r.enc <mc8m8a.pfb
mc8mo8r " .167 SlantFont TeXBase1Encoding ReEncodeFont " <8r.enc <mc8m8a.pfb 
mcdr8r "TeXBase1Encoding ReEncodeFont " <8r.enc <mcdr8a.pfb
mcdro8r " .167 SlantFont TeXBase1Encoding ReEncodeFont " <8r.enc <mcdr8a.pfb 
mcfb8r "TeXBase1Encoding ReEncodeFont " <8r.enc <mcfb8a.pfb
mcfbo8r " .167 SlantFont TeXBase1Encoding ReEncodeFont " <8r.enc <mcfb8a.pfb 
mcrb8r "TeXBase1Encoding ReEncodeFont " <8r.enc <mcrb8a.pfb
mcrbi8r "TeXBase1Encoding ReEncodeFont " <8r.enc <mcrbi8a.pfb
mcrbo8r " .167 SlantFont TeXBase1Encoding ReEncodeFont " <8r.enc <mcrb8a.pfb 
mcrr8r "TeXBase1Encoding ReEncodeFont " <8r.enc <mcrr8a.pfb
mcrri8r "TeXBase1Encoding ReEncodeFont " <8r.enc <mcrri8a.pfb
mcrro8r " .167 SlantFont TeXBase1Encoding ReEncodeFont " <8r.enc <mcrr8a.pfb 
mcsb8r "TeXBase1Encoding ReEncodeFont " <8r.enc <mcsb8a.pfb
mcsbi8r "TeXBase1Encoding ReEncodeFont " <8r.enc <mcsbi8a.pfb
mcsbo8r " .167 SlantFont TeXBase1Encoding ReEncodeFont " <8r.enc <mcsb8a.pfb 
mcsr8r "TeXBase1Encoding ReEncodeFont " <8r.enc <mcsr8a.pfb
mcsri8r "TeXBase1Encoding ReEncodeFont " <8r.enc <mcsri8a.pfb
mcsro8r " .167 SlantFont TeXBase1Encoding ReEncodeFont " <8r.enc <mcsr8a.pfb 
mcub8r "TeXBase1Encoding ReEncodeFont " <8r.enc <mcub8a.pfb
mcubi8r "TeXBase1Encoding ReEncodeFont " <8r.enc <mcubi8a.pfb
mcubo8r " .167 SlantFont TeXBase1Encoding ReEncodeFont " <8r.enc <mcub8a.pfb 
mcur8r "TeXBase1Encoding ReEncodeFont " <8r.enc <mcur8a.pfb
mcuri8r "TeXBase1Encoding ReEncodeFont " <8r.enc <mcuri8a.pfb
mcuro8r " .167 SlantFont TeXBase1Encoding ReEncodeFont " <8r.enc <mcur8a.pfb 
mdsr8r "TeXBase1Encoding ReEncodeFont " <8r.enc <mdsr8a.pfb
mdsro8r " .167 SlantFont TeXBase1Encoding ReEncodeFont " <8r.enc <mdsr8a.pfb 
meer8r "TeXBase1Encoding ReEncodeFont " <8r.enc <meer8a.pfb
meero8r " .167 SlantFont TeXBase1Encoding ReEncodeFont " <8r.enc <meer8a.pfb 
melb8r "TeXBase1Encoding ReEncodeFont " <8r.enc <melb8a.pfb
melbi8r "TeXBase1Encoding ReEncodeFont " <8r.enc <melbi8a.pfb
melbo8r " .167 SlantFont TeXBase1Encoding ReEncodeFont " <8r.enc <melb8a.pfb 
mell8r "TeXBase1Encoding ReEncodeFont " <8r.enc <mell8a.pfb
melli8r "TeXBase1Encoding ReEncodeFont " <8r.enc <melli8a.pfb
mello8r " .167 SlantFont TeXBase1Encoding ReEncodeFont " <8r.enc <mell8a.pfb 
melr8r "TeXBase1Encoding ReEncodeFont " <8r.enc <melr8a.pfb
melri8r "TeXBase1Encoding ReEncodeFont " <8r.enc <melri8a.pfb
melro8r " .167 SlantFont TeXBase1Encoding ReEncodeFont " <8r.enc <melr8a.pfb 
melx8r "TeXBase1Encoding ReEncodeFont " <8r.enc <melx8a.pfb
melxi8r "TeXBase1Encoding ReEncodeFont " <8r.enc <melxi8a.pfb
melxo8r " .167 SlantFont TeXBase1Encoding ReEncodeFont " <8r.enc <melx8a.pfb 
metr8r "TeXBase1Encoding ReEncodeFont " <8r.enc <metr8a.pfb
metri8r "TeXBase1Encoding ReEncodeFont " <8r.enc <metri8a.pfb
metro8r " .167 SlantFont TeXBase1Encoding ReEncodeFont " <8r.enc <metr8a.pfb 
mets8r "TeXBase1Encoding ReEncodeFont " <8r.enc <mets8a.pfb
metsi8r "TeXBase1Encoding ReEncodeFont " <8r.enc <metsi8a.pfb
metso8r " .167 SlantFont TeXBase1Encoding ReEncodeFont " <8r.enc <mets8a.pfb 
mfer8r "TeXBase1Encoding ReEncodeFont " <8r.enc <mfer8a.pfb
mfero8r " .167 SlantFont TeXBase1Encoding ReEncodeFont " <8r.enc <mfer8a.pfb 
mfir8r "TeXBase1Encoding ReEncodeFont " <8r.enc <mfir8a.pfb
mfiro8r " .167 SlantFont TeXBase1Encoding ReEncodeFont " <8r.enc <mfir8a.pfb 
mfsr8r "TeXBase1Encoding ReEncodeFont " <8r.enc <mfsr8a.pfb
mfsro8r " .167 SlantFont TeXBase1Encoding ReEncodeFont " <8r.enc <mfsr8a.pfb 
mg4r8r "TeXBase1Encoding ReEncodeFont " <8r.enc <mg4r8a.pfb
mg4ri8r "TeXBase1Encoding ReEncodeFont " <8r.enc <mg4ri8a.pfb
mg4ro8r " .167 SlantFont TeXBase1Encoding ReEncodeFont " <8r.enc <mg4r8a.pfb 
mg5r8r "TeXBase1Encoding ReEncodeFont " <8r.enc <mg5r8a.pfb
mg5ri8r "TeXBase1Encoding ReEncodeFont " <8r.enc <mg5ri8a.pfb
mg5ro8r " .167 SlantFont TeXBase1Encoding ReEncodeFont " <8r.enc <mg5r8a.pfb 
mgmb8r "TeXBase1Encoding ReEncodeFont " <8r.enc <mgmb8a.pfb
mgmbi8r "TeXBase1Encoding ReEncodeFont " <8r.enc <mgmbi8a.pfb
mgmbo8r " .167 SlantFont TeXBase1Encoding ReEncodeFont " <8r.enc <mgmb8a.pfb 
mgmr8r "TeXBase1Encoding ReEncodeFont " <8r.enc <mgmr8a.pfb
mgmri8r "TeXBase1Encoding ReEncodeFont " <8r.enc <mgmri8a.pfb
mgmro8r " .167 SlantFont TeXBase1Encoding ReEncodeFont " <8r.enc <mgmr8a.pfb 
mgor8r "TeXBase1Encoding ReEncodeFont " <8r.enc <mgor8a.pfb
mgori8r "TeXBase1Encoding ReEncodeFont " <8r.enc <mgori8a.pfb
mgoro8r " .167 SlantFont TeXBase1Encoding ReEncodeFont " <8r.enc <mgor8a.pfb 
mgqb8r "TeXBase1Encoding ReEncodeFont " <8r.enc <mgqb8a.pfb
mgqbo8r " .167 SlantFont TeXBase1Encoding ReEncodeFont " <8r.enc <mgqb8a.pfb 
mgqc8r "TeXBase1Encoding ReEncodeFont " <8r.enc <mgqc8a.pfb
mgqco8r " .167 SlantFont TeXBase1Encoding ReEncodeFont " <8r.enc <mgqc8a.pfb 
mgql8r "TeXBase1Encoding ReEncodeFont " <8r.enc <mgql8a.pfb
mgqli8r "TeXBase1Encoding ReEncodeFont " <8r.enc <mgqli8a.pfb
mgqlo8r " .167 SlantFont TeXBase1Encoding ReEncodeFont " <8r.enc <mgql8a.pfb 
mgqr8r "TeXBase1Encoding ReEncodeFont " <8r.enc <mgqr8a.pfb
mgqri8r "TeXBase1Encoding ReEncodeFont " <8r.enc <mgqri8a.pfb
mgqro8r " .167 SlantFont TeXBase1Encoding ReEncodeFont " <8r.enc <mgqr8a.pfb 
mgrb8r "TeXBase1Encoding ReEncodeFont " <8r.enc <mgrb8a.pfb
mgrbo8r " .167 SlantFont TeXBase1Encoding ReEncodeFont " <8r.enc <mgrb8a.pfb 
mgrr8r "TeXBase1Encoding ReEncodeFont " <8r.enc <mgrr8a.pfb
mgrro8r " .167 SlantFont TeXBase1Encoding ReEncodeFont " <8r.enc <mgrr8a.pfb 
mgsb8r "TeXBase1Encoding ReEncodeFont " <8r.enc <mgsb8a.pfb
mgsbi8r "TeXBase1Encoding ReEncodeFont " <8r.enc <mgsbi8a.pfb
mgsbo8r " .167 SlantFont TeXBase1Encoding ReEncodeFont " <8r.enc <mgsb8a.pfb 
mgsl8r "TeXBase1Encoding ReEncodeFont " <8r.enc <mgsl8a.pfb
mgsli8r "TeXBase1Encoding ReEncodeFont " <8r.enc <mgsli8a.pfb
mgslo8r " .167 SlantFont TeXBase1Encoding ReEncodeFont " <8r.enc <mgsl8a.pfb 
mgsr8r "TeXBase1Encoding ReEncodeFont " <8r.enc <mgsr8a.pfb
mgsri8r "TeXBase1Encoding ReEncodeFont " <8r.enc <mgsri8a.pfb
mgsro8r " .167 SlantFont TeXBase1Encoding ReEncodeFont " <8r.enc <mgsr8a.pfb 
mgsu8r "TeXBase1Encoding ReEncodeFont " <8r.enc <mgsu8a.pfb
mgsuo8r " .167 SlantFont TeXBase1Encoding ReEncodeFont " <8r.enc <mgsu8a.pfb 
mgsx8r "TeXBase1Encoding ReEncodeFont " <8r.enc <mgsx8a.pfb
mgsxo8r " .167 SlantFont TeXBase1Encoding ReEncodeFont " <8r.enc <mgsx8a.pfb 
mgtr8r "TeXBase1Encoding ReEncodeFont " <8r.enc <mgtr8a.pfb
mgtro8r " .167 SlantFont TeXBase1Encoding ReEncodeFont " <8r.enc <mgtr8a.pfb 
mgyb8r "TeXBase1Encoding ReEncodeFont " <8r.enc <mgyb8a.pfb
mgybo8r " .167 SlantFont TeXBase1Encoding ReEncodeFont " <8r.enc <mgyb8a.pfb 
mgyx8r "TeXBase1Encoding ReEncodeFont " <8r.enc <mgyx8a.pfb
mgyxo8r " .167 SlantFont TeXBase1Encoding ReEncodeFont " <8r.enc <mgyx8a.pfb 
mhdr8r "TeXBase1Encoding ReEncodeFont " <8r.enc <mhdr8a.pfb
mhdro8r " .167 SlantFont TeXBase1Encoding ReEncodeFont " <8r.enc <mhdr8a.pfb 
mhob8r "TeXBase1Encoding ReEncodeFont " <8r.enc <mhob8a.pfb
mhobi8r "TeXBase1Encoding ReEncodeFont " <8r.enc <mhobi8a.pfb
mhobo8r " .167 SlantFont TeXBase1Encoding ReEncodeFont " <8r.enc <mhob8a.pfb 
mhol8r "TeXBase1Encoding ReEncodeFont " <8r.enc <mhol8a.pfb
mholi8r "TeXBase1Encoding ReEncodeFont " <8r.enc <mholi8a.pfb
mholo8r " .167 SlantFont TeXBase1Encoding ReEncodeFont " <8r.enc <mhol8a.pfb 
mhor8r "TeXBase1Encoding ReEncodeFont " <8r.enc <mhor8a.pfb
mhori8r "TeXBase1Encoding ReEncodeFont " <8r.enc <mhori8a.pfb
mhoro8r " .167 SlantFont TeXBase1Encoding ReEncodeFont " <8r.enc <mhor8a.pfb 
mhos8r "TeXBase1Encoding ReEncodeFont " <8r.enc <mhos8a.pfb
mhosi8r "TeXBase1Encoding ReEncodeFont " <8r.enc <mhosi8a.pfb
mhoso8r " .167 SlantFont TeXBase1Encoding ReEncodeFont " <8r.enc <mhos8a.pfb 
mifb8r "TeXBase1Encoding ReEncodeFont " <8r.enc <mifb8a.pfb
mifbo8r " .167 SlantFont TeXBase1Encoding ReEncodeFont " <8r.enc <mifb8a.pfb 
miib8r "TeXBase1Encoding ReEncodeFont " <8r.enc <miib8a.pfb
miibi8r "TeXBase1Encoding ReEncodeFont " <8r.enc <miibi8a.pfb
miibo8r " .167 SlantFont TeXBase1Encoding ReEncodeFont " <8r.enc <miib8a.pfb 
miir8r "TeXBase1Encoding ReEncodeFont " <8r.enc <miir8a.pfb
miiri8r "TeXBase1Encoding ReEncodeFont " <8r.enc <miiri8a.pfb
miiro8r " .167 SlantFont TeXBase1Encoding ReEncodeFont " <8r.enc <miir8a.pfb 
miob8r "TeXBase1Encoding ReEncodeFont " <8r.enc <miob8a.pfb
miobo8r " .167 SlantFont TeXBase1Encoding ReEncodeFont " <8r.enc <miob8a.pfb 
mior8r "TeXBase1Encoding ReEncodeFont " <8r.enc <mior8a.pfb
miori8r "TeXBase1Encoding ReEncodeFont " <8r.enc <miori8a.pfb
mioro8r " .167 SlantFont TeXBase1Encoding ReEncodeFont " <8r.enc <mior8a.pfb 
misb8r "TeXBase1Encoding ReEncodeFont " <8r.enc <misb8a.pfb
misbi8r "TeXBase1Encoding ReEncodeFont " <8r.enc <misbi8a.pfb
misbo8r " .167 SlantFont TeXBase1Encoding ReEncodeFont " <8r.enc <misb8a.pfb 
misr8r "TeXBase1Encoding ReEncodeFont " <8r.enc <misr8a.pfb
misri8r "TeXBase1Encoding ReEncodeFont " <8r.enc <misri8a.pfb
misro8r " .167 SlantFont TeXBase1Encoding ReEncodeFont " <8r.enc <misr8a.pfb 
mjnb8r "TeXBase1Encoding ReEncodeFont " <8r.enc <mjnb8a.pfb
mjnbi8r "TeXBase1Encoding ReEncodeFont " <8r.enc <mjnbi8a.pfb
mjnbo8r " .167 SlantFont TeXBase1Encoding ReEncodeFont " <8r.enc <mjnb8a.pfb 
mjnr8r "TeXBase1Encoding ReEncodeFont " <8r.enc <mjnr8a.pfb
mjnri8r "TeXBase1Encoding ReEncodeFont " <8r.enc <mjnri8a.pfb
mjnro8r " .167 SlantFont TeXBase1Encoding ReEncodeFont " <8r.enc <mjnr8a.pfb 
mjob8r "TeXBase1Encoding ReEncodeFont " <8r.enc <mjob8a.pfb
mjobi8r "TeXBase1Encoding ReEncodeFont " <8r.enc <mjobi8a.pfb
mjobo8r " .167 SlantFont TeXBase1Encoding ReEncodeFont " <8r.enc <mjob8a.pfb 
mjor8r "TeXBase1Encoding ReEncodeFont " <8r.enc <mjor8a.pfb
mjori8r "TeXBase1Encoding ReEncodeFont " <8r.enc <mjori8a.pfb
mjoro8r " .167 SlantFont TeXBase1Encoding ReEncodeFont " <8r.enc <mjor8a.pfb 
mjos8r "TeXBase1Encoding ReEncodeFont " <8r.enc <mjos8a.pfb
mjosi8r "TeXBase1Encoding ReEncodeFont " <8r.enc <mjosi8a.pfb
mjoso8r " .167 SlantFont TeXBase1Encoding ReEncodeFont " <8r.enc <mjos8a.pfb 
mjox8r "TeXBase1Encoding ReEncodeFont " <8r.enc <mjox8a.pfb
mjoxo8r " .167 SlantFont TeXBase1Encoding ReEncodeFont " <8r.enc <mjox8a.pfb 
mklr8r "TeXBase1Encoding ReEncodeFont " <8r.enc <mklr8a.pfb
mklro8r " .167 SlantFont TeXBase1Encoding ReEncodeFont " <8r.enc <mklr8a.pfb 
mm1r8r "TeXBase1Encoding ReEncodeFont " <8r.enc <mm1r8a.pfb
mm1ro8r " .167 SlantFont TeXBase1Encoding ReEncodeFont " <8r.enc <mm1r8a.pfb 
mmeb8r "TeXBase1Encoding ReEncodeFont " <8r.enc <mmeb8a.pfb
mmebo8r " .167 SlantFont TeXBase1Encoding ReEncodeFont " <8r.enc <mmeb8a.pfb 
mmob8r "TeXBase1Encoding ReEncodeFont " <8r.enc <mmob8a.pfb
mmobi8r "TeXBase1Encoding ReEncodeFont " <8r.enc <mmobi8a.pfb
mmobo8r " .167 SlantFont TeXBase1Encoding ReEncodeFont " <8r.enc <mmob8a.pfb 
mmor8r "TeXBase1Encoding ReEncodeFont " <8r.enc <mmor8a.pfb
mmori8r "TeXBase1Encoding ReEncodeFont " <8r.enc <mmori8a.pfb
mmoro8r " .167 SlantFont TeXBase1Encoding ReEncodeFont " <8r.enc <mmor8a.pfb 
mncb8r "TeXBase1Encoding ReEncodeFont " <8r.enc <mncb8a.pfb
mncbi8r "TeXBase1Encoding ReEncodeFont " <8r.enc <mncbi8a.pfb
mncbo8r " .167 SlantFont TeXBase1Encoding ReEncodeFont " <8r.enc <mncb8a.pfb 
mncr8r "TeXBase1Encoding ReEncodeFont " <8r.enc <mncr8a.pfb
mncri8r "TeXBase1Encoding ReEncodeFont " <8r.enc <mncri8a.pfb
mncro8r " .167 SlantFont TeXBase1Encoding ReEncodeFont " <8r.enc <mncr8a.pfb 
mngb8r "TeXBase1Encoding ReEncodeFont " <8r.enc <mngb8a.pfb
mngbo8r " .167 SlantFont TeXBase1Encoding ReEncodeFont " <8r.enc <mngb8a.pfb 
mngr8r "TeXBase1Encoding ReEncodeFont " <8r.enc <mngr8a.pfb
mngri8r "TeXBase1Encoding ReEncodeFont " <8r.enc <mngri8a.pfb
mngro8r " .167 SlantFont TeXBase1Encoding ReEncodeFont " <8r.enc <mngr8a.pfb 
mnib8r "TeXBase1Encoding ReEncodeFont " <8r.enc <mnib8a.pfb
mnibi8r "TeXBase1Encoding ReEncodeFont " <8r.enc <mnibi8a.pfb
mnibo8r " .167 SlantFont TeXBase1Encoding ReEncodeFont " <8r.enc <mnib8a.pfb 
mnir8r "TeXBase1Encoding ReEncodeFont " <8r.enc <mnir8a.pfb
mniri8r "TeXBase1Encoding ReEncodeFont " <8r.enc <mniri8a.pfb
mniro8r " .167 SlantFont TeXBase1Encoding ReEncodeFont " <8r.enc <mnir8a.pfb 
mnnb8r "TeXBase1Encoding ReEncodeFont " <8r.enc <mnnb8a.pfb
mnnbo8r " .167 SlantFont TeXBase1Encoding ReEncodeFont " <8r.enc <mnnb8a.pfb 
mnnr8r "TeXBase1Encoding ReEncodeFont " <8r.enc <mnnr8a.pfb
mnnro8r " .167 SlantFont TeXBase1Encoding ReEncodeFont " <8r.enc <mnnr8a.pfb 
mnpb8r "TeXBase1Encoding ReEncodeFont " <8r.enc <mnpb8a.pfb
mnpbi8r "TeXBase1Encoding ReEncodeFont " <8r.enc <mnpbi8a.pfb
mnpbo8r " .167 SlantFont TeXBase1Encoding ReEncodeFont " <8r.enc <mnpb8a.pfb 
mnpr8r "TeXBase1Encoding ReEncodeFont " <8r.enc <mnpr8a.pfb
mnpri8r "TeXBase1Encoding ReEncodeFont " <8r.enc <mnpri8a.pfb
mnpro8r " .167 SlantFont TeXBase1Encoding ReEncodeFont " <8r.enc <mnpr8a.pfb 
mnrr8r "TeXBase1Encoding ReEncodeFont " <8r.enc <mnrr8a.pfb
mnrro8r " .167 SlantFont TeXBase1Encoding ReEncodeFont " <8r.enc <mnrr8a.pfb 
mnsb8r "TeXBase1Encoding ReEncodeFont " <8r.enc <mnsb8a.pfb
mnsbi8r "TeXBase1Encoding ReEncodeFont " <8r.enc <mnsbi8a.pfb
mnsbo8r " .167 SlantFont TeXBase1Encoding ReEncodeFont " <8r.enc <mnsb8a.pfb 
mnsr8r "TeXBase1Encoding ReEncodeFont " <8r.enc <mnsr8a.pfb
mnsri8r "TeXBase1Encoding ReEncodeFont " <8r.enc <mnsri8a.pfb
mnsro8r " .167 SlantFont TeXBase1Encoding ReEncodeFont " <8r.enc <mnsr8a.pfb 
mntb8r "TeXBase1Encoding ReEncodeFont " <8r.enc <mntb8a.pfb
mntbi8r "TeXBase1Encoding ReEncodeFont " <8r.enc <mntbi8a.pfb
mntbo8r " .167 SlantFont TeXBase1Encoding ReEncodeFont " <8r.enc <mntb8a.pfb 
mntboz <mntboz.pfb
mntbz <mntbz.pfb
mntm8r "TeXBase1Encoding ReEncodeFont " <8r.enc <mntm8a.pfb
mntmi8r "TeXBase1Encoding ReEncodeFont " <8r.enc <mntmi8a.pfb
mntmo8r " .167 SlantFont TeXBase1Encoding ReEncodeFont " <8r.enc <mntm8a.pfb 
mntr8r "TeXBase1Encoding ReEncodeFont " <8r.enc <mntr8a.pfb
mntri8r "TeXBase1Encoding ReEncodeFont " <8r.enc <mntri8a.pfb
mntro8r " .167 SlantFont TeXBase1Encoding ReEncodeFont " <8r.enc <mntr8a.pfb 
mntroz <mntroz.pfb
mntrz <mntrz.pfb
mnts8r "TeXBase1Encoding ReEncodeFont " <8r.enc <mnts8a.pfb
mntsi8r "TeXBase1Encoding ReEncodeFont " <8r.enc <mntsi8a.pfb
mntso8r " .167 SlantFont TeXBase1Encoding ReEncodeFont " <8r.enc <mnts8a.pfb 
mntx8r "TeXBase1Encoding ReEncodeFont " <8r.enc <mntx8a.pfb
mntxo8r " .167 SlantFont TeXBase1Encoding ReEncodeFont " <8r.enc <mntx8a.pfb 
moer8r "TeXBase1Encoding ReEncodeFont " <8r.enc <moer8a.pfb
moero8r " .167 SlantFont TeXBase1Encoding ReEncodeFont " <8r.enc <moer8a.pfb 
mosb8r "TeXBase1Encoding ReEncodeFont " <8r.enc <mosb8a.pfb
mosbi8r "TeXBase1Encoding ReEncodeFont " <8r.enc <mosbi8a.pfb
mosbo8r " .167 SlantFont TeXBase1Encoding ReEncodeFont " <8r.enc <mosb8a.pfb 
mosr8r "TeXBase1Encoding ReEncodeFont " <8r.enc <mosr8a.pfb
mosri8r "TeXBase1Encoding ReEncodeFont " <8r.enc <mosri8a.pfb
mosro8r " .167 SlantFont TeXBase1Encoding ReEncodeFont " <8r.enc <mosr8a.pfb 
motb8r "TeXBase1Encoding ReEncodeFont " <8r.enc <motb8a.pfb
motbo8r " .167 SlantFont TeXBase1Encoding ReEncodeFont " <8r.enc <motb8a.pfb 
movr8r "TeXBase1Encoding ReEncodeFont " <8r.enc <movr8a.pfb
movri8r "TeXBase1Encoding ReEncodeFont " <8r.enc <movri8a.pfb
movro8r " .167 SlantFont TeXBase1Encoding ReEncodeFont " <8r.enc <movr8a.pfb 
moxr8r "TeXBase1Encoding ReEncodeFont " <8r.enc <moxr8a.pfb
moxro8r " .167 SlantFont TeXBase1Encoding ReEncodeFont " <8r.enc <moxr8a.pfb 
mp1r8r "TeXBase1Encoding ReEncodeFont " <8r.enc <mp1r8a.pfb
mp1ro8r " .167 SlantFont TeXBase1Encoding ReEncodeFont " <8r.enc <mp1r8a.pfb 
mp2r8r "TeXBase1Encoding ReEncodeFont " <8r.enc <mp2r8a.pfb
mp2ro8r " .167 SlantFont TeXBase1Encoding ReEncodeFont " <8r.enc <mp2r8a.pfb 
mphb8r "TeXBase1Encoding ReEncodeFont " <8r.enc <mphb8a.pfb
mphbi8r "TeXBase1Encoding ReEncodeFont " <8r.enc <mphbi8a.pfb
mphbo8r " .167 SlantFont TeXBase1Encoding ReEncodeFont " <8r.enc <mphb8a.pfb 
mphr8r "TeXBase1Encoding ReEncodeFont " <8r.enc <mphr8a.pfb
mphri8r "TeXBase1Encoding ReEncodeFont " <8r.enc <mphri8a.pfb
mphro8r " .167 SlantFont TeXBase1Encoding ReEncodeFont " <8r.enc <mphr8a.pfb 
mphs8r "TeXBase1Encoding ReEncodeFont " <8r.enc <mphs8a.pfb
mphsi8r "TeXBase1Encoding ReEncodeFont " <8r.enc <mphsi8a.pfb
mphso8r " .167 SlantFont TeXBase1Encoding ReEncodeFont " <8r.enc <mphs8a.pfb 
mphu8r "TeXBase1Encoding ReEncodeFont " <8r.enc <mphu8a.pfb
mphui8r "TeXBase1Encoding ReEncodeFont " <8r.enc <mphui8a.pfb
mphuo8r " .167 SlantFont TeXBase1Encoding ReEncodeFont " <8r.enc <mphu8a.pfb 
mppb8r "TeXBase1Encoding ReEncodeFont " <8r.enc <mppb8a.pfb
mppbi8r "TeXBase1Encoding ReEncodeFont " <8r.enc <mppbi8a.pfb
mppbo8r " .167 SlantFont TeXBase1Encoding ReEncodeFont " <8r.enc <mppb8a.pfb 
mppr8r "TeXBase1Encoding ReEncodeFont " <8r.enc <mppr8a.pfb
mppri8r "TeXBase1Encoding ReEncodeFont " <8r.enc <mppri8a.pfb
mppro8r " .167 SlantFont TeXBase1Encoding ReEncodeFont " <8r.enc <mppr8a.pfb 
mpzr8r "TeXBase1Encoding ReEncodeFont " <8r.enc <mpzr8a.pfb
mpzro8r " .167 SlantFont TeXBase1Encoding ReEncodeFont " <8r.enc <mpzr8a.pfb 
ms1r8r "TeXBase1Encoding ReEncodeFont " <8r.enc <ms1r8a.pfb
ms1ri8r "TeXBase1Encoding ReEncodeFont " <8r.enc <ms1ri8a.pfb
ms1ro8r " .167 SlantFont TeXBase1Encoding ReEncodeFont " <8r.enc <ms1r8a.pfb 
ms2b8r "TeXBase1Encoding ReEncodeFont " <8r.enc <ms2b8a.pfb
ms2bo8r " .167 SlantFont TeXBase1Encoding ReEncodeFont " <8r.enc <ms2b8a.pfb 
msam10 <msam10.pfb
msam5 <msam5.pfb
msam6 <msam6.pfb
msam7 <msam7.pfb
msam8 <msam8.pfb
msam9 <msam9.pfb
msbm10 <msbm10.pfb
msbm5 <msbm5.pfb
msbm6 <msbm6.pfb
msbm7 <msbm7.pfb
msbm8 <msbm8.pfb
msbm9 <msbm9.pfb
msbr8r "TeXBase1Encoding ReEncodeFont " <8r.enc <msbr8a.pfb
msbri8r "TeXBase1Encoding ReEncodeFont " <8r.enc <msbri8a.pfb
msbro8r " .167 SlantFont TeXBase1Encoding ReEncodeFont " <8r.enc <msbr8a.pfb 
msbs8r "TeXBase1Encoding ReEncodeFont " <8r.enc <msbs8a.pfb
msbso8r " .167 SlantFont TeXBase1Encoding ReEncodeFont " <8r.enc <msbs8a.pfb 
msmr8r "TeXBase1Encoding ReEncodeFont " <8r.enc <msmr8a.pfb
msmrc8r "TeXBase1Encoding ReEncodeFont " <8r.enc <msmrc8a.pfb
msmri8r "TeXBase1Encoding ReEncodeFont " <8r.enc <msmri8a.pfb
msmro8r " .167 SlantFont TeXBase1Encoding ReEncodeFont " <8r.enc <msmr8a.pfb 
msms8r "TeXBase1Encoding ReEncodeFont " <8r.enc <msms8a.pfb
msmso8r " .167 SlantFont TeXBase1Encoding ReEncodeFont " <8r.enc <msms8a.pfb 
mswb8r "TeXBase1Encoding ReEncodeFont " <8r.enc <mswb8a.pfb
mswbo8r " .167 SlantFont TeXBase1Encoding ReEncodeFont " <8r.enc <mswb8a.pfb 
msyr <msyr.pfb
mtwb8r "TeXBase1Encoding ReEncodeFont " <8r.enc <mtwb8a.pfb
mtwbi8r "TeXBase1Encoding ReEncodeFont " <8r.enc <mtwbi8a.pfb
mtwbo8r " .167 SlantFont TeXBase1Encoding ReEncodeFont " <8r.enc <mtwb8a.pfb 
mtwl8r "TeXBase1Encoding ReEncodeFont " <8r.enc <mtwl8a.pfb
mtwli8r "TeXBase1Encoding ReEncodeFont " <8r.enc <mtwli8a.pfb
mtwlo8r " .167 SlantFont TeXBase1Encoding ReEncodeFont " <8r.enc <mtwl8a.pfb 
mtwm8r "TeXBase1Encoding ReEncodeFont " <8r.enc <mtwm8a.pfb
mtwmi8r "TeXBase1Encoding ReEncodeFont " <8r.enc <mtwmi8a.pfb
mtwmo8r " .167 SlantFont TeXBase1Encoding ReEncodeFont " <8r.enc <mtwm8a.pfb 
mtws8r "TeXBase1Encoding ReEncodeFont " <8r.enc <mtws8a.pfb
mtwso8r " .167 SlantFont TeXBase1Encoding ReEncodeFont " <8r.enc <mtws8a.pfb 
mtwu8r "TeXBase1Encoding ReEncodeFont " <8r.enc <mtwu8a.pfb
mtwui8r "TeXBase1Encoding ReEncodeFont " <8r.enc <mtwui8a.pfb
mtwuo8r " .167 SlantFont TeXBase1Encoding ReEncodeFont " <8r.enc <mtwu8a.pfb 
mtwx8r "TeXBase1Encoding ReEncodeFont " <8r.enc <mtwx8a.pfb
mtwxi8r "TeXBase1Encoding ReEncodeFont " <8r.enc <mtwxi8a.pfb
mtwxo8r " .167 SlantFont TeXBase1Encoding ReEncodeFont " <8r.enc <mtwx8a.pfb 
mtyr8r "TeXBase1Encoding ReEncodeFont " <8r.enc <mtyr8a.pfb
mtyro8r " .167 SlantFont TeXBase1Encoding ReEncodeFont " <8r.enc <mtyr8a.pfb 
murb8r "TeXBase1Encoding ReEncodeFont " <8r.enc <murb8a.pfb
murbi8r "TeXBase1Encoding ReEncodeFont " <8r.enc <murbi8a.pfb
murbo8r " .167 SlantFont TeXBase1Encoding ReEncodeFont " <8r.enc <murb8a.pfb 
murr8r "TeXBase1Encoding ReEncodeFont " <8r.enc <murr8a.pfb
murri8r "TeXBase1Encoding ReEncodeFont " <8r.enc <murri8a.pfb
murro8r " .167 SlantFont TeXBase1Encoding ReEncodeFont " <8r.enc <murr8a.pfb 
mvdr8r "TeXBase1Encoding ReEncodeFont " <8r.enc <mvdr8a.pfb
mvdro8r " .167 SlantFont TeXBase1Encoding ReEncodeFont " <8r.enc <mvdr8a.pfb 
mwbm8r "TeXBase1Encoding ReEncodeFont " <8r.enc <mwbm8a.pfb
mwbmi8r "TeXBase1Encoding ReEncodeFont " <8r.enc <mwbmi8a.pfb
mwbmo8r " .167 SlantFont TeXBase1Encoding ReEncodeFont " <8r.enc <mwbm8a.pfb 
mwbr8r "TeXBase1Encoding ReEncodeFont " <8r.enc <mwbr8a.pfb
mwbri8r "TeXBase1Encoding ReEncodeFont " <8r.enc <mwbri8a.pfb
mwbro8r " .167 SlantFont TeXBase1Encoding ReEncodeFont " <8r.enc <mwbr8a.pfb 
mzab8r "TeXBase1Encoding ReEncodeFont " <8r.enc <mzab8a.pfb
mzabi8r "TeXBase1Encoding ReEncodeFont " <8r.enc <mzabi8a.pfb
mzabo8r " .167 SlantFont TeXBase1Encoding ReEncodeFont " <8r.enc <mzab8a.pfb 
mzar8r "TeXBase1Encoding ReEncodeFont " <8r.enc <mzar8a.pfb
mzari8r "TeXBase1Encoding ReEncodeFont " <8r.enc <mzari8a.pfb
mzaro8r " .167 SlantFont TeXBase1Encoding ReEncodeFont " <8r.enc <mzar8a.pfb 
mzcb8r "TeXBase1Encoding ReEncodeFont " <8r.enc <mzcb8a.pfb
mzcbo8r " .167 SlantFont TeXBase1Encoding ReEncodeFont " <8r.enc <mzcb8a.pfb 
mzcd8r "TeXBase1Encoding ReEncodeFont " <8r.enc <mzcd8a.pfb
mzcdo8r " .167 SlantFont TeXBase1Encoding ReEncodeFont " <8r.enc <mzcd8a.pfb 
mzcmi8r "TeXBase1Encoding ReEncodeFont " <8r.enc <mzcmi8a.pfb
mzdr <mzdr.pfb
mztb8r "TeXBase1Encoding ReEncodeFont " <8r.enc <mztb8a.pfb
mztbo8r " .167 SlantFont TeXBase1Encoding ReEncodeFont " <8r.enc <mztb8a.pfb 
mztr8r "TeXBase1Encoding ReEncodeFont " <8r.enc <mztr8a.pfb
mztri8r "TeXBase1Encoding ReEncodeFont " <8r.enc <mztri8a.pfb
mztro8r " .167 SlantFont TeXBase1Encoding ReEncodeFont " <8r.enc <mztr8a.pfb 
nntb8r "TeXBase1Encoding ReEncodeFont " <8r.enc <nntb8a.pfb
nntbi8r "TeXBase1Encoding ReEncodeFont " <8r.enc <nntbi8a.pfb
nntbo8r " .167 SlantFont TeXBase1Encoding ReEncodeFont " <8r.enc <nntb8a.pfb 
nntr8r "TeXBase1Encoding ReEncodeFont " <8r.enc <nntr8a.pfb
nntri8r "TeXBase1Encoding ReEncodeFont " <8r.enc <nntri8a.pfb
nntro8r " .167 SlantFont TeXBase1Encoding ReEncodeFont " <8r.enc <nntr8a.pfb 
omsea1   <omsea1.pfb
omsea1b  <omsea1b.pfb
omsea2   <omsea2.pfb
omsea2b  <omsea2b.pfb
omsea3   <omsea3.pfb
omsea3b  <omsea3b.pfb
omseco   <omseco.pfb
omsecob  <omsecob.pfb
omsecobi <omsecobi.pfb
omsecoi  <omsecoi.pfb
omsecx   <omsecx.pfb
omsecy   <omsecy.pfb
omsegr   <omsegr.pfb
omsegrb  <omsegrb.pfb
omsegrbi <omsegrbi.pfb
omsegri  <omsegri.pfb
omseha   <omseha.pfb
omsehe   <omsehe.pfb
omseip   <omseip.pfb
omsela   <omsela.pfb
omselab  <omselab.pfb
omselabi <omselabi.pfb
omselai  <omselai.pfb
omseti   <omseti.pfb
omssti   <omssti.pfb
padb8r "TeXBase1Encoding ReEncodeFont " <8r.enc <padb8a.pfb
padb8x <padb8x.pfb
padbi8r "TeXBase1Encoding ReEncodeFont " <8r.enc <padbi8a.pfb
padbi8x <padbi8x.pfb
padbo8r " .167 SlantFont TeXBase1Encoding ReEncodeFont " <8r.enc <padb8a.pfb 
padbo8x " .167 SlantFont" <padb8x.pfb 
padr8r "TeXBase1Encoding ReEncodeFont " <8r.enc <padr8a.pfb
padr8x <padr8x.pfb
padri8r "TeXBase1Encoding ReEncodeFont " <8r.enc <padri8a.pfb
padri8x <padri8x.pfb
padro8r " .167 SlantFont TeXBase1Encoding ReEncodeFont " <8r.enc <padr8a.pfb 
padro8x " .167 SlantFont" <padr8x.pfb 
pads8r "TeXBase1Encoding ReEncodeFont " <8r.enc <pads8a.pfb
pads8x <pads8x.pfb
padsi8r "TeXBase1Encoding ReEncodeFont " <8r.enc <padsi8a.pfb
padsi8x <padsi8x.pfb
padso8r " .167 SlantFont TeXBase1Encoding ReEncodeFont " <8r.enc <pads8a.pfb 
padso8x " .167 SlantFont" <pads8x.pfb 
pbbb8r "TeXBase1Encoding ReEncodeFont " <8r.enc <pbbb8a.pfb
pbbb8x <pbbb8x.pfb
pbbbi8r "TeXBase1Encoding ReEncodeFont " <8r.enc <pbbbi8a.pfb
pbbbi8x <pbbbi8x.pfb
pbbbo8r " .167 SlantFont TeXBase1Encoding ReEncodeFont " <8r.enc <pbbb8a.pfb 
pbbbo8x " .167 SlantFont" <pbbb8x.pfb 
pbbr8r "TeXBase1Encoding ReEncodeFont " <8r.enc <pbbr8a.pfb
pbbr8x <pbbr8x.pfb
pbbri8r "TeXBase1Encoding ReEncodeFont " <8r.enc <pbbri8a.pfb
pbbri8x <pbbri8x.pfb
pbbro8r " .167 SlantFont TeXBase1Encoding ReEncodeFont " <8r.enc <pbbr8a.pfb 
pbbro8x " .167 SlantFont" <pbbr8x.pfb 
pbvb8r "TeXBase1Encoding ReEncodeFont " <8r.enc <pbvb8a.pfb
pbvbi8r "TeXBase1Encoding ReEncodeFont " <8r.enc <pbvbi8a.pfb
pbvbo8r " .167 SlantFont TeXBase1Encoding ReEncodeFont " <8r.enc <pbvb8a.pfb 
pbvr8r "TeXBase1Encoding ReEncodeFont " <8r.enc <pbvr8a.pfb
pbvri8r "TeXBase1Encoding ReEncodeFont " <8r.enc <pbvri8a.pfb
pbvro8r " .167 SlantFont TeXBase1Encoding ReEncodeFont " <8r.enc <pbvr8a.pfb 
pcrb8r "TeXBase1Encoding ReEncodeFont" <8r.enc
pcrbo8r "TeXBase1Encoding ReEncodeFont" <8r.enc
pcrr8r "TeXBase1Encoding ReEncodeFont" <8r.enc
%pcrr8rn ".85 ExtendFont TeXBase1Encoding ReEncodeFont" <8r.enc
pcrro8r "TeXBase1Encoding ReEncodeFont" <8r.enc
pebb8r "TeXBase1Encoding ReEncodeFont " <8r.enc <pebb8a.pfb
pebbo8r " .167 SlantFont TeXBase1Encoding ReEncodeFont " <8r.enc <pebb8a.pfb 
pebm8r "TeXBase1Encoding ReEncodeFont " <8r.enc <pebm8a.pfb
pebmi8r "TeXBase1Encoding ReEncodeFont " <8r.enc <pebmi8a.pfb
pebmo8r " .167 SlantFont TeXBase1Encoding ReEncodeFont " <8r.enc <pebm8a.pfb 
pebr8r "TeXBase1Encoding ReEncodeFont " <8r.enc <pebr8a.pfb
pebri8r "TeXBase1Encoding ReEncodeFont " <8r.enc <pebri8a.pfb
pebro8r " .167 SlantFont TeXBase1Encoding ReEncodeFont " <8r.enc <pebr8a.pfb 
pgmb8r "TeXBase1Encoding ReEncodeFont " <8r.enc <pgmb8a.pfb
pgmbi8r "TeXBase1Encoding ReEncodeFont " <8r.enc <pgmbi8a.pfb
pgmbo8r " .167 SlantFont TeXBase1Encoding ReEncodeFont " <8r.enc <pgmb8a.pfb 
pgml8r "TeXBase1Encoding ReEncodeFont " <8r.enc <pgml8a.pfb
pgmli8r "TeXBase1Encoding ReEncodeFont " <8r.enc <pgmli8a.pfb
pgmlo8r " .167 SlantFont TeXBase1Encoding ReEncodeFont " <8r.enc <pgml8a.pfb 
pgsb8r "TeXBase1Encoding ReEncodeFont " <8r.enc <pgsb8a.pfb
pgsbi8r "TeXBase1Encoding ReEncodeFont " <8r.enc <pgsbi8a.pfb
pgsbo8r " .167 SlantFont TeXBase1Encoding ReEncodeFont " <8r.enc <pgsb8a.pfb 
pgsl8r "TeXBase1Encoding ReEncodeFont " <8r.enc <pgsl8a.pfb
pgsli8r "TeXBase1Encoding ReEncodeFont " <8r.enc <pgsli8a.pfb
pgslo8r " .167 SlantFont TeXBase1Encoding ReEncodeFont " <8r.enc <pgsl8a.pfb 
pgsr8r "TeXBase1Encoding ReEncodeFont " <8r.enc <pgsr8a.pfb
pgsri8r "TeXBase1Encoding ReEncodeFont " <8r.enc <pgsri8a.pfb
pgsro8r " .167 SlantFont TeXBase1Encoding ReEncodeFont " <8r.enc <pgsr8a.pfb 
pgsu8r "TeXBase1Encoding ReEncodeFont " <8r.enc <pgsu8a.pfb
pgsuo8r " .167 SlantFont TeXBase1Encoding ReEncodeFont " <8r.enc <pgsu8a.pfb 
pgsx8r "TeXBase1Encoding ReEncodeFont " <8r.enc <pgsx8a.pfb
pgsxo8r " .167 SlantFont TeXBase1Encoding ReEncodeFont " <8r.enc <pgsx8a.pfb 
phvb8r "TeXBase1Encoding ReEncodeFont" <8r.enc
phvbo8r "TeXBase1Encoding ReEncodeFont" <8r.enc
phvr8r "TeXBase1Encoding ReEncodeFont" <8r.enc
phvro8r "TeXBase1Encoding ReEncodeFont" <8r.enc
pjnb8r "TeXBase1Encoding ReEncodeFont " <8r.enc <pjnb8a.pfb
pjnbi8r "TeXBase1Encoding ReEncodeFont " <8r.enc <pjnbi8a.pfb
pjnbo8r " .167 SlantFont TeXBase1Encoding ReEncodeFont " <8r.enc <pjnb8a.pfb 
pjnr8r "TeXBase1Encoding ReEncodeFont " <8r.enc <pjnr8a.pfb
pjnri8r "TeXBase1Encoding ReEncodeFont " <8r.enc <pjnri8a.pfb
pjnro8r " .167 SlantFont TeXBase1Encoding ReEncodeFont " <8r.enc <pjnr8a.pfb 

plb10    <plrm.enc <plb10.pfb
plbx10   <plrm.enc <plbx10.pfb
plbx12   <plrm.enc <plbx12.pfb
plbx5    <plrm.enc <plbx5.pfb
plbx6    <plrm.enc <plbx6.pfb
plbx7    <plrm.enc <plbx7.pfb
plbx8    <plrm.enc <plbx8.pfb
plbx9    <plrm.enc <plbx9.pfb
plbxsl10 <plrm.enc <plbxsl10.pfb
pldunh10 <plrm.enc <pldunh10.pfb
plff10   <plrm.enc <plff10.pfb
plfib8   <plrm.enc <plfib8.pfb
plr10    <plrm.enc <plr10.pfb
plr12    <plrm.enc <plr12.pfb
plr17    <plrm.enc <plr17.pfb
plr6     <plrm.enc <plr6.pfb
plr7     <plrm.enc <plr7.pfb
plr8     <plrm.enc <plr8.pfb
plr9     <plrm.enc <plr9.pfb
plsl10   <plrm.enc <plsl10.pfb
plsl12   <plrm.enc <plsl12.pfb
plsl8    <plrm.enc <plsl8.pfb
plsl9    <plrm.enc <plsl9.pfb
plss10   <plrm.enc <plss10.pfb
plss12   <plrm.enc <plss12.pfb
plss17   <plrm.enc <plss17.pfb
plss8    <plrm.enc <plss8.pfb
plss9    <plrm.enc <plss9.pfb
plssbi10 <plrm.enc <plssbi10.pfb
plssbx10 <plrm.enc <plssbx10.pfb
plssdc10 <plrm.enc <plssdc10.pfb
plssi10  <plrm.enc <plssi10.pfb
plssi12  <plrm.enc <plssi12.pfb
plssi17  <plrm.enc <plssi17.pfb
plssi8   <plrm.enc <plssi8.pfb
plssi9   <plrm.enc <plssi9.pfb
plssq8   <plrm.enc <plssq8.pfb
plssqi8  <plrm.enc <plssqi8.pfb
plvtt10  <plrm.enc <plvtt10.pfb
plbsy10  <plms.enc <plbsy10.pfb
plsy10   <plms.enc <plsy10.pfb
plsy5    <plms.enc <plsy5.pfb
plsy6    <plms.enc <plsy6.pfb
plsy7    <plms.enc <plsy7.pfb
plsy8    <plms.enc <plsy8.pfb
plsy9    <plms.enc <plsy9.pfb
plbxti10 <plit.enc <plbxti10.pfb
plfi10   <plit.enc <plfi10.pfb
plti10   <plit.enc <plti10.pfb
plti12   <plit.enc <plti12.pfb
plti7    <plit.enc <plti7.pfb
plti8    <plit.enc <plti8.pfb
plti9    <plit.enc <plti9.pfb
plu10    <plit.enc <plu10.pfb
plcsc10  <plsc.enc <plcsc10.pfb
plr5     <plsc.enc <plr5.pfb
plex10   <plme.enc <plex10.pfb
plex9    <plme.enc <plex9.pfb
plinch   <plin.enc <plinch.pfb
plitt10  <plitt.enc<plitt10.pfb
plmi10   <plmi.enc <plmi10.pfb
plmi12   <plmi.enc <plmi12.pfb
plmi5    <plmi.enc <plmi5.pfb
plmi6    <plmi.enc <plmi6.pfb
plmi7    <plmi.enc <plmi7.pfb
plmi8    <plmi.enc <plmi8.pfb
plmi9    <plmi.enc <plmi9.pfb
plmib10  <plmi.enc <plmib10.pfb
plsltt10 <pltt.enc <plsltt10.pfb
pltcsc10 <pltt.enc <pltcsc10.pfb
pltt10   <pltt.enc <pltt10.pfb
pltt12   <pltt.enc <pltt12.pfb
pltt8    <pltt.enc <pltt8.pfb
pltt9    <pltt.enc <pltt9.pfb
pltex10  <plte.enc <pltex10.pfb
pltex8   <plte.enc <pltex8.pfb
pltex9   <plte.enc <pltex9.pfb

pmnb8r "TeXBase1Encoding ReEncodeFont " <8r.enc <pmnb8a.pfb
pmnbi8r "TeXBase1Encoding ReEncodeFont " <8r.enc <pmnbi8a.pfb
pmnbo8r " .167 SlantFont TeXBase1Encoding ReEncodeFont " <8r.enc <pmnb8a.pfb 
pmnc8r "TeXBase1Encoding ReEncodeFont " <8r.enc <pmnc8a.pfb
pmnco8r " .167 SlantFont TeXBase1Encoding ReEncodeFont " <8r.enc <pmnc8a.pfb 
pmnr8r "TeXBase1Encoding ReEncodeFont " <8r.enc <pmnr8a.pfb
pmnrc8r "TeXBase1Encoding ReEncodeFont " <8r.enc <pmnrc8a.pfb
pmnri8r "TeXBase1Encoding ReEncodeFont " <8r.enc <pmnri8a.pfb
pmnro8r " .167 SlantFont TeXBase1Encoding ReEncodeFont " <8r.enc <pmnr8a.pfb 
pmns8r "TeXBase1Encoding ReEncodeFont " <8r.enc <pmns8a.pfb
pmnsc8r "TeXBase1Encoding ReEncodeFont " <8r.enc <pmnsc8a.pfb
pmnsi8r "TeXBase1Encoding ReEncodeFont " <8r.enc <pmnsi8a.pfb
pmnso8r " .167 SlantFont TeXBase1Encoding ReEncodeFont " <8r.enc <pmns8a.pfb 
pnbb8r "TeXBase1Encoding ReEncodeFont " <8r.enc <pnbb8a.pfb
pnbbi8r "TeXBase1Encoding ReEncodeFont " <8r.enc <pnbbi8a.pfb
pnbbo8r " .167 SlantFont TeXBase1Encoding ReEncodeFont " <8r.enc <pnbb8a.pfb 
pnbr8r "TeXBase1Encoding ReEncodeFont " <8r.enc <pnbr8a.pfb
pnbri8r "TeXBase1Encoding ReEncodeFont " <8r.enc <pnbri8a.pfb
pnbro8r " .167 SlantFont TeXBase1Encoding ReEncodeFont " <8r.enc <pnbr8a.pfb 
popb8r "TeXBase1Encoding ReEncodeFont " <8r.enc <popb8a.pfb
popbo8r "TeXBase1Encoding ReEncodeFont " <8r.enc <popbo8a.pfb
popr8r "TeXBase1Encoding ReEncodeFont " <8r.enc <popr8a.pfb
popro8r "TeXBase1Encoding ReEncodeFont " <8r.enc <popro8a.pfb
psbb8r "TeXBase1Encoding ReEncodeFont " <8r.enc <psbb8a.pfb
psbbi8r "TeXBase1Encoding ReEncodeFont " <8r.enc <psbbi8a.pfb
psbbo8r " .167 SlantFont TeXBase1Encoding ReEncodeFont " <8r.enc <psbb8a.pfb 
psbr8r "TeXBase1Encoding ReEncodeFont " <8r.enc <psbr8a.pfb
psbri8r "TeXBase1Encoding ReEncodeFont " <8r.enc <psbri8a.pfb
psbro8r " .167 SlantFont TeXBase1Encoding ReEncodeFont " <8r.enc <psbr8a.pfb 
pstb8r "TeXBase1Encoding ReEncodeFont " <8r.enc <pstb8a.pfb
pstbi8r "TeXBase1Encoding ReEncodeFont " <8r.enc <pstbi8a.pfb
pstbo8r " .167 SlantFont TeXBase1Encoding ReEncodeFont " <8r.enc <pstb8a.pfb 
pstr8r "TeXBase1Encoding ReEncodeFont " <8r.enc <pstr8a.pfb
pstri8r "TeXBase1Encoding ReEncodeFont " <8r.enc <pstri8a.pfb
pstro8r " .167 SlantFont TeXBase1Encoding ReEncodeFont " <8r.enc <pstr8a.pfb 
psts8r "TeXBase1Encoding ReEncodeFont " <8r.enc <psts8a.pfb
pstsi8r "TeXBase1Encoding ReEncodeFont " <8r.enc <pstsi8a.pfb
pstso8r " .167 SlantFont TeXBase1Encoding ReEncodeFont " <8r.enc <psts8a.pfb 
psyr Symbol
%psyro ".167 SlantFont"
ptmb8r "TeXBase1Encoding ReEncodeFont" <8r.enc
ptmbi8r "TeXBase1Encoding ReEncodeFont" <8r.enc
%ptmbo8r ".167 SlantFont TeXBase1Encoding ReEncodeFont" <8r.enc
ptmr8r "TeXBase1Encoding ReEncodeFont" <8r.enc
ptmri8r "TeXBase1Encoding ReEncodeFont" <8r.enc
%ptmro8r ".167 SlantFont TeXBase1Encoding ReEncodeFont" <8r.enc
punb8r "TeXBase1Encoding ReEncodeFont " <8r.enc <punb8a.pfb
punbo8r "TeXBase1Encoding ReEncodeFont " <8r.enc <punbo8a.pfb
punc8r "TeXBase1Encoding ReEncodeFont " <8r.enc <punc8a.pfb
punco8r "TeXBase1Encoding ReEncodeFont " <8r.enc <punco8a.pfb
punl8r "TeXBase1Encoding ReEncodeFont " <8r.enc <punl8a.pfb
punlo8r "TeXBase1Encoding ReEncodeFont " <8r.enc <punlo8a.pfb
punr8r "TeXBase1Encoding ReEncodeFont " <8r.enc <punr8a.pfb
punro8r "TeXBase1Encoding ReEncodeFont " <8r.enc <punro8a.pfb
purb8r "TeXBase1Encoding ReEncodeFont " <8r.enc <purb8a.pfb
purb8x <purb8x.pfb
purbi8r "TeXBase1Encoding ReEncodeFont " <8r.enc <purbi8a.pfb
purbi8x <purbi8x.pfb
purbo8r " .167 SlantFont TeXBase1Encoding ReEncodeFont " <8r.enc <purb8a.pfb 
purbo8x " .167 SlantFont" <purb8x.pfb 
purr8r "TeXBase1Encoding ReEncodeFont " <8r.enc <purr8a.pfb
purr8x <purr8x.pfb
purrc8r "TeXBase1Encoding ReEncodeFont " <8r.enc <purrc8a.pfb
purri8r "TeXBase1Encoding ReEncodeFont " <8r.enc <purri8a.pfb
purri8x <purri8x.pfb
purro8r " .167 SlantFont TeXBase1Encoding ReEncodeFont " <8r.enc <purr8a.pfb 
purro8x " .167 SlantFont" <purr8x.pfb 
putb8r "TeXBase1Encoding ReEncodeFont " <8r.enc <putb8a.pfb
putbi8r "TeXBase1Encoding ReEncodeFont " <8r.enc <putbi8a.pfb
putbo8r " .167 SlantFont TeXBase1Encoding ReEncodeFont " <8r.enc <putb8a.pfb 
putr8r "TeXBase1Encoding ReEncodeFont " <8r.enc <putr8a.pfb
putri8r "TeXBase1Encoding ReEncodeFont " <8r.enc <putri8a.pfb
putro8r " .167 SlantFont TeXBase1Encoding ReEncodeFont " <8r.enc <putr8a.pfb 
pzdr ZapfDingbats
qplb "enc-qpl ReEncodeFont" <qpl.enc <qplb.pfb
qplbi "enc-qpl ReEncodeFont" <qpl.enc <qplbi.pfb
qplr "enc-qpl ReEncodeFont" <qpl.enc <qplr.pfb
qplri "enc-qpl ReEncodeFont" <qpl.enc <qplri.pfb
qtmb "enc-qtm ReEncodeFont" <qtm.enc <qtmb.pfb
qtmbi "enc-qtm ReEncodeFont" <qtm.enc <qtmbi.pfb
qtmr "enc-qtm ReEncodeFont" <qtm.enc <qtmr.pfb
qtmri "enc-qtm ReEncodeFont" <qtm.enc <qtmri.pfb
rblmi <rblmi.pfb 
rsfs10 <rsfs10.pfb
rsfs5 <rsfs5.pfb
rsfs7 <rsfs7.pfb
stmary10 <stmary10.pfb
stmary5 <stmary5.pfb
stmary6 <stmary6.pfb
stmary7 <stmary7.pfb
stmary8 <stmary8.pfb
stmary9 <stmary9.pfb
uagd8r "TeXBase1Encoding ReEncodeFont" <8r.enc <uagd8a.pfb
uagdo8r "TeXBase1Encoding ReEncodeFont" <8r.enc <uagdo8a.pfb
uagk8r "TeXBase1Encoding ReEncodeFont" <8r.enc <uagk8a.pfb
uagko8r "TeXBase1Encoding ReEncodeFont" <8r.enc <uagko8a.pfb
ubkd8r "TeXBase1Encoding ReEncodeFont" <8r.enc <ubkd8a.pfb
ubkdi8r "TeXBase1Encoding ReEncodeFont" <8r.enc <ubkdi8a.pfb
ubkdo8r " .167 SlantFont TeXBase1Encoding ReEncodeFont " <8r.enc <ubkd8a.pfb
ubkl8r "TeXBase1Encoding ReEncodeFont" <8r.enc <ubkl8a.pfb
ubkli8r "TeXBase1Encoding ReEncodeFont" <8r.enc <ubkli8a.pfb
ubklo8r " .167 SlantFont TeXBase1Encoding ReEncodeFont " <8r.enc <ubkl8a.pfb
ucrb8r "TeXBase1Encoding ReEncodeFont" <8r.enc <ucrb8a.pfb
ucrbo8r "TeXBase1Encoding ReEncodeFont" <8r.enc <ucrbo8a.pfb
ucrr8r "TeXBase1Encoding ReEncodeFont" <8r.enc <ucrr8a.pfb
ucrro8r "TeXBase1Encoding ReEncodeFont" <8r.enc <ucrro8a.pfb
uhvb8r "TeXBase1Encoding ReEncodeFont" <8r.enc <uhvb8a.pfb
uhvbo8r "TeXBase1Encoding ReEncodeFont" <8r.enc <uhvbo8a.pfb
uhvr8r "TeXBase1Encoding ReEncodeFont" <8r.enc <uhvr8a.pfb
uhvro8r "TeXBase1Encoding ReEncodeFont" <8r.enc <uhvro8a.pfb
uncb8r "TeXBase1Encoding ReEncodeFont" <8r.enc <uncb8a.pfb
uncbi8r "TeXBase1Encoding ReEncodeFont" <8r.enc <uncbi8a.pfb
uncbo8r " .167 SlantFont TeXBase1Encoding ReEncodeFont " <8r.enc <uncb8a.pfb
uncr8r "TeXBase1Encoding ReEncodeFont" <8r.enc <uncr8a.pfb
uncri8r "TeXBase1Encoding ReEncodeFont" <8r.enc <uncri8a.pfb
uncro8r " .167 SlantFont TeXBase1Encoding ReEncodeFont " <8r.enc <uncr8a.pfb
uplb8r "TeXBase1Encoding ReEncodeFont" <8r.enc <uplb8a.pfb
uplbi8r "TeXBase1Encoding ReEncodeFont" <8r.enc <uplbi8a.pfb
uplbo8r " .167 SlantFont TeXBase1Encoding ReEncodeFont " <8r.enc <uplb8a.pfb
uplr8r "TeXBase1Encoding ReEncodeFont" <8r.enc <uplr8a.pfb
uplri8r "TeXBase1Encoding ReEncodeFont" <8r.enc <uplri8a.pfb
uplro8r " .167 SlantFont TeXBase1Encoding ReEncodeFont " <8r.enc <uplr8a.pfb
usyr <usyr.pfb
utmb8r "TeXBase1Encoding ReEncodeFont" <8r.enc <utmb8a.pfb
utmbi8r "TeXBase1Encoding ReEncodeFont" <8r.enc <utmbi8a.pfb
utmbo8r " .167 SlantFont TeXBase1Encoding ReEncodeFont " <8r.enc <utmb8a.pfb
utmr8r "TeXBase1Encoding ReEncodeFont" <8r.enc <utmr8a.pfb
utmri8r "TeXBase1Encoding ReEncodeFont" <8r.enc <utmri8a.pfb
utmro8r " .167 SlantFont TeXBase1Encoding ReEncodeFont " <8r.enc <utmr8a.pfb
uzcmi8r "TeXBase1Encoding ReEncodeFont" <8r.enc <uzcmi8a.pfb
uzdr <uzdr.pfb
wasy10 <wasy10.pfb
wasy5 <wasy5.pfb
wasy6 <wasy6.pfb
wasy7 <wasy7.pfb
wasy8 <wasy8.pfb
wasy9 <wasy9.pfb
wasyb10 <wasyb10.pfb
wncyb10 <wncyb10.pfb
wncyi10 <wncyi10.pfb
wncyr10 <wncyr10.pfb
wncysc10 <wncysc10.pfb
wncyss10 <wncyss10.pfb
xipa10 <xipa10.pfb
xipab10 <xipab10.pfb
xipabx10 <xipabx10.pfb
xipasl10 <xipasl10.pfb
xipass10 <xipass10.pfb
xnsh14 <xnsh14.pfb
xnsh14bf <xnsh14bf.pfb
xyatip10 <<xyatip10.pfb
xybsql10 <<xybsql10.pfb
xybtip10 <<xybtip10.pfb
xycirc10 <<xycirc10.pfb
xycmat10 <<xycmat10.pfb
xycmat11 <<xycmat10.pfb "1.1 ExtendFont"
xycmat12 <<xycmat10.pfb "1.2 ExtendFont"
xycmbt10 <<xycmbt10.pfb
xycmbt11 <<xycmbt10.pfb "1.1 ExtendFont"
xycmbt12 <<xycmbt10.pfb "1.2 ExtendFont"
xydash10 <<xydash10.pfb
xyeuat10 <<xyeuat10.pfb
xyeuat11 <<xyeuat10.pfb "1.1 ExtendFont"
xyeuat12 <<xyeuat10.pfb "1.2 ExtendFont"
xyeubt10 <<xyeubt10.pfb
xyeubt11 <<xyeubt10.pfb "1.1 ExtendFont"
xyeubt12 <<xyeubt10.pfb "1.2 ExtendFont"
zpeub    <zpeub.pfb
zpeubi   <zpeubi.pfb
zpeubis  <zpeubis.pfb
zpeubit  <zpeubit.pfb
zpeubs   <zpeubs.pfb
zpeubt   <zpeubt.pfb
zpeur    <zpeur.pfb
zpeuri   <zpeuri.pfb
zpeuris  <zpeuris.pfb
zpeurit  <zpeurit.pfb
zpeurs   <zpeurs.pfb
zpeurt   <zpeurt.pfb
