texnansi-lmb10 LMRomanDemi10-Regular "enctexnansilm ReEncodeFont" <texnansi-lm.enc <lmb10.pfb
texnansi-lmbo10 LMRomanDemi10-Italic "enctexnansilm ReEncodeFont" <texnansi-lm.enc <lmbo10.pfb
texnansi-lmbx10 LMRoman10-Bold "enctexnansilm ReEncodeFont" <texnansi-lm.enc <lmbx10.pfb
texnansi-lmbx12 LMRoman12-Bold "enctexnansilm ReEncodeFont" <texnansi-lm.enc <lmbx12.pfb
texnansi-lmbx5 LMRoman5-Bold "enctexnansilm ReEncodeFont" <texnansi-lm.enc <lmbx5.pfb
texnansi-lmbx6 LMRoman6-Bold "enctexnansilm ReEncodeFont" <texnansi-lm.enc <lmbx6.pfb
texnansi-lmbx7 LMRoman7-Bold "enctexnansilm ReEncodeFont" <texnansi-lm.enc <lmbx7.pfb
texnansi-lmbx8 LMRoman8-Bold "enctexnansilm ReEncodeFont" <texnansi-lm.enc <lmbx8.pfb
texnansi-lmbx9 LMRoman9-Bold "enctexnansilm ReEncodeFont" <texnansi-lm.enc <lmbx9.pfb
texnansi-lmbxi10 LMRoman10-BoldItalic "enctexnansilm ReEncodeFont" <texnansi-lm.enc <lmbxi10.pfb
texnansi-lmbxo10 LMSlanted10-BoldItalic "enctexnansilm ReEncodeFont" <texnansi-lm.enc <lmbxo10.pfb
texnansi-lmcsc10 LMCaps10-Regular "enctexnansilm ReEncodeFont" <texnansi-lm.enc <lmcsc10.pfb
texnansi-lmcsco10 LMCaps10-Italic "enctexnansilm ReEncodeFont" <texnansi-lm.enc <lmcsco10.pfb
texnansi-lmr10 LMRoman10-Regular "enctexnansilm ReEncodeFont" <texnansi-lm.enc <lmr10.pfb
texnansi-lmr12 LMRoman12-Regular "enctexnansilm ReEncodeFont" <texnansi-lm.enc <lmr12.pfb
texnansi-lmr17 LMRoman17-Regular "enctexnansilm ReEncodeFont" <texnansi-lm.enc <lmr17.pfb
texnansi-lmr5 LMRoman5-Regular "enctexnansilm ReEncodeFont" <texnansi-lm.enc <lmr5.pfb
texnansi-lmr6 LMRoman6-Regular "enctexnansilm ReEncodeFont" <texnansi-lm.enc <lmr6.pfb
texnansi-lmr7 LMRoman7-Regular "enctexnansilm ReEncodeFont" <texnansi-lm.enc <lmr7.pfb
texnansi-lmr8 LMRoman8-Regular "enctexnansilm ReEncodeFont" <texnansi-lm.enc <lmr8.pfb
texnansi-lmr9 LMRoman9-Regular "enctexnansilm ReEncodeFont" <texnansi-lm.enc <lmr9.pfb
texnansi-lmri10 LMRoman10-Italic "enctexnansilm ReEncodeFont" <texnansi-lm.enc <lmri10.pfb
texnansi-lmri12 LMRoman12-Italic "enctexnansilm ReEncodeFont" <texnansi-lm.enc <lmri12.pfb
texnansi-lmri7 LMRoman7-Italic "enctexnansilm ReEncodeFont" <texnansi-lm.enc <lmri7.pfb
texnansi-lmri8 LMRoman8-Italic "enctexnansilm ReEncodeFont" <texnansi-lm.enc <lmri8.pfb
texnansi-lmri9 LMRoman9-Italic "enctexnansilm ReEncodeFont" <texnansi-lm.enc <lmri9.pfb
texnansi-lmro10 LMSlanted10-Italic "enctexnansilm ReEncodeFont" <texnansi-lm.enc <lmro10.pfb
texnansi-lmro12 LMSlanted12-Italic "enctexnansilm ReEncodeFont" <texnansi-lm.enc <lmro12.pfb
texnansi-lmro8 LMSlanted8-Italic "enctexnansilm ReEncodeFont" <texnansi-lm.enc <lmro8.pfb
texnansi-lmro9 LMSlanted9-Italic "enctexnansilm ReEncodeFont" <texnansi-lm.enc <lmro9.pfb
texnansi-lmss10 LMSans10-Regular "enctexnansilm ReEncodeFont" <texnansi-lm.enc <lmss10.pfb
texnansi-lmss12 LMSans12-Regular "enctexnansilm ReEncodeFont" <texnansi-lm.enc <lmss12.pfb
texnansi-lmss17 LMSans17-Regular "enctexnansilm ReEncodeFont" <texnansi-lm.enc <lmss17.pfb
texnansi-lmss8 LMSans8-Regular "enctexnansilm ReEncodeFont" <texnansi-lm.enc <lmss8.pfb
texnansi-lmss9 LMSans9-Regular "enctexnansilm ReEncodeFont" <texnansi-lm.enc <lmss9.pfb
texnansi-lmssbo10 LMSans10-BoldItalic "enctexnansilm ReEncodeFont" <texnansi-lm.enc <lmssbo10.pfb
texnansi-lmssbx10 LMSans10-Bold "enctexnansilm ReEncodeFont" <texnansi-lm.enc <lmssbx10.pfb
texnansi-lmssdc10 LMSansDemiCond10-Regular "enctexnansilm ReEncodeFont" <texnansi-lm.enc <lmssdc10.pfb
texnansi-lmssdo10 LMSansDemiCond10-Italic "enctexnansilm ReEncodeFont" <texnansi-lm.enc <lmssdo10.pfb
texnansi-lmsso10 LMSans10-Italic "enctexnansilm ReEncodeFont" <texnansi-lm.enc <lmsso10.pfb
texnansi-lmsso12 LMSans12-Italic "enctexnansilm ReEncodeFont" <texnansi-lm.enc <lmsso12.pfb
texnansi-lmsso17 LMSans17-Italic "enctexnansilm ReEncodeFont" <texnansi-lm.enc <lmsso17.pfb
texnansi-lmsso8 LMSans8-Italic "enctexnansilm ReEncodeFont" <texnansi-lm.enc <lmsso8.pfb
texnansi-lmsso9 LMSans9-Italic "enctexnansilm ReEncodeFont" <texnansi-lm.enc <lmsso9.pfb
texnansi-lmssq8 LMSansQuotation8-Regular "enctexnansilm ReEncodeFont" <texnansi-lm.enc <lmssq8.pfb
texnansi-lmssqbo8 LMSansQuotation8-BoldItalic "enctexnansilm ReEncodeFont" <texnansi-lm.enc <lmssqbo8.pfb
texnansi-lmssqbx8 LMSansQuotation8-Bold "enctexnansilm ReEncodeFont" <texnansi-lm.enc <lmssqbx8.pfb
texnansi-lmssqo8 LMSansQuotation8-Italic "enctexnansilm ReEncodeFont" <texnansi-lm.enc <lmssqo8.pfb
texnansi-lmtcsc10 LMTypewriterCaps10-Regular "enctexnansilm ReEncodeFont" <texnansi-lm.enc <lmtcsc10.pfb
texnansi-lmtt10 LMTypewriter10-Regular "enctexnansilm ReEncodeFont" <texnansi-lm.enc <lmtt10.pfb
texnansi-lmtt12 LMTypewriter12-Regular "enctexnansilm ReEncodeFont" <texnansi-lm.enc <lmtt12.pfb
texnansi-lmtt8 LMTypewriter8-Regular "enctexnansilm ReEncodeFont" <texnansi-lm.enc <lmtt8.pfb
texnansi-lmtt9 LMTypewriter9-Regular "enctexnansilm ReEncodeFont" <texnansi-lm.enc <lmtt9.pfb
texnansi-lmtti10 LMTypewriter10-Italic "enctexnansilm ReEncodeFont" <texnansi-lm.enc <lmtti10.pfb
texnansi-lmtto10 LMTypewriterSlanted10-Italic "enctexnansilm ReEncodeFont" <texnansi-lm.enc <lmtto10.pfb
texnansi-lmvtt10 LMTypewriterVarWd10-Regular "enctexnansilm ReEncodeFont" <texnansi-lm.enc <lmvtt10.pfb
texnansi-lmvtto10 LMTypewriterVarWd10-Italic "enctexnansilm ReEncodeFont" <texnansi-lm.enc <lmvtto10.pfb
