% author: Hans Hagen
%
% This map file defines texnansi encoded Latin Modern adapted for umlauts and other variations.

texnansi-var-lmb10    LMRomanDemi10-Regular        "enctexnansivarlm ReEncodeFont" <texnansi-var-lm.enc <lmb10.pfb
texnansi-var-lmbo10   LMRomanDemi10-Italic         "enctexnansivarlm ReEncodeFont" <texnansi-var-lm.enc <lmbo10.pfb
texnansi-var-lmbx10   LMRoman10-Bold               "enctexnansivarlm ReEncodeFont" <texnansi-var-lm.enc <lmbx10.pfb
texnansi-var-lmbx12   LMRoman12-Bold               "enctexnansivarlm ReEncodeFont" <texnansi-var-lm.enc <lmbx12.pfb
texnansi-var-lmbx5    LMRoman5-Bold                "enctexnansivarlm ReEncodeFont" <texnansi-var-lm.enc <lmbx5.pfb
texnansi-var-lmbx6    LMRoman6-Bold                "enctexnansivarlm ReEncodeFont" <texnansi-var-lm.enc <lmbx6.pfb
texnansi-var-lmbx7    LMRoman7-Bold                "enctexnansivarlm ReEncodeFont" <texnansi-var-lm.enc <lmbx7.pfb
texnansi-var-lmbx8    LMRoman8-Bold                "enctexnansivarlm ReEncodeFont" <texnansi-var-lm.enc <lmbx8.pfb
texnansi-var-lmbx9    LMRoman9-Bold                "enctexnansivarlm ReEncodeFont" <texnansi-var-lm.enc <lmbx9.pfb
texnansi-var-lmbxi10  LMRoman10-BoldItalic         "enctexnansivarlm ReEncodeFont" <texnansi-var-lm.enc <lmbxi10.pfb
texnansi-var-lmbxo10  LMSlanted10-BoldItalic       "enctexnansivarlm ReEncodeFont" <texnansi-var-lm.enc <lmbxo10.pfb
texnansi-var-lmcsc10  LMCaps10-Regular             "enctexnansivarlm ReEncodeFont" <texnansi-var-lm.enc <lmcsc10.pfb
texnansi-var-lmcsco10 LMCaps10-Italic              "enctexnansivarlm ReEncodeFont" <texnansi-var-lm.enc <lmcsco10.pfb
texnansi-var-lmr10    LMRoman10-Regular            "enctexnansivarlm ReEncodeFont" <texnansi-var-lm.enc <lmr10.pfb
texnansi-var-lmr12    LMRoman12-Regular            "enctexnansivarlm ReEncodeFont" <texnansi-var-lm.enc <lmr12.pfb
texnansi-var-lmr17    LMRoman17-Regular            "enctexnansivarlm ReEncodeFont" <texnansi-var-lm.enc <lmr17.pfb
texnansi-var-lmr5     LMRoman5-Regular             "enctexnansivarlm ReEncodeFont" <texnansi-var-lm.enc <lmr5.pfb
texnansi-var-lmr6     LMRoman6-Regular             "enctexnansivarlm ReEncodeFont" <texnansi-var-lm.enc <lmr6.pfb
texnansi-var-lmr7     LMRoman7-Regular             "enctexnansivarlm ReEncodeFont" <texnansi-var-lm.enc <lmr7.pfb
texnansi-var-lmr8     LMRoman8-Regular             "enctexnansivarlm ReEncodeFont" <texnansi-var-lm.enc <lmr8.pfb
texnansi-var-lmr9     LMRoman9-Regular             "enctexnansivarlm ReEncodeFont" <texnansi-var-lm.enc <lmr9.pfb
texnansi-var-lmri10   LMRoman10-Italic             "enctexnansivarlm ReEncodeFont" <texnansi-var-lm.enc <lmri10.pfb
texnansi-var-lmri12   LMRoman12-Italic             "enctexnansivarlm ReEncodeFont" <texnansi-var-lm.enc <lmri12.pfb
texnansi-var-lmri7    LMRoman7-Italic              "enctexnansivarlm ReEncodeFont" <texnansi-var-lm.enc <lmri7.pfb
texnansi-var-lmri8    LMRoman8-Italic              "enctexnansivarlm ReEncodeFont" <texnansi-var-lm.enc <lmri8.pfb
texnansi-var-lmri9    LMRoman9-Italic              "enctexnansivarlm ReEncodeFont" <texnansi-var-lm.enc <lmri9.pfb
texnansi-var-lmro10   LMSlanted10-Italic           "enctexnansivarlm ReEncodeFont" <texnansi-var-lm.enc <lmro10.pfb
texnansi-var-lmro12   LMSlanted12-Italic           "enctexnansivarlm ReEncodeFont" <texnansi-var-lm.enc <lmro12.pfb
texnansi-var-lmro8    LMSlanted8-Italic            "enctexnansivarlm ReEncodeFont" <texnansi-var-lm.enc <lmro8.pfb
texnansi-var-lmro9    LMSlanted9-Italic            "enctexnansivarlm ReEncodeFont" <texnansi-var-lm.enc <lmro9.pfb
texnansi-var-lmss10   LMSans10-Regular             "enctexnansivarlm ReEncodeFont" <texnansi-var-lm.enc <lmss10.pfb
texnansi-var-lmss12   LMSans12-Regular             "enctexnansivarlm ReEncodeFont" <texnansi-var-lm.enc <lmss12.pfb
texnansi-var-lmss17   LMSans17-Regular             "enctexnansivarlm ReEncodeFont" <texnansi-var-lm.enc <lmss17.pfb
texnansi-var-lmss8    LMSans8-Regular              "enctexnansivarlm ReEncodeFont" <texnansi-var-lm.enc <lmss8.pfb
texnansi-var-lmss9    LMSans9-Regular              "enctexnansivarlm ReEncodeFont" <texnansi-var-lm.enc <lmss9.pfb
texnansi-var-lmssbo10 LMSans10-BoldItalic          "enctexnansivarlm ReEncodeFont" <texnansi-var-lm.enc <lmssbo10.pfb
texnansi-var-lmssbx10 LMSans10-Bold                "enctexnansivarlm ReEncodeFont" <texnansi-var-lm.enc <lmssbx10.pfb
texnansi-var-lmssdc10 LMSansDemiCond10-Regular     "enctexnansivarlm ReEncodeFont" <texnansi-var-lm.enc <lmssdc10.pfb
texnansi-var-lmssdo10 LMSansDemiCond10-Italic      "enctexnansivarlm ReEncodeFont" <texnansi-var-lm.enc <lmssdo10.pfb
texnansi-var-lmsso10  LMSans10-Italic              "enctexnansivarlm ReEncodeFont" <texnansi-var-lm.enc <lmsso10.pfb
texnansi-var-lmsso12  LMSans12-Italic              "enctexnansivarlm ReEncodeFont" <texnansi-var-lm.enc <lmsso12.pfb
texnansi-var-lmsso17  LMSans17-Italic              "enctexnansivarlm ReEncodeFont" <texnansi-var-lm.enc <lmsso17.pfb
texnansi-var-lmsso8   LMSans8-Italic               "enctexnansivarlm ReEncodeFont" <texnansi-var-lm.enc <lmsso8.pfb
texnansi-var-lmsso9   LMSans9-Italic               "enctexnansivarlm ReEncodeFont" <texnansi-var-lm.enc <lmsso9.pfb
texnansi-var-lmssq8   LMSansQuotation8-Regular     "enctexnansivarlm ReEncodeFont" <texnansi-var-lm.enc <lmssq8.pfb
texnansi-var-lmssqbo8 LMSansQuotation8-BoldItalic  "enctexnansivarlm ReEncodeFont" <texnansi-var-lm.enc <lmssqbo8.pfb
texnansi-var-lmssqbx8 LMSansQuotation8-Bold        "enctexnansivarlm ReEncodeFont" <texnansi-var-lm.enc <lmssqbx8.pfb
texnansi-var-lmssqo8  LMSansQuotation8-Italic      "enctexnansivarlm ReEncodeFont" <texnansi-var-lm.enc <lmssqo8.pfb
texnansi-var-lmtcsc10 LMTypewriterCaps10-Regular   "enctexnansivarlm ReEncodeFont" <texnansi-var-lm.enc <lmtcsc10.pfb
texnansi-var-lmtt10   LMTypewriter10-Regular       "enctexnansivarlm ReEncodeFont" <texnansi-var-lm.enc <lmtt10.pfb
texnansi-var-lmtt12   LMTypewriter12-Regular       "enctexnansivarlm ReEncodeFont" <texnansi-var-lm.enc <lmtt12.pfb
texnansi-var-lmtt8    LMTypewriter8-Regular        "enctexnansivarlm ReEncodeFont" <texnansi-var-lm.enc <lmtt8.pfb
texnansi-var-lmtt9    LMTypewriter9-Regular        "enctexnansivarlm ReEncodeFont" <texnansi-var-lm.enc <lmtt9.pfb
texnansi-var-lmtti10  LMTypewriter10-Italic        "enctexnansivarlm ReEncodeFont" <texnansi-var-lm.enc <lmtti10.pfb
texnansi-var-lmtto10  LMTypewriterSlanted10-Italic "enctexnansivarlm ReEncodeFont" <texnansi-var-lm.enc <lmtto10.pfb
texnansi-var-lmvtt10  LMTypewriterVarWd10-Regular  "enctexnansivarlm ReEncodeFont" <texnansi-var-lm.enc <lmvtt10.pfb
texnansi-var-lmvtto10 LMTypewriterVarWd10-Italic   "enctexnansivarlm ReEncodeFont" <texnansi-var-lm.enc <lmvtto10.pfb