% courier / urw

ucrb8y  <texnansi.enc <ucrb8a.pfb
ucrbo8y <texnansi.enc <ucrbo8a.pfb
ucrr8y  <texnansi.enc <ucrr8a.pfb
ucrro8y <texnansi.enc <ucrro8a.pfb

% courier / adobe

pcrb8y  <texnansi.enc <ucrb8a.pfb
pcrbo8y <texnansi.enc <ucrbo8a.pfb
pcrr8y  <texnansi.enc <ucrr8a.pfb
pcrro8y <texnansi.enc <ucrro8a.pfb

% helvetica / urw

uhvb8y  <texnansi.enc <uhvb8a.pfb
uhvbo8y <texnansi.enc <uhvbo8a.pfb
uhvr8y  <texnansi.enc <uhvr8a.pfb
uhvro8y <texnansi.enc <uhvro8a.pfb

% helvetica / adobe

phvb8y  <texnansi.enc <uhvb8a.pfb
phvbo8y <texnansi.enc <uhvbo8a.pfb
phvr8y  <texnansi.enc <uhvr8a.pfb
phvro8y <texnansi.enc <uhvro8a.pfb

% times / urw

utmb8y  <texnansi.enc <utmb8a.pfb
utmbi8y <texnansi.enc <utmbi8a.pfb
utmr8y  <texnansi.enc <utmr8a.pfb
utmri8y <texnansi.enc <utmri8a.pfb

utmbo8y ".167 SlantFont" <texnansi.enc <utmb8a.pfb
utmro8y ".167 SlantFont" <texnansi.enc <utmr8a.pfb

% times / adobe

ptmb8y  <texnansi.enc <utmb8a.pfb
ptmbi8y <texnansi.enc <utmbi8a.pfb
ptmr8y  <texnansi.enc <utmr8a.pfb
ptmri8y <texnansi.enc <utmri8a.pfb

ptmbo8y ".167 SlantFont" <texnansi.enc <utmb8a.pfb
ptmro8y ".167 SlantFont" <texnansi.enc <utmr8a.pfb

% palatino / urw

uplb8y  <texnansi.enc <uplb8a.pfb
uplbi8y <texnansi.enc <uplbi8a.pfb
uplr8y  <texnansi.enc <uplr8a.pfb
uplri8y <texnansi.enc <uplri8a.pfb

uplbo8y ".167 SlantFont" <texnansi.enc <uplb8a.pfb
uplro8y ".167 SlantFont" <texnansi.enc <uplr8a.pfb

% palatino / adobe

pplb8y  <texnansi.enc <uplb8a.pfb
pplbi8y <texnansi.enc <uplbi8a.pfb
pplr8y  <texnansi.enc <uplr8a.pfb
pplri8y <texnansi.enc <uplri8a.pfb

pplbo8y ".167 SlantFont" <texnansi.enc <uplb8a.pfb
pplro8y ".167 SlantFont" <texnansi.enc <uplr8a.pfb

% bookman / urw

ubkd8y  <texnansi.enc <ubkd8a.pfb
ubkdi8y <texnansi.enc <ubkdi8a.pfb
ubkl8y  <texnansi.enc <ubkl8a.pfb
ubkli8y <texnansi.enc <ubkli8a.pfb

ubkdo8y ".167 SlantFont" <texnansi.enc <ubkd8a.pfb
ubklo8y ".167 SlantFont" <texnansi.enc <ubkl8a.pfb

% bookman / adobe

pbkd8y  <texnansi.enc <ubkd8a.pfb
pbkdi8y <texnansi.enc <ubkdi8a.pfb
pbkl8y  <texnansi.enc <ubkl8a.pfb
pbkli8y <texnansi.enc <ubkli8a.pfb

pbkdo8y ".167 SlantFont" <texnansi.enc <ubkd8a.pfb
pbklo8y ".167 SlantFont" <texnansi.enc <ubkl8a.pfb

% chancery / urw

uzcmi8y <texnansi.enc <uzcmi8a.pfb

% chancery / adobe

pzcmi8y <texnansi.enc <uzcmi8a.pfb

% schoolbook / urw

uncb8y  <texnansi.enc <uncb8a.pfb
uncbi8y <texnansi.enc <uncbi8a.pfb
uncr8y  <texnansi.enc <uncr8a.pfb
uncri8y <texnansi.enc <uncri8a.pfb

uncbo8y ".167 SlantFont" <texnansi.enc <uncb8a.pfb
uncro8y ".167 SlantFont" <texnansi.enc <uncr8a.pfb

% schoolbook / adobe

pncb8y  <texnansi.enc <uncb8a.pfb
pncbi8y <texnansi.enc <uncbi8a.pfb
pncr8y  <texnansi.enc <uncr8a.pfb
pncri8y <texnansi.enc <uncri8a.pfb

pncbo8y ".167 SlantFont" <texnansi.enc <uncb8a.pfb
pncro8y ".167 SlantFont" <texnansi.enc <uncr8a.pfb

% utopia

putb8y  <texnansi.enc <putb8a.pfb
putbi8y <texnansi.enc <putbi8a.pfb
putr8y  <texnansi.enc <putr8a.pfb
putri8y <texnansi.enc <putri8a.pfb

putbo8y ".167 SlantFont" <texnansi.enc <putb8a.pfb
putro8y ".167 SlantFont" <texnansi.enc <putr8a.pfb

% charter

bchb8y  <texnansi.enc <bchb8a.pfb
bchbi8y <texnansi.enc <bchbi8a.pfb
bchbo8y <texnansi.enc <bchb8a.pfb
bchr8y  <texnansi.enc <bchr8a.pfb
bchri8y <texnansi.enc <bchri8a.pfb

bchro8y ".167 SlantFont" <texnansi.enc <bchr8a.pfb