% combined file

lasy5      LASY5      <lasy5.pfb
lasy6      LASY6      <lasy6.pfb
lasy7      LASY7      <lasy7.pfb
lasy8      LASY8      <lasy8.pfb
lasy9      LASY9      <lasy9.pfb
lasy10     LASY10     <lasy10.pfb

lasyb10    LASYB10    <lasyb10.pfb
lcircle10  LCIRCLE10  <lcircle1.pfb
lcirclew10 LCIRCLEW10 <lcirclew.pfb
lcmss8     LCMSS8     <lcmss8.pfb
lcmssb8    LCMSSB8    <lcmssb8.pfb
lcmssi8    LCMSSI8    <lcmssi8.pfb
line10     LINE10     <line10.pfb
linew10    LINEW10    <linew10.pfb

logo8      LOGO8      <logo8.pfb
logo9      LOGO9      <logo9.pfb
logo10     LOGO10     <logo10.pfb
logobf10   LOGOBF10   <logobf10.pfb
logosl10   LOGOSL10   <logosl10.pfb

msam5      MSAM5      <msam5.pfb
msam7      MSAM7      <msam7.pfb
msam10     MSAM10     <msam10.pfb
msbm5      MSBM5      <msbm5.pfb
msbm7      MSBM7      <msbm7.pfb
msbm10     MSBM10     <msbm10.pfb

wncyb10    WNCYB10    <wncyb10.pfb
wncyi10    WNCYI10    <wncyi10.pfb
wncyr10    WNCYR10    <wncyr10.pfb
wncysc10   WNCYSC10   <wncysc10.pfb
wncyss10   WNCYSS10   <wncyss10.pfb

manfnt     MANFNT     <manfnt.pfb

% i dunno what this is

icmex10    <icmex10.pfb
icmmi8     <icmmi8.pfb
icmsy8     <icmsy8.pfb
icmtt8     <icmtt8.pfb
ilasy8     <ilasy8.pfb
ilcmss8    <ilcmss8.pfb
ilcmssb8   <ilcmssb8.pfb
ilcmssi8   <ilcmssi8.pfb


euex10 EUEX10 <euex10.pfb

eufb5  EUFB5  <eufb5.pfb
eufb7  EUFB7  <eufb7.pfb
eufb10 EUFB10 <eufb10.pfb

eufm5  EUFM5  <eufm5.pfb
eufm7  EUFM7  <eufm7.pfb
eufm10 EUFM10 <eufm10.pfb

eurb5  EURB5  <eurb5.pfb
eurb7  EURB7  <eurb7.pfb
eurb10 EURB10 <eurb10.pfb

eurm5  EURM5  <eurm5.pfb
eurm7  EURM7  <eurm7.pfb
eurm10 EURM10 <eurm10.pfb

eusb5  EUSB5  <eusb5.pfb
eusb7  EUSB7  <eusb7.pfb
eusb10 EUSB10 <eusb10.pfb

eusm5  EUSM5  <eusm5.pfb
eusm7  EUSM7  <eusm7.pfb
eusm10 EUSM10 <eusm10.pfb

% LM replacement, thanks to Jacko

% official
%
% cmb10     LMRomanDemi10-Regular        <cmrm.enc  <lmb10.pfb
% cmbx10    LMRoman10-Bold               <cmrm.enc  <lmbx10.pfb
% cmbx12    LMRoman12-Bold               <cmrm.enc  <lmbx12.pfb
% cmbx5     LMRoman5-Bold                <cmrm.enc  <lmbx5.pfb
% cmbx6     LMRoman6-Bold                <cmrm.enc  <lmbx6.pfb
% cmbx7     LMRoman7-Bold                <cmrm.enc  <lmbx7.pfb
% cmbx8     LMRoman8-Bold                <cmrm.enc  <lmbx8.pfb
% cmbx9     LMRoman9-Bold                <cmrm.enc  <lmbx9.pfb
% cmbxsl10  LMSlanted10-BoldItalic       <cmrm.enc  <lmbxo10.pfb
% cmbxti10  LMRoman10-BoldItalic         <cmit.enc  <lmbxi10.pfb
% cmbxti12  LMRoman10-BoldItalic         <cmit.enc  <lmbxti10.pfb
% cmbxti7   LMRoman10-BoldItalic         <cmit.enc  <lmbxti10.pfb
% cmcsc10   LMCaps10-Regular             <cmsc.enc  <lmcsc10.pfb
% cmcsc8    LMCaps10-Regular             <cmsc.enc  <lmcsc10.pfb
% cmcsc9    LMCaps10-Regular             <cmsc.enc  <lmcsc10.pfb
% cminch    LMSans10-Bold                <cmin.enc  <lmssbx10.pfb
% cmitt10   LMTypewriter10-Italic        <cmitt.enc <lmtti10.pfb
% cmitt12   LMTypewriter10-Italic        <cmitt.enc <lmtti10.pfb
% cmitt9    LMTypewriter10-Italic        <cmitt.enc <lmtti10.pfb
% cmr10     LMRoman10-Regular            <cmrm.enc  <lmr10.pfb
% cmr12     LMRoman12-Regular            <cmrm.enc  <lmr12.pfb
% cmr17     LMRoman17-Regular            <cmrm.enc  <lmr17.pfb
% cmr5      LMRoman5-Regular             <cmsc.enc  <lmr5.pfb
% cmr6      LMRoman6-Regular             <cmrm.enc  <lmr6.pfb
% cmr7      LMRoman7-Regular             <cmrm.enc  <lmr7.pfb
% cmr8      LMRoman8-Regular             <cmrm.enc  <lmr8.pfb
% cmr9      LMRoman9-Regular             <cmrm.enc  <lmr9.pfb
% cmsl10    LMSlanted10-Italic           <cmrm.enc  <lmro10.pfb
% cmsl12    LMSlanted12-Italic           <cmrm.enc  <lmro12.pfb
% cmsl6     LMSlanted8-Italic            <cmrm.enc  <lmro8.pfb
% cmsl8     LMSlanted8-Italic            <cmrm.enc  <lmro8.pfb
% cmsl9     LMSlanted9-Italic            <cmrm.enc  <lmro9.pfb
% cmsltt10  LMTypewriterSlanted10-Italic <cmtt.enc  <lmtto10.pfb
% cmsltt9   LMTypewriterSlanted10-Italic <cmtt.enc  <lmtto10.pfb
% cmss10    LMSans10-Regular             <cmrm.enc  <lmss10.pfb
% cmss12    LMSans12-Regular             <cmrm.enc  <lmss12.pfb
% cmss17    LMSans17-Regular             <cmrm.enc  <lmss17.pfb
% cmss8     LMSans8-Regular              <cmrm.enc  <lmss8.pfb
% cmss9     LMSans9-Regular              <cmrm.enc  <lmss9.pfb
% cmssbx10  LMSans10-Bold                <cmrm.enc  <lmssbx10.pfb
% cmssbxo10 LMSans10-BoldItalic          <cmrm.enc  <lmssbo10.pfb
% cmssdc10  LMSansDemiCond10-Regular     <cmrm.enc  <lmssdc10.pfb
% cmssi10   LMSans10-Italic              <cmrm.enc  <lmsso10.pfb
% cmssi12   LMSans12-Italic              <cmrm.enc  <lmsso12.pfb
% cmssi17   LMSans17-Italic              <cmrm.enc  <lmsso17.pfb
% cmssi8    LMSans8-Italic               <cmrm.enc  <lmsso8.pfb
% cmssi9    LMSans9-Italic               <cmrm.enc  <lmsso9.pfb
% cmssq8    LMSansQuotation8-Regular     <cmrm.enc  <lmssq8.pfb
% cmssqi8   LMSansQuotation8-Italic      <cmrm.enc  <lmssqo8.pfb
% cmtcsc10  LMTypewriterCaps10-Regular   <cmtt.enc  <lmtcsc10.pfb
% cmti10    LMRoman10-Italic             <cmit.enc  <lmri10.pfb
% cmti12    LMRoman12-Italic             <cmit.enc  <lmri12.pfb
% cmti7     LMRoman7-Italic              <cmit.enc  <lmri7.pfb
% cmti8     LMRoman8-Italic              <cmit.enc  <lmri8.pfb
% cmti9     LMRoman9-Italic              <cmit.enc  <lmri9.pfb
% cmtt10    LMTypewriter10-Regular       <cmtt.enc  <lmtt10.pfb
% cmtt12    LMTypewriter12-Regular       <cmtt.enc  <lmtt12.pfb
% cmtt8     LMTypewriter8-Regular        <cmtt.enc  <lmtt8.pfb
% cmtt9     LMTypewriter9-Regular        <cmtt.enc  <lmtt9.pfb
% cmvtt10   LMTypewriterVarWd10-Regular  <cmrm.enc  <lmvtt10.pfb
%
% but more efficient since to-be-included old files have those names

cmb10     CMB10     <cmrm.enc  <lmb10.pfb
cmbx10    CMBX10    <cmrm.enc  <lmbx10.pfb
cmbx12    CMBX12    <cmrm.enc  <lmbx12.pfb
cmbx5     CMBX5     <cmrm.enc  <lmbx5.pfb
cmbx6     CMBX6     <cmrm.enc  <lmbx6.pfb
cmbx7     CMBX7     <cmrm.enc  <lmbx7.pfb
cmbx8     CMBX8     <cmrm.enc  <lmbx8.pfb
cmbx9     CMBX9     <cmrm.enc  <lmbx9.pfb
cmbxsl10  CMBXSL10  <cmrm.enc  <lmbxo10.pfb
cmbxti10  CMBXTI10  <cmit.enc  <lmbxi10.pfb
cmbxti12  CMBXTI12  <cmit.enc  <lmbxti10.pfb
cmbxti7   CMBXTI7   <cmit.enc  <lmbxti10.pfb
cmcsc10   CMCSC10   <cmsc.enc  <lmcsc10.pfb
cmcsc8    CMCSC8    <cmsc.enc  <lmcsc10.pfb
cmcsc9    CMCSC9    <cmsc.enc  <lmcsc10.pfb
cminch    CMINCH    <cmin.enc  <lmssbx10.pfb
cmitt10   CMITT10   <cmitt.enc <lmtti10.pfb
cmitt12   CMITT12   <cmitt.enc <lmtti10.pfb
cmitt9    CMITT9    <cmitt.enc <lmtti10.pfb
cmr10     CMR10     <cmrm.enc  <lmr10.pfb
cmr12     CMR12     <cmrm.enc  <lmr12.pfb
cmr17     CMR17     <cmrm.enc  <lmr17.pfb
cmr5      CMR5      <cmsc.enc  <lmr5.pfb
cmr6      CMR6      <cmrm.enc  <lmr6.pfb
cmr7      CMR7      <cmrm.enc  <lmr7.pfb
cmr8      CMR8      <cmrm.enc  <lmr8.pfb
cmr9      CMR9      <cmrm.enc  <lmr9.pfb
cmsl10    CMSL10    <cmrm.enc  <lmro10.pfb
cmsl12    CMSL12    <cmrm.enc  <lmro12.pfb
cmsl6     CMSL6     <cmrm.enc  <lmro8.pfb
cmsl8     CMSL8     <cmrm.enc  <lmro8.pfb
cmsl9     CMSL9     <cmrm.enc  <lmro9.pfb
cmsltt10  CMSLTT10  <cmtt.enc  <lmtto10.pfb
cmsltt9   CMSLTT9   <cmtt.enc  <lmtto10.pfb
cmss10    CMS10     <cmrm.enc  <lmss10.pfb
cmss12    CMS12     <cmrm.enc  <lmss12.pfb
cmss17    CMS17     <cmrm.enc  <lmss17.pfb
cmss8     CMS8      <cmrm.enc  <lmss8.pfb
cmss9     CMS9      <cmrm.enc  <lmss9.pfb
cmssbx10  CMSSBX10  <cmrm.enc  <lmssbx10.pfb
cmssbxo10 CMSSBXO10 <cmrm.enc  <lmssbo10.pfb
cmssdc10  CMSSDC10  <cmrm.enc  <lmssdc10.pfb
cmssi10   CMSI10    <cmrm.enc  <lmsso10.pfb
cmssi12   CMSI12    <cmrm.enc  <lmsso12.pfb
cmssi17   CMSI17    <cmrm.enc  <lmsso17.pfb
cmssi8    CMSSI8    <cmrm.enc  <lmsso8.pfb
cmssi9    CMSSI9    <cmrm.enc  <lmsso9.pfb
cmssq8    CMSQ8     <cmrm.enc  <lmssq8.pfb
cmssqi8   CMSSQI8   <cmrm.enc  <lmssqo8.pfb
cmtcsc10  CMTCSC10  <cmtt.enc  <lmtcsc10.pfb
cmti10    CMTI10    <cmit.enc  <lmri10.pfb
cmti12    CMTI12    <cmit.enc  <lmri12.pfb
cmti7     CMTI7     <cmit.enc  <lmri7.pfb
cmti8     CMTI8     <cmit.enc  <lmri8.pfb
cmti9     CMTI9     <cmit.enc  <lmri9.pfb
cmtt10    CMTT10    <cmtt.enc  <lmtt10.pfb
cmtt12    CMTT12    <cmtt.enc  <lmtt12.pfb
cmtt8     CMTT8     <cmtt.enc  <lmtt8.pfb
cmtt9     CMTT9     <cmtt.enc  <lmtt9.pfb
cmvtt10   CMVTT10   <cmrm.enc  <lmvtt10.pfb

% original

cmbsy10   CMBSY10  <cmbsy10.pfb
cmbsy5    CMBSY5   <cmbsy5.pfb
cmbsy6    CMBSY7   <cmbsy7.pfb
cmbsy7    CMBSY7   <cmbsy7.pfb
cmbsy8    CMBSY7   <cmbsy7.pfb
cmbsy9    CMBSY10  <cmbsy10.pfb
cmdunh10  CMDUNH10 <cmdunh10.pfb
cmex10    CMEX10   <cmex10.pfb
cmex7     CMEX10   <cmex10.pfb
cmex8     CMEX10   <cmex10.pfb
cmex9     CMEX10   <cmex10.pfb
cmff10    CMFF10   <cmff10.pfb
cmfi10    CMFI10   <cmfi10.pfb
cmfib8    CMFIB8   <cmfib8.pfb
cmmi10    CMMI10   <cmmi10.pfb
cmmi12    CMMI12   <cmmi12.pfb
cmmi5     CMMI5    <cmmi5.pfb
cmmi6     CMMI6    <cmmi6.pfb
cmmi7     CMMI7    <cmmi7.pfb
cmmi8     CMMI8    <cmmi8.pfb
cmmi9     CMMI9    <cmmi9.pfb
cmmib10   CMMIB10  <cmmib10.pfb
cmmib5    CMMIB5   <cmmib5.pfb
cmmib6    CMMIB7   <cmmib7.pfb
cmmib7    CMMIB7   <cmmib7.pfb
cmmib8    CMMIB7   <cmmib7.pfb
cmmib9    CMMIB10  <cmmib10.pfb
cmsy10    CMSY10   <cmsy10.pfb
cmsy5     CMSY5    <cmsy5.pfb
cmsy6     CMSY6    <cmsy6.pfb
cmsy7     CMSY7    <cmsy7.pfb
cmsy8     CMSY8    <cmsy8.pfb
cmsy9     CMSY9    <cmsy9.pfb
cmtex10   CMTEX10  <cmtex10.pfb
cmtex8    CMTEX8   <cmtex8.pfb
cmtex9    CMTEX9   <cmtex9.pfb

% a weird one, not used in context

cmu10     LMRoman10-Italic "-0.25 SlantFont" <cmit.enc <lmri10.pfb


% courier / urw

ucrb8r  NimbusMonL-Bold          <8r.enc <ucrb8a.pfb
ucrbo8r NimbusMonL-BoldObli      <8r.enc <ucrbo8a.pfb
ucrr8r  NimbusMonL-Regu          <8r.enc <ucrr8a.pfb
ucrro8r NimbusMonL-ReguObli      <8r.enc <ucrro8a.pfb

% courier / adobe

pcrb8r  NimbusMonL-Bold          <8r.enc <ucrb8a.pfb
pcrbo8r NimbusMonL-BoldObli      <8r.enc <ucrbo8a.pfb
pcrr8r  NimbusMonL-Regu          <8r.enc <ucrr8a.pfb
pcrro8r NimbusMonL-ReguObli      <8r.enc <ucrro8a.pfb

% helvetica / urw

uhvb8r  NimbusSanL-Bold          <8r.enc <uhvb8a.pfb
uhvbo8r NimbusSanL-BoldItal      <8r.enc <uhvbo8a.pfb
uhvr8r  NimbusSanL-Regu          <8r.enc <uhvr8a.pfb
uhvro8r NimbusSanL-ReguItal      <8r.enc <uhvro8a.pfb

% helvetica / adobe

phvb8r  NimbusSanL-Bold          <8r.enc <uhvb8a.pfb
phvbo8r NimbusSanL-BoldItal      <8r.enc <uhvbo8a.pfb
phvr8r  NimbusSanL-Regu          <8r.enc <uhvr8a.pfb
phvro8r NimbusSanL-ReguItal      <8r.enc <uhvro8a.pfb

% times / urw

utmb8r  NimbusRomNo9L-Medi       <8r.enc <utmb8a.pfb
utmbi8r NimbusRomNo9L-MediItal   <8r.enc <utmbi8a.pfb
utmr8r  NimbusRomNo9L-Regu       <8r.enc <utmr8a.pfb
utmri8r NimbusRomNo9L-ReguItal   <8r.enc <utmri8a.pfb

utmbo8r NimbusRomNo9L-Medi       ".167 SlantFont" <8r.enc <utmb8a.pfb
utmro8r NimbusRomNo9L-Regu       ".167 SlantFont" <8r.enc <utmr8a.pfb

% times / adobe

ptmb8r  NimbusRomNo9L-Medi       <8r.enc <utmb8a.pfb
ptmbi8r NimbusRomNo9L-MediItal   <8r.enc <utmbi8a.pfb
ptmr8r  NimbusRomNo9L-Regu       <8r.enc <utmr8a.pfb
ptmri8r NimbusRomNo9L-ReguItal   <8r.enc <utmri8a.pfb

ptmbo8r NimbusRomNo9L-Medi       ".167 SlantFont" <8r.enc <utmb8a.pfb
ptmro8r NimbusRomNo9L-Regu       ".167 SlantFont" <8r.enc <utmr8a.pfb

% palatino / urw

uplb8r  URWPalladioL-Bold        <8r.enc <uplb8a.pfb
uplbi8r URWPalladioL-BoldItal    <8r.enc <uplbi8a.pfb
uplr8r  URWPalladioL-Roma        <8r.enc <uplr8a.pfb
uplri8r URWPalladioL-Ital        <8r.enc <uplri8a.pfb

uplbo8r URWPalladioL-Bold        ".167 SlantFont" <8r.enc <uplb8a.pfb
uplro8r URWPalladioL-Roma        ".167 SlantFont" <8r.enc <uplr8a.pfb

% palatino / adobe

pplb8r  URWPalladioL-Bold        <8r.enc <uplb8a.pfb
pplbi8r URWPalladioL-BoldItal    <8r.enc <uplbi8a.pfb
pplr8r  URWPalladioL-Roma        <8r.enc <uplr8a.pfb
pplri8r URWPalladioL-Ital        <8r.enc <uplri8a.pfb

pplbo8r URWPalladioL-Bold        ".167 SlantFont" <8r.enc <uplb8a.pfb
pplro8r URWPalladioL-Roma        ".167 SlantFont" <8r.enc <uplr8a.pfb

% bookman / urw

ubkd8r  URWBookmanL-DemiBold     <8r.enc <ubkd8a.pfb
ubkdi8r URWBookmanL-DemiBoldItal <8r.enc <ubkdi8a.pfb
ubkl8r  URWBookmanL-Ligh         <8r.enc <ubkl8a.pfb
ubkli8r URWBookmanL-LighItal     <8r.enc <ubkli8a.pfb

ubkdo8r URWBookmanL-DemiBold     ".167 SlantFont" <8r.enc <ubkd8a.pfb
ubklo8r URWBookmanL-Ligh         ".167 SlantFont" <8r.enc <ubkl8a.pfb

% bookman / adobe

pbkd8r  URWBookmanL-DemiBold     <8r.enc <ubkd8a.pfb
pbkdi8r URWBookmanL-DemiBoldItal <8r.enc <ubkdi8a.pfb
pbkl8r  URWBookmanL-Ligh         <8r.enc <ubkl8a.pfb
pbkli8r URWBookmanL-LighItal     <8r.enc <ubkli8a.pfb

pbkdo8r URWBookmanL-DemiBold     ".167 SlantFont" <8r.enc <ubkd8a.pfb
pbklo8r URWBookmanL-Ligh         ".167 SlantFont" <8r.enc <ubkl8a.pfb

% chancery / urw

uzcmi8r URWChanceryL-MediItal    <8r.enc <uzcmi8a.pfb

% chancery / adobe

pzcmi8r URWChanceryL-MediItal    <8r.enc <uzcmi8a.pfb

% schoolbook / urw

uncb8r  CenturySchL-Bold         <8r.enc <uncb8a.pfb
uncbi8r CenturySchL-BoldItal     <8r.enc <uncbi8a.pfb
uncr8r  CenturySchL-Roma         <8r.enc <uncr8a.pfb
uncri8r CenturySchL-Ital         <8r.enc <uncri8a.pfb

uncbo8r CenturySchL-Bold         ".167 SlantFont" <8r.enc <uncb8a.pfb
uncro8r CenturySchL-Roma         ".167 SlantFont" <8r.enc <uncr8a.pfb

% schoolbook / adobe

pncb8r  CenturySchL-Bold         <8r.enc <uncb8a.pfb
pncbi8r CenturySchL-BoldItal     <8r.enc <uncbi8a.pfb
pncr8r  CenturySchL-Roma         <8r.enc <uncr8a.pfb
pncri8r CenturySchL-Ital         <8r.enc <uncri8a.pfb

pncbo8r CenturySchL-Bold         ".167 SlantFont" <8r.enc <uncb8a.pfb
pncro8r CenturySchL-Roma         ".167 SlantFont" <8r.enc <uncr8a.pfb

% utopia

putb8r  Utopia-Bold              <8r.enc <putb8a.pfb
putbi8r Utopia-BoldItalic        <8r.enc <putbi8a.pfb
putr8r  Utopia-Regular           <8r.enc <putr8a.pfb
putri8r Utopia-Italic            <8r.enc <putri8a.pfb

putbo8r Utopia-Bold              ".167 SlantFont" <8r.enc <putb8a.pfb
putro8r Utopia-Regular           ".167 SlantFont" <8r.enc <putr8a.pfb

% charter

bchb8r  CharterBT-Bold           <8r.enc <bchb8a.pfb
bchbi8r CharterBT-BoldItalic     <8r.enc <bchbi8a.pfb
bchr8r  CharterBT-Roman          <8r.enc <bchr8a.pfb
bchri8r CharterBT-Italic         <8r.enc <bchri8a.pfb

bchbo8r CharterBT-Bold           ".167 SlantFont" <8r.enc <bchb8a.pfb
bchro8r CharterBT-Roman          ".167 SlantFont" <8r.enc <bchr8a.pfb

% courier / urw

ucrb8t  NimbusMonL-Bold          <ec.enc <ucrb8a.pfb
ucrbo8t NimbusMonL-BoldObli      <ec.enc <ucrbo8a.pfb
ucrr8t  NimbusMonL-Regu          <ec.enc <ucrr8a.pfb
ucrro8t NimbusMonL-ReguObli      <ec.enc <ucrro8a.pfb

% courier / adobe

pcrb8t  NimbusMonL-Bold          <ec.enc <ucrb8a.pfb
pcrbo8t NimbusMonL-BoldObli      <ec.enc <ucrbo8a.pfb
pcrr8t  NimbusMonL-Regu          <ec.enc <ucrr8a.pfb
pcrro8t NimbusMonL-ReguObli      <ec.enc <ucrro8a.pfb

% helvetica / urw

uhvb8t  NimbusSanL-Bold          <ec.enc <uhvb8a.pfb
uhvbo8t NimbusSanL-BoldItal      <ec.enc <uhvbo8a.pfb
uhvr8t  NimbusSanL-Regu          <ec.enc <uhvr8a.pfb
uhvro8t NimbusSanL-ReguItal      <ec.enc <uhvro8a.pfb

% helvetica / adobe

phvb8t  NimbusSanL-Bold          <ec.enc <uhvb8a.pfb
phvbo8t NimbusSanL-BoldItal      <ec.enc <uhvbo8a.pfb
phvr8t  NimbusSanL-Regu          <ec.enc <uhvr8a.pfb
phvro8t NimbusSanL-ReguItal      <ec.enc <uhvro8a.pfb

% times / urw

utmb8t  NimbusRomNo9L-Medi       <ec.enc <utmb8a.pfb
utmbi8t NimbusRomNo9L-MediItal   <ec.enc <utmbi8a.pfb
utmr8t  NimbusRomNo9L-Regu       <ec.enc <utmr8a.pfb
utmri8t NimbusRomNo9L-ReguItal   <ec.enc <utmri8a.pfb

utmbo8t NimbusRomNo9L-Medi       ".167 SlantFont" <ec.enc <utmb8a.pfb
utmro8t NimbusRomNo9L-Regu       ".167 SlantFont" <ec.enc <utmr8a.pfb

% times / adobe

ptmb8t  NimbusRomNo9L-Medi       <ec.enc <utmb8a.pfb
ptmbi8t NimbusRomNo9L-MediItal   <ec.enc <utmbi8a.pfb
ptmr8t  NimbusRomNo9L-Regu       <ec.enc <utmr8a.pfb
ptmri8t NimbusRomNo9L-ReguItal   <ec.enc <utmri8a.pfb

ptmbo8t NimbusRomNo9L-Medi       ".167 SlantFont" <ec.enc <utmb8a.pfb
ptmro8t NimbusRomNo9L-Regu       ".167 SlantFont" <ec.enc <utmr8a.pfb

% palatino / urw

uplb8t  URWPalladioL-Bold        <ec.enc <uplb8a.pfb
uplbi8t URWPalladioL-BoldItal    <ec.enc <uplbi8a.pfb
uplr8t  URWPalladioL-Roma        <ec.enc <uplr8a.pfb
uplri8t URWPalladioL-Ital        <ec.enc <uplri8a.pfb

uplbo8t URWPalladioL-Bold        ".167 SlantFont" <ec.enc <uplb8a.pfb
uplro8t URWPalladioL-Roma        ".167 SlantFont" <ec.enc <uplr8a.pfb

% palatino / adobe

pplb8t  URWPalladioL-Bold        <ec.enc <uplb8a.pfb
pplbi8t URWPalladioL-BoldItal    <ec.enc <uplbi8a.pfb
pplr8t  URWPalladioL-Roma        <ec.enc <uplr8a.pfb
pplri8t URWPalladioL-Ital        <ec.enc <uplri8a.pfb

pplbo8t URWPalladioL-Bold        ".167 SlantFont" <ec.enc <uplb8a.pfb
pplro8t URWPalladioL-Roma        ".167 SlantFont" <ec.enc <upplr8a.pfb

% bookman / urw

ubkd8t  URWBookmanL-DemiBold     <ec.enc <ubkd8a.pfb
ubkdi8t URWBookmanL-DemiBoldItal <ec.enc <ubkdi8a.pfb
ubkl8t  URWBookmanL-Ligh         <ec.enc <ubkl8a.pfb
ubkli8t URWBookmanL-LighItal     <ec.enc <ubkli8a.pfb

ubkdo8t URWBookmanL-DemiBold     ".167 SlantFont" <ec.enc <ubkd8a.pfb
ubklo8t URWBookmanL-Ligh         ".167 SlantFont" <ec.enc <ubkl8a.pfb

% bookman / adobe

pbkd8t  URWBookmanL-DemiBold     <ec.enc <ubkd8a.pfb
pbkdi8t URWBookmanL-DemiBoldItal <ec.enc <ubkdi8a.pfb
pbkl8t  URWBookmanL-Ligh         <ec.enc <ubkl8a.pfb
pbkli8t URWBookmanL-LighItal     <ec.enc <ubkli8a.pfb

pbkdo8t URWBookmanL-DemiBold     ".167 SlantFont" <ec.enc <ubkd8a.pfb
pbklo8t URWBookmanL-Ligh         ".167 SlantFont" <ec.enc <ubkl8a.pfb

% chancery / urw

uzcmi8t URWChanceryL-MediItal    <ec.enc <uzcmi8a.pfb

% chancery / adobe

pzcmi8t URWChanceryL-MediItal    <ec.enc <uzcmi8a.pfb

% schoolbook / urw

uncb8t  CenturySchL-Bold         <ec.enc <uncb8a.pfb
uncbi8t CenturySchL-BoldItal     <ec.enc <uncbi8a.pfb
uncr8t  CenturySchL-Roma         <ec.enc <uncr8a.pfb
uncri8t CenturySchL-Ital         <ec.enc <uncri8a.pfb

uncbo8t CenturySchL-Bold         ".167 SlantFont" <ec.enc <uncb8a.pfb
uncro8t CenturySchL-Roma         ".167 SlantFont" <ec.enc <uncr8a.pfb

% schoolbook / adobe

pncb8t  CenturySchL-Bold         <ec.enc <uncb8a.pfb
pncbi8t CenturySchL-BoldItal     <ec.enc <uncbi8a.pfb
pncr8t  CenturySchL-Roma         <ec.enc <uncr8a.pfb
pncri8t CenturySchL-Ital         <ec.enc <uncri8a.pfb

pncbo8t CenturySchL-Bold         ".167 SlantFont" <ec.enc <uncb8a.pfb
pncro8t CenturySchL-Roma         ".167 SlantFont" <ec.enc <uncr8a.pfb

% utopia

putb8t  Utopia-Bold              <ec.enc <putb8a.pfb
putbi8t Utopia-BoldItalic        <ec.enc <putbi8a.pfb
putr8t  Utopia-Regular           <ec.enc <putr8a.pfb
putri8t Utopia-Italic            <ec.enc <putri8a.pfb

putbo8t Utopia-Bold              ".167 SlantFont" <ec.enc <putb8a.pfb
putro8t Utopia-Regular           ".167 SlantFont" <ec.enc <putr8a.pfb

% charter

bchb8t  CharterBT-Bold           <ec.enc <bchb8a.pfb
bchbi8t CharterBT-BoldItalic     <ec.enc <bchbi8a.pfb
bchr8t  CharterBT-Roman          <ec.enc <bchr8a.pfb
bchri8t CharterBT-Italic         <ec.enc <bchri8a.pfb

bchbo8t CharterBT-Bold           ".167 SlantFont" <ec.enc <bchb8a.pfb
bchro8t CharterBT-Roman          ".167 SlantFont" <ec.enc <bchr8a.pfb

ec-lmb10 LMRoman10-Demi "enclmec ReEncodeFont" <lm-ec.enc <lmb10.pfb
ec-lmbo10 LMRoman10-DemiOblique "enclmec ReEncodeFont" <lm-ec.enc <lmbo10.pfb
ec-lmbx10 LMRoman10-Bold "enclmec ReEncodeFont" <lm-ec.enc <lmbx10.pfb
ec-lmbx12 LMRoman12-Bold "enclmec ReEncodeFont" <lm-ec.enc <lmbx12.pfb
ec-lmbx5 LMRoman5-Bold "enclmec ReEncodeFont" <lm-ec.enc <lmbx5.pfb
ec-lmbx6 LMRoman6-Bold "enclmec ReEncodeFont" <lm-ec.enc <lmbx6.pfb
ec-lmbx7 LMRoman7-Bold "enclmec ReEncodeFont" <lm-ec.enc <lmbx7.pfb
ec-lmbx8 LMRoman8-Bold "enclmec ReEncodeFont" <lm-ec.enc <lmbx8.pfb
ec-lmbx9 LMRoman9-Bold "enclmec ReEncodeFont" <lm-ec.enc <lmbx9.pfb
ec-lmbxi10 LMRoman10-BoldItalic "enclmec ReEncodeFont" <lm-ec.enc <lmbxi10.pfb
ec-lmbxo10 LMRoman10-BoldOblique "enclmec ReEncodeFont" <lm-ec.enc <lmbxo10.pfb
ec-lmcsc10 LMRoman10-CapsRegular "enclmec ReEncodeFont" <lm-ec.enc <lmcsc10.pfb
ec-lmcsco10 LMRoman10-CapsOblique "enclmec ReEncodeFont" <lm-ec.enc <lmcsco10.pfb
ec-lmr10 LMRoman10-Regular "enclmec ReEncodeFont" <lm-ec.enc <lmr10.pfb
ec-lmr12 LMRoman12-Regular "enclmec ReEncodeFont" <lm-ec.enc <lmr12.pfb
ec-lmr17 LMRoman17-Regular "enclmec ReEncodeFont" <lm-ec.enc <lmr17.pfb
ec-lmr5 LMRoman5-Regular "enclmec ReEncodeFont" <lm-ec.enc <lmr5.pfb
ec-lmr6 LMRoman6-Regular "enclmec ReEncodeFont" <lm-ec.enc <lmr6.pfb
ec-lmr7 LMRoman7-Regular "enclmec ReEncodeFont" <lm-ec.enc <lmr7.pfb
ec-lmr8 LMRoman8-Regular "enclmec ReEncodeFont" <lm-ec.enc <lmr8.pfb
ec-lmr9 LMRoman9-Regular "enclmec ReEncodeFont" <lm-ec.enc <lmr9.pfb
ec-lmri10 LMRoman10-Italic "enclmec ReEncodeFont" <lm-ec.enc <lmri10.pfb
ec-lmri12 LMRoman12-Italic "enclmec ReEncodeFont" <lm-ec.enc <lmri12.pfb
ec-lmri7 LMRoman7-Italic "enclmec ReEncodeFont" <lm-ec.enc <lmri7.pfb
ec-lmri8 LMRoman8-Italic "enclmec ReEncodeFont" <lm-ec.enc <lmri8.pfb
ec-lmri9 LMRoman9-Italic "enclmec ReEncodeFont" <lm-ec.enc <lmri9.pfb
ec-lmro10 LMRoman10-Oblique "enclmec ReEncodeFont" <lm-ec.enc <lmro10.pfb
ec-lmro12 LMRoman12-Oblique "enclmec ReEncodeFont" <lm-ec.enc <lmro12.pfb
ec-lmro17 LMRoman17-Oblique "enclmec ReEncodeFont" <lm-ec.enc <lmro17.pfb
ec-lmro8 LMRoman8-Oblique "enclmec ReEncodeFont" <lm-ec.enc <lmro8.pfb
ec-lmro9 LMRoman9-Oblique "enclmec ReEncodeFont" <lm-ec.enc <lmro9.pfb
ec-lmss10 LMSans10-Regular "enclmec ReEncodeFont" <lm-ec.enc <lmss10.pfb
ec-lmss12 LMSans12-Regular "enclmec ReEncodeFont" <lm-ec.enc <lmss12.pfb
ec-lmss17 LMSans17-Regular "enclmec ReEncodeFont" <lm-ec.enc <lmss17.pfb
ec-lmss8 LMSans8-Regular "enclmec ReEncodeFont" <lm-ec.enc <lmss8.pfb
ec-lmss9 LMSans9-Regular "enclmec ReEncodeFont" <lm-ec.enc <lmss9.pfb
ec-lmssbo10 LMSans10-BoldOblique "enclmec ReEncodeFont" <lm-ec.enc <lmssbo10.pfb
ec-lmssbx10 LMSans10-Bold "enclmec ReEncodeFont" <lm-ec.enc <lmssbx10.pfb
ec-lmssdc10 LMSans10-DemiCondensed "enclmec ReEncodeFont" <lm-ec.enc <lmssdc10.pfb
ec-lmssdo10 LMSans10-DemiCondensedOblique "enclmec ReEncodeFont" <lm-ec.enc <lmssdo10.pfb
ec-lmsso10 LMSans10-Oblique "enclmec ReEncodeFont" <lm-ec.enc <lmsso10.pfb
ec-lmsso12 LMSans12-Oblique "enclmec ReEncodeFont" <lm-ec.enc <lmsso12.pfb
ec-lmsso17 LMSans17-Oblique "enclmec ReEncodeFont" <lm-ec.enc <lmsso17.pfb
ec-lmsso8 LMSans8-Oblique "enclmec ReEncodeFont" <lm-ec.enc <lmsso8.pfb
ec-lmsso9 LMSans9-Oblique "enclmec ReEncodeFont" <lm-ec.enc <lmsso9.pfb
ec-lmssq8 LMSansQuotation8-Regular "enclmec ReEncodeFont" <lm-ec.enc <lmssq8.pfb
ec-lmssqbo8 LMSansQuotation8-BoldOblique "enclmec ReEncodeFont" <lm-ec.enc <lmssqbo8.pfb
ec-lmssqbx8 LMSansQuotation8-Bold "enclmec ReEncodeFont" <lm-ec.enc <lmssqbx8.pfb
ec-lmssqo8 LMSansQuotation8-Oblique "enclmec ReEncodeFont" <lm-ec.enc <lmssqo8.pfb
ec-lmtcsc10 LMTypewriter10-CapsRegular "enclmec ReEncodeFont" <lm-ec.enc <lmtcsc10.pfb
ec-lmtcso10 LMTypewriter10-CapsOblique "enclmec ReEncodeFont" <lm-ec.enc <lmtcso10.pfb
ec-lmtl10 LMTypewriter10-Light "enclmec ReEncodeFont" <lm-ec.enc <lmtl10.pfb
ec-lmtlo10 LMTypewriter10-LightOblique "enclmec ReEncodeFont" <lm-ec.enc <lmtlo10.pfb
ec-lmtlc10 LMTypewriter10-LightCondensed "enclmec ReEncodeFont" <lm-ec.enc <lmtlc10.pfb
ec-lmtlco10 LMTypewriter10-LightCondensedOblique "enclmec ReEncodeFont" <lm-ec.enc <lmtlco10.pfb
ec-lmtk10 LMTypewriter10-Dark "enclmec ReEncodeFont" <lm-ec.enc <lmtk10.pfb
ec-lmtko10 LMTypewriter10-DarkOblique "enclmec ReEncodeFont" <lm-ec.enc <lmtko10.pfb
ec-lmtt10 LMTypewriter10-Regular "enclmec ReEncodeFont" <lm-ec.enc <lmtt10.pfb
ec-lmtt12 LMTypewriter12-Regular "enclmec ReEncodeFont" <lm-ec.enc <lmtt12.pfb
ec-lmtt8 LMTypewriter8-Regular "enclmec ReEncodeFont" <lm-ec.enc <lmtt8.pfb
ec-lmtt9 LMTypewriter9-Regular "enclmec ReEncodeFont" <lm-ec.enc <lmtt9.pfb
ec-lmtti10 LMTypewriter10-Italic "enclmec ReEncodeFont" <lm-ec.enc <lmtti10.pfb
ec-lmtto10 LMTypewriter10-Oblique "enclmec ReEncodeFont" <lm-ec.enc <lmtto10.pfb
ec-lmvtt10 LMTypewriterVarWd10-Regular "enclmec ReEncodeFont" <lm-ec.enc <lmvtt10.pfb
ec-lmvtto10 LMTypewriterVarWd10-Oblique "enclmec ReEncodeFont" <lm-ec.enc <lmvtto10.pfb
ec-lmvtl10 LMTypewriterVarWd10-Light "enclmec ReEncodeFont" <lm-ec.enc <lmvtl10.pfb
ec-lmvtlo10 LMTypewriterVarWd10-LightOblique "enclmec ReEncodeFont" <lm-ec.enc <lmvtlo10.pfb
ec-lmvtk10 LMTypewriterVarWd10-Dark "enclmec ReEncodeFont" <lm-ec.enc <lmvtk10.pfb
ec-lmvtko10 LMTypewriterVarWd10-DarkOblique "enclmec ReEncodeFont" <lm-ec.enc <lmvtko10.pfb


% courier / urw

qcrb  <qcr.enc <qcrb.pfb
qcrbi <qcr.enc <qcrbi.pfb
qcrr  <qcr.enc <qcrr.pfb
qcrri <qcr.enc <qcrri.pfb

% helvetica / urw

qhvb   <qhv.enc <qhvb.pfb
qhvbi  <qhv.enc <qhvbi.pfb
qhvcb  <qhv.enc <qhvcb.pfb
qhvcbi <qhv.enc <qhvcbi.pfb
qhvcr  <qhv.enc <qhvcr.pfb
qhvcri <qhv.enc <qhvcri.pfb
qhvr   <qhv.enc <qhvr.pfb
qhvri  <qhv.enc <qhvri.pfb

% times / urw

qtmb  <qtm.enc <qtmb.pfb
qtmbi <qtm.enc <qtmbi.pfb
qtmr  <qtm.enc <qtmr.pfb
qtmri <qtm.enc <qtmri.pfb

% palatino / urw

qplb  <qpl.enc <qplb.pfb
qplbi <qpl.enc <qplbi.pfb
qplr  <qpl.enc <qplr.pfb
qplri <qpl.enc <qplri.pfb

% bookman / urw

qbkb  <qbk.enc <qbkb.pfb
qbkbi <qbk.enc <qbkbi.pfb
qbkr  <qbk.enc <qbkr.pfb
qbkri <qbk.enc <qbkri.pfb

% chancery / urw

qzcmi <qzc.enc <qzcmi.pfb

% schoolbook / urw
%
% not available

% utopia
%
% not available

% charter
%
% not available



qx-lmb10 LMRoman10-Demi "enclmqx ReEncodeFont" <lm-qx.enc <lmb10.pfb
qx-lmbo10 LMRoman10-DemiOblique "enclmqx ReEncodeFont" <lm-qx.enc <lmbo10.pfb
qx-lmbx10 LMRoman10-Bold "enclmqx ReEncodeFont" <lm-qx.enc <lmbx10.pfb
qx-lmbx12 LMRoman12-Bold "enclmqx ReEncodeFont" <lm-qx.enc <lmbx12.pfb
qx-lmbx5 LMRoman5-Bold "enclmqx ReEncodeFont" <lm-qx.enc <lmbx5.pfb
qx-lmbx6 LMRoman6-Bold "enclmqx ReEncodeFont" <lm-qx.enc <lmbx6.pfb
qx-lmbx7 LMRoman7-Bold "enclmqx ReEncodeFont" <lm-qx.enc <lmbx7.pfb
qx-lmbx8 LMRoman8-Bold "enclmqx ReEncodeFont" <lm-qx.enc <lmbx8.pfb
qx-lmbx9 LMRoman9-Bold "enclmqx ReEncodeFont" <lm-qx.enc <lmbx9.pfb
qx-lmbxi10 LMRoman10-BoldItalic "enclmqx ReEncodeFont" <lm-qx.enc <lmbxi10.pfb
qx-lmbxo10 LMRoman10-BoldOblique "enclmqx ReEncodeFont" <lm-qx.enc <lmbxo10.pfb
qx-lmcsc10 LMRoman10-CapsRegular "enclmqx ReEncodeFont" <lm-qx.enc <lmcsc10.pfb
qx-lmcsco10 LMRoman10-CapsOblique "enclmqx ReEncodeFont" <lm-qx.enc <lmcsco10.pfb
qx-lmr10 LMRoman10-Regular "enclmqx ReEncodeFont" <lm-qx.enc <lmr10.pfb
qx-lmr12 LMRoman12-Regular "enclmqx ReEncodeFont" <lm-qx.enc <lmr12.pfb
qx-lmr17 LMRoman17-Regular "enclmqx ReEncodeFont" <lm-qx.enc <lmr17.pfb
qx-lmr5 LMRoman5-Regular "enclmqx ReEncodeFont" <lm-qx.enc <lmr5.pfb
qx-lmr6 LMRoman6-Regular "enclmqx ReEncodeFont" <lm-qx.enc <lmr6.pfb
qx-lmr7 LMRoman7-Regular "enclmqx ReEncodeFont" <lm-qx.enc <lmr7.pfb
qx-lmr8 LMRoman8-Regular "enclmqx ReEncodeFont" <lm-qx.enc <lmr8.pfb
qx-lmr9 LMRoman9-Regular "enclmqx ReEncodeFont" <lm-qx.enc <lmr9.pfb
qx-lmri10 LMRoman10-Italic "enclmqx ReEncodeFont" <lm-qx.enc <lmri10.pfb
qx-lmri12 LMRoman12-Italic "enclmqx ReEncodeFont" <lm-qx.enc <lmri12.pfb
qx-lmri7 LMRoman7-Italic "enclmqx ReEncodeFont" <lm-qx.enc <lmri7.pfb
qx-lmri8 LMRoman8-Italic "enclmqx ReEncodeFont" <lm-qx.enc <lmri8.pfb
qx-lmri9 LMRoman9-Italic "enclmqx ReEncodeFont" <lm-qx.enc <lmri9.pfb
qx-lmro10 LMRoman10-Oblique "enclmqx ReEncodeFont" <lm-qx.enc <lmro10.pfb
qx-lmro12 LMRoman12-Oblique "enclmqx ReEncodeFont" <lm-qx.enc <lmro12.pfb
qx-lmro17 LMRoman17-Oblique "enclmqx ReEncodeFont" <lm-qx.enc <lmro17.pfb
qx-lmro8 LMRoman8-Oblique "enclmqx ReEncodeFont" <lm-qx.enc <lmro8.pfb
qx-lmro9 LMRoman9-Oblique "enclmqx ReEncodeFont" <lm-qx.enc <lmro9.pfb
qx-lmss10 LMSans10-Regular "enclmqx ReEncodeFont" <lm-qx.enc <lmss10.pfb
qx-lmss12 LMSans12-Regular "enclmqx ReEncodeFont" <lm-qx.enc <lmss12.pfb
qx-lmss17 LMSans17-Regular "enclmqx ReEncodeFont" <lm-qx.enc <lmss17.pfb
qx-lmss8 LMSans8-Regular "enclmqx ReEncodeFont" <lm-qx.enc <lmss8.pfb
qx-lmss9 LMSans9-Regular "enclmqx ReEncodeFont" <lm-qx.enc <lmss9.pfb
qx-lmssbo10 LMSans10-BoldOblique "enclmqx ReEncodeFont" <lm-qx.enc <lmssbo10.pfb
qx-lmssbx10 LMSans10-Bold "enclmqx ReEncodeFont" <lm-qx.enc <lmssbx10.pfb
qx-lmssdc10 LMSans10-DemiCondensed "enclmqx ReEncodeFont" <lm-qx.enc <lmssdc10.pfb
qx-lmssdo10 LMSans10-DemiCondensedOblique "enclmqx ReEncodeFont" <lm-qx.enc <lmssdo10.pfb
qx-lmsso10 LMSans10-Oblique "enclmqx ReEncodeFont" <lm-qx.enc <lmsso10.pfb
qx-lmsso12 LMSans12-Oblique "enclmqx ReEncodeFont" <lm-qx.enc <lmsso12.pfb
qx-lmsso17 LMSans17-Oblique "enclmqx ReEncodeFont" <lm-qx.enc <lmsso17.pfb
qx-lmsso8 LMSans8-Oblique "enclmqx ReEncodeFont" <lm-qx.enc <lmsso8.pfb
qx-lmsso9 LMSans9-Oblique "enclmqx ReEncodeFont" <lm-qx.enc <lmsso9.pfb
qx-lmssq8 LMSansQuotation8-Regular "enclmqx ReEncodeFont" <lm-qx.enc <lmssq8.pfb
qx-lmssqbo8 LMSansQuotation8-BoldOblique "enclmqx ReEncodeFont" <lm-qx.enc <lmssqbo8.pfb
qx-lmssqbx8 LMSansQuotation8-Bold "enclmqx ReEncodeFont" <lm-qx.enc <lmssqbx8.pfb
qx-lmssqo8 LMSansQuotation8-Oblique "enclmqx ReEncodeFont" <lm-qx.enc <lmssqo8.pfb
qx-lmtcsc10 LMTypewriter10-CapsRegular "enclmqxtt ReEncodeFont" <lm-qxtt.enc <lmtcsc10.pfb
qx-lmtcso10 LMTypewriter10-CapsOblique "enclmqxtt ReEncodeFont" <lm-qxtt.enc <lmtcso10.pfb
qx-lmtl10 LMTypewriter10-Light "enclmqxtt ReEncodeFont" <lm-qxtt.enc <lmtl10.pfb
qx-lmtlo10 LMTypewriter10-LightOblique "enclmqxtt ReEncodeFont" <lm-qxtt.enc <lmtlo10.pfb
qx-lmtlc10 LMTypewriter10-LightCondensed "enclmqxtt ReEncodeFont" <lm-qxtt.enc <lmtlc10.pfb
qx-lmtlco10 LMTypewriter10-LightCondensedOblique "enclmqxtt ReEncodeFont" <lm-qxtt.enc <lmtlco10.pfb
qx-lmtk10 LMTypewriter10-Dark "enclmqxtt ReEncodeFont" <lm-qxtt.enc <lmtk10.pfb
qx-lmtko10 LMTypewriter10-DarkOblique "enclmqxtt ReEncodeFont" <lm-qxtt.enc <lmtko10.pfb
qx-lmtt10 LMTypewriter10-Regular "enclmqxtt ReEncodeFont" <lm-qxtt.enc <lmtt10.pfb
qx-lmtt12 LMTypewriter12-Regular "enclmqxtt ReEncodeFont" <lm-qxtt.enc <lmtt12.pfb
qx-lmtt8 LMTypewriter8-Regular "enclmqxtt ReEncodeFont" <lm-qxtt.enc <lmtt8.pfb
qx-lmtt9 LMTypewriter9-Regular "enclmqxtt ReEncodeFont" <lm-qxtt.enc <lmtt9.pfb
qx-lmtti10 LMTypewriter10-Italic "enclmqxtt ReEncodeFont" <lm-qxtt.enc <lmtti10.pfb
qx-lmtto10 LMTypewriter10-Oblique "enclmqxtt ReEncodeFont" <lm-qxtt.enc <lmtto10.pfb
qx-lmvtt10 LMTypewriterVarWd10-Regular "enclmqx ReEncodeFont" <lm-qx.enc <lmvtt10.pfb
qx-lmvtto10 LMTypewriterVarWd10-Oblique "enclmqx ReEncodeFont" <lm-qx.enc <lmvtto10.pfb
qx-lmvtl10 LMTypewriterVarWd10-Light "enclmqx ReEncodeFont" <lm-qx.enc <lmvtl10.pfb
qx-lmvtlo10 LMTypewriterVarWd10-LightOblique "enclmqx ReEncodeFont" <lm-qx.enc <lmvtlo10.pfb
qx-lmvtk10 LMTypewriterVarWd10-Dark "enclmqx ReEncodeFont" <lm-qx.enc <lmvtk10.pfb
qx-lmvtko10 LMTypewriterVarWd10-DarkOblique "enclmqx ReEncodeFont" <lm-qx.enc <lmvtko10.pfb


% courier / urw

ucrr8v  VnNimbusMonL-Regu                          "T5Encoding ReEncodeFont" <t5.enc <ucrr8v.pfb
ucrro8v VnNimbusMonL-ReguObli                      "T5Encoding ReEncodeFont" <t5.enc <ucrro8v.pfb
ucrb8v  VnNimbusMonL-Bold                          "T5Encoding ReEncodeFont" <t5.enc <ucrb8v.pfb
ucrbo8v VnNimbusMonL-BoldObli                      "T5Encoding ReEncodeFont" <t5.enc <ucrbo8v.pfb

% helvetica / urw

uhvr8v  VnNimbusSanL-Regu                          "T5Encoding ReEncodeFont" <t5.enc <uhvr8v.pfb
uhvro8v VnNimbusSanL-ReguItal                      "T5Encoding ReEncodeFont" <t5.enc <uhvro8v.pfb
uhvb8v  VnNimbusSanL-Bold                          "T5Encoding ReEncodeFont" <t5.enc <uhvb8v.pfb
uhvbo8v VnNimbusSanL-BoldItal                      "T5Encoding ReEncodeFont" <t5.enc <uhvbo8v.pfb

% times / urw

utmr8v  VnNimbusRomNo9L-Regu                       "T5Encoding ReEncodeFont" <t5.enc <utmr8v.pfb
utmri8v VnNimbusRomNo9L-ReguItal                   "T5Encoding ReEncodeFont" <t5.enc <utmri8v.pfb
utmb8v  VnNimbusRomNo9L-Medi                       "T5Encoding ReEncodeFont" <t5.enc <utmb8v.pfb
utmbi8v VnNimbusRomNo9L-MediItal                   "T5Encoding ReEncodeFont" <t5.enc <utmbi8v.pfb

utmro8v VnNimbusRomNo9L-Regu       "0.277 SlantFont T5Encoding ReEncodeFont" <t5.enc <utmr8v.pfb
utmbo8v VnNimbusRomNo9L-Medi       "0.277 SlantFont T5Encoding ReEncodeFont" <t5.enc <utmb8v.pfb

% palatino / urw

uplr8v  VnURWPalladioL-Roma                        "T5Encoding ReEncodeFont" <t5.enc <uplr8v.pfb
uplri8v VnURWPalladioL-Ital                        "T5Encoding ReEncodeFont" <t5.enc <uplri8v.pfb
uplb8v  VnURWPalladioL-Bold                        "T5Encoding ReEncodeFont" <t5.enc <uplb8v.pfb
uplbi8v VnURWPalladioL-BoldItal                    "T5Encoding ReEncodeFont" <t5.enc <uplbi8v.pfb

uplro8v VnURWPalladioL-Roma        "0.277 SlantFont T5Encoding ReEncodeFont" <t5.enc <uplr8v.pfb
uplbo8v VnURWPalladioL-Bold        "0.277 SlantFont T5Encoding ReEncodeFont" <t5.enc <uplb8v.pfb

% bookman / urw

ubkl8v  VnURWBookmanL-Ligh                         "T5Encoding ReEncodeFont" <t5.enc <ubkl8v.pfb
ubkli8v VnURWBookmanL-LighItal                     "T5Encoding ReEncodeFont" <t5.enc <ubkli8v.pfb
ubkd8v  VnURWBookmanL-DemiBold                     "T5Encoding ReEncodeFont" <t5.enc <ubkd8v.pfb
ubkdi8v VnURWBookmanL-DemiBoldItal                 "T5Encoding ReEncodeFont" <t5.enc <ubkdi8v.pfb

ubklo8v VnURWBookmanL-Ligh         "0.277 SlantFont T5Encoding ReEncodeFont" <t5.enc <ubkl8v.pfb
ubkdo8v VnURWBookmanL-DemiBold     "0.277 SlantFont T5Encoding ReEncodeFont" <t5.enc <ubkd8v.pfb

% chancery / urw

% not supported
%
% schoolbook / urw

uncr8v  VnCenturySchL-Roma                         "T5Encoding ReEncodeFont" <t5.enc <uncr8v.pfb
uncri8v VnCenturySchL-Ital                         "T5Encoding ReEncodeFont" <t5.enc <uncri8v.pfb
uncb8v  VnCenturySchL-Bold                         "T5Encoding ReEncodeFont" <t5.enc <uncb8v.pfb
uncbi8v VnCenturySchL-BoldItal                     "T5Encoding ReEncodeFont" <t5.enc <uncbi8v.pfb

uncro8v VnCenturySchL-Roma         "0.277 SlantFont T5Encoding ReEncodeFont" <t5.enc <uncr8v.pfb
uncbo8v VnCenturySchL-Bold         "0.277 SlantFont T5Encoding ReEncodeFont" <t5.enc <uncb8v.pfb

% utopia
%
% not supported

% charter
%
% not supported

% gothic / urw

uagk8v  VnURWGothicL-Book                          "T5Encoding ReEncodeFont" <t5.enc <uagk8v.pfb
uagko8v VnURWGothicL-BookObli                      "T5Encoding ReEncodeFont" <t5.enc <uagko8v.pfb
uagd8v  VnURWGothicL-Demi                          "T5Encoding ReEncodeFont" <t5.enc <uagd8v.pfb
uagdo8v VnURWGothicL-DemiObli                      "T5Encoding ReEncodeFont" <t5.enc <uagdo8v.pfb


t5-lmb10 LMRoman10-Demi "enclmt5 ReEncodeFont" <lm-t5.enc <lmb10.pfb
t5-lmbo10 LMRoman10-DemiOblique "enclmt5 ReEncodeFont" <lm-t5.enc <lmbo10.pfb
t5-lmbx10 LMRoman10-Bold "enclmt5 ReEncodeFont" <lm-t5.enc <lmbx10.pfb
t5-lmbx12 LMRoman12-Bold "enclmt5 ReEncodeFont" <lm-t5.enc <lmbx12.pfb
t5-lmbx5 LMRoman5-Bold "enclmt5 ReEncodeFont" <lm-t5.enc <lmbx5.pfb
t5-lmbx6 LMRoman6-Bold "enclmt5 ReEncodeFont" <lm-t5.enc <lmbx6.pfb
t5-lmbx7 LMRoman7-Bold "enclmt5 ReEncodeFont" <lm-t5.enc <lmbx7.pfb
t5-lmbx8 LMRoman8-Bold "enclmt5 ReEncodeFont" <lm-t5.enc <lmbx8.pfb
t5-lmbx9 LMRoman9-Bold "enclmt5 ReEncodeFont" <lm-t5.enc <lmbx9.pfb
t5-lmbxi10 LMRoman10-BoldItalic "enclmt5 ReEncodeFont" <lm-t5.enc <lmbxi10.pfb
t5-lmbxo10 LMRoman10-BoldOblique "enclmt5 ReEncodeFont" <lm-t5.enc <lmbxo10.pfb
t5-lmcsc10 LMRoman10-CapsRegular "enclmt5 ReEncodeFont" <lm-t5.enc <lmcsc10.pfb
t5-lmcsco10 LMRoman10-CapsOblique "enclmt5 ReEncodeFont" <lm-t5.enc <lmcsco10.pfb
t5-lmr10 LMRoman10-Regular "enclmt5 ReEncodeFont" <lm-t5.enc <lmr10.pfb
t5-lmr12 LMRoman12-Regular "enclmt5 ReEncodeFont" <lm-t5.enc <lmr12.pfb
t5-lmr17 LMRoman17-Regular "enclmt5 ReEncodeFont" <lm-t5.enc <lmr17.pfb
t5-lmr5 LMRoman5-Regular "enclmt5 ReEncodeFont" <lm-t5.enc <lmr5.pfb
t5-lmr6 LMRoman6-Regular "enclmt5 ReEncodeFont" <lm-t5.enc <lmr6.pfb
t5-lmr7 LMRoman7-Regular "enclmt5 ReEncodeFont" <lm-t5.enc <lmr7.pfb
t5-lmr8 LMRoman8-Regular "enclmt5 ReEncodeFont" <lm-t5.enc <lmr8.pfb
t5-lmr9 LMRoman9-Regular "enclmt5 ReEncodeFont" <lm-t5.enc <lmr9.pfb
t5-lmri10 LMRoman10-Italic "enclmt5 ReEncodeFont" <lm-t5.enc <lmri10.pfb
t5-lmri12 LMRoman12-Italic "enclmt5 ReEncodeFont" <lm-t5.enc <lmri12.pfb
t5-lmri7 LMRoman7-Italic "enclmt5 ReEncodeFont" <lm-t5.enc <lmri7.pfb
t5-lmri8 LMRoman8-Italic "enclmt5 ReEncodeFont" <lm-t5.enc <lmri8.pfb
t5-lmri9 LMRoman9-Italic "enclmt5 ReEncodeFont" <lm-t5.enc <lmri9.pfb
t5-lmro10 LMRoman10-Oblique "enclmt5 ReEncodeFont" <lm-t5.enc <lmro10.pfb
t5-lmro12 LMRoman12-Oblique "enclmt5 ReEncodeFont" <lm-t5.enc <lmro12.pfb
t5-lmro17 LMRoman17-Oblique "enclmt5 ReEncodeFont" <lm-t5.enc <lmro17.pfb
t5-lmro8 LMRoman8-Oblique "enclmt5 ReEncodeFont" <lm-t5.enc <lmro8.pfb
t5-lmro9 LMRoman9-Oblique "enclmt5 ReEncodeFont" <lm-t5.enc <lmro9.pfb
t5-lmss10 LMSans10-Regular "enclmt5 ReEncodeFont" <lm-t5.enc <lmss10.pfb
t5-lmss12 LMSans12-Regular "enclmt5 ReEncodeFont" <lm-t5.enc <lmss12.pfb
t5-lmss17 LMSans17-Regular "enclmt5 ReEncodeFont" <lm-t5.enc <lmss17.pfb
t5-lmss8 LMSans8-Regular "enclmt5 ReEncodeFont" <lm-t5.enc <lmss8.pfb
t5-lmss9 LMSans9-Regular "enclmt5 ReEncodeFont" <lm-t5.enc <lmss9.pfb
t5-lmssbo10 LMSans10-BoldOblique "enclmt5 ReEncodeFont" <lm-t5.enc <lmssbo10.pfb
t5-lmssbx10 LMSans10-Bold "enclmt5 ReEncodeFont" <lm-t5.enc <lmssbx10.pfb
t5-lmssdc10 LMSans10-DemiCondensed "enclmt5 ReEncodeFont" <lm-t5.enc <lmssdc10.pfb
t5-lmssdo10 LMSans10-DemiCondensedOblique "enclmt5 ReEncodeFont" <lm-t5.enc <lmssdo10.pfb
t5-lmsso10 LMSans10-Oblique "enclmt5 ReEncodeFont" <lm-t5.enc <lmsso10.pfb
t5-lmsso12 LMSans12-Oblique "enclmt5 ReEncodeFont" <lm-t5.enc <lmsso12.pfb
t5-lmsso17 LMSans17-Oblique "enclmt5 ReEncodeFont" <lm-t5.enc <lmsso17.pfb
t5-lmsso8 LMSans8-Oblique "enclmt5 ReEncodeFont" <lm-t5.enc <lmsso8.pfb
t5-lmsso9 LMSans9-Oblique "enclmt5 ReEncodeFont" <lm-t5.enc <lmsso9.pfb
t5-lmssq8 LMSansQuotation8-Regular "enclmt5 ReEncodeFont" <lm-t5.enc <lmssq8.pfb
t5-lmssqbo8 LMSansQuotation8-BoldOblique "enclmt5 ReEncodeFont" <lm-t5.enc <lmssqbo8.pfb
t5-lmssqbx8 LMSansQuotation8-Bold "enclmt5 ReEncodeFont" <lm-t5.enc <lmssqbx8.pfb
t5-lmssqo8 LMSansQuotation8-Oblique "enclmt5 ReEncodeFont" <lm-t5.enc <lmssqo8.pfb
t5-lmtcsc10 LMTypewriter10-CapsRegular "enclmt5 ReEncodeFont" <lm-t5.enc <lmtcsc10.pfb
t5-lmtcso10 LMTypewriter10-CapsOblique "enclmt5 ReEncodeFont" <lm-t5.enc <lmtcso10.pfb
t5-lmtl10 LMTypewriter10-Light "enclmt5 ReEncodeFont" <lm-t5.enc <lmtl10.pfb
t5-lmtlo10 LMTypewriter10-LightOblique "enclmt5 ReEncodeFont" <lm-t5.enc <lmtlo10.pfb
t5-lmtlc10 LMTypewriter10-LightCondensed "enclmt5 ReEncodeFont" <lm-t5.enc <lmtlc10.pfb
t5-lmtlco10 LMTypewriter10-LightCondensedOblique "enclmt5 ReEncodeFont" <lm-t5.enc <lmtlco10.pfb
t5-lmtk10 LMTypewriter10-Dark "enclmt5 ReEncodeFont" <lm-t5.enc <lmtk10.pfb
t5-lmtko10 LMTypewriter10-DarkOblique "enclmt5 ReEncodeFont" <lm-t5.enc <lmtko10.pfb
t5-lmtt10 LMTypewriter10-Regular "enclmt5 ReEncodeFont" <lm-t5.enc <lmtt10.pfb
t5-lmtt12 LMTypewriter12-Regular "enclmt5 ReEncodeFont" <lm-t5.enc <lmtt12.pfb
t5-lmtt8 LMTypewriter8-Regular "enclmt5 ReEncodeFont" <lm-t5.enc <lmtt8.pfb
t5-lmtt9 LMTypewriter9-Regular "enclmt5 ReEncodeFont" <lm-t5.enc <lmtt9.pfb
t5-lmtti10 LMTypewriter10-Italic "enclmt5 ReEncodeFont" <lm-t5.enc <lmtti10.pfb
t5-lmtto10 LMTypewriter10-Oblique "enclmt5 ReEncodeFont" <lm-t5.enc <lmtto10.pfb
t5-lmvtt10 LMTypewriterVarWd10-Regular "enclmt5 ReEncodeFont" <lm-t5.enc <lmvtt10.pfb
t5-lmvtto10 LMTypewriterVarWd10-Oblique "enclmt5 ReEncodeFont" <lm-t5.enc <lmvtto10.pfb
t5-lmvtl10 LMTypewriterVarWd10-Light "enclmt5 ReEncodeFont" <lm-t5.enc <lmvtl10.pfb
t5-lmvtlo10 LMTypewriterVarWd10-LightOblique "enclmt5 ReEncodeFont" <lm-t5.enc <lmvtlo10.pfb
t5-lmvtk10 LMTypewriterVarWd10-Dark "enclmt5 ReEncodeFont" <lm-t5.enc <lmvtk10.pfb
t5-lmvtko10 LMTypewriterVarWd10-DarkOblique "enclmt5 ReEncodeFont" <lm-t5.enc <lmvtko10.pfb


% author: Hans Hagen
%
% This map file defines the texnansi alternatives of the public fonts,
% beware, these are seldom present on your system. If you really want
% to use these fonts, uncomment the relevant lines. If no fonts are
% present, pdftex may get confused.

% courier / urw

% ucrb8y  NimbusMonL-Bold          <texnansi.enc <ucrb8a.pfb
% ucrbo8y NimbusMonL-BoldObli      <texnansi.enc <ucrbo8a.pfb
% ucrr8y  NimbusMonL-Regu          <texnansi.enc <ucrr8a.pfb
% ucrro8y NimbusMonL-ReguObli      <texnansi.enc <ucrro8a.pfb

% courier / adobe

% pcrb8y  NimbusMonL-Bold          <texnansi.enc <ucrb8a.pfb
% pcrbo8y NimbusMonL-BoldObli      <texnansi.enc <ucrbo8a.pfb
% pcrr8y  NimbusMonL-Regu          <texnansi.enc <ucrr8a.pfb
% pcrro8y NimbusMonL-ReguObli      <texnansi.enc <ucrro8a.pfb

% helvetica / urw

% uhvb8y  NimbusSanL-Bold          <texnansi.enc <uhvb8a.pfb
% uhvbo8y NimbusSanL-BoldItal      <texnansi.enc <uhvbo8a.pfb
% uhvr8y  NimbusSanL-Regu          <texnansi.enc <uhvr8a.pfb
% uhvro8y NimbusSanL-ReguItal      <texnansi.enc <uhvro8a.pfb

% helvetica / adobe

% phvb8y  NimbusSanL-Bold          <texnansi.enc <uhvb8a.pfb
% phvbo8y NimbusSanL-BoldItal      <texnansi.enc <uhvbo8a.pfb
% phvr8y  NimbusSanL-Regu          <texnansi.enc <uhvr8a.pfb
% phvro8y NimbusSanL-ReguItal      <texnansi.enc <uhvro8a.pfb

% times / urw

% utmb8y  NimbusRomNo9L-Medi       <texnansi.enc <utmb8a.pfb
% utmbi8y NimbusRomNo9L-MediItal   <texnansi.enc <utmbi8a.pfb
% utmr8y  NimbusRomNo9L-Regu       <texnansi.enc <utmr8a.pfb
% utmri8y NimbusRomNo9L-ReguItal   <texnansi.enc <utmri8a.pfb

% utmbo8y NimbusRomNo9L-Medi       ".167 SlantFont" <texnansi.enc <utmb8a.pfb
% utmro8y NimbusRomNo9L-Regu       ".167 SlantFont" <texnansi.enc <utmr8a.pfb

% times / adobe

% ptmb8y  NimbusRomNo9L-Medi       <texnansi.enc <utmb8a.pfb
% ptmbi8y NimbusRomNo9L-MediItal   <texnansi.enc <utmbi8a.pfb
% ptmr8y  NimbusRomNo9L-Regu       <texnansi.enc <utmr8a.pfb
% ptmri8y NimbusRomNo9L-ReguItal   <texnansi.enc <utmri8a.pfb

% ptmbo8y NimbusRomNo9L-Medi       ".167 SlantFont" <texnansi.enc <utmb8a.pfb
% ptmro8y NimbusRomNo9L-Regu       ".167 SlantFont" <texnansi.enc <utmr8a.pfb

% palatino / urw

% uplb8y  URWPalladioL-Bold        <texnansi.enc <uplb8a.pfb
% uplbi8y URWPalladioL-BoldItal    <texnansi.enc <uplbi8a.pfb
% uplr8y  URWPalladioL-Roma        <texnansi.enc <uplr8a.pfb
% uplri8y URWPalladioL-Ital        <texnansi.enc <uplri8a.pfb

% uplbo8y URWPalladioL-Bold        ".167 SlantFont" <texnansi.enc <uplb8a.pfb
% uplro8y URWPalladioL-Roma        ".167 SlantFont" <texnansi.enc <uplr8a.pfb

% palatino / adobe

% pplb8y  URWPalladioL-Bold        <texnansi.enc <uplb8a.pfb
% pplbi8y URWPalladioL-BoldItal    <texnansi.enc <uplbi8a.pfb
% pplr8y  URWPalladioL-Roma        <texnansi.enc <uplr8a.pfb
% pplri8y URWPalladioL-Ital        <texnansi.enc <uplri8a.pfb

% pplbo8y URWPalladioL-Bold        ".167 SlantFont" <texnansi.enc <uplb8a.pfb
% pplro8y URWPalladioL-Roma        ".167 SlantFont" <texnansi.enc <uplr8a.pfb

% bookman / urw

% ubkd8y  URWBookmanL-DemiBold     <texnansi.enc <ubkd8a.pfb
% ubkdi8y URWBookmanL-DemiBoldItal <texnansi.enc <ubkdi8a.pfb
% ubkl8y  URWBookmanL-Ligh         <texnansi.enc <ubkl8a.pfb
% vubkli8y URWBookmanL-LighItal     <texnansi.enc <ubkli8a.pfb

% ubkdo8y URWBookmanL-DemiBold     ".167 SlantFont" <texnansi.enc <ubkd8a.pfb
% ubklo8y URWBookmanL-Ligh         ".167 SlantFont" <texnansi.enc <ubkl8a.pfb

% bookman / adobe

% pbkd8y  URWBookmanL-DemiBold     <texnansi.enc <ubkd8a.pfb
% pbkdi8y URWBookmanL-DemiBoldItal <texnansi.enc <ubkdi8a.pfb
% pbkl8y  URWBookmanL-Ligh         <texnansi.enc <ubkl8a.pfb
% pbkli8y URWBookmanL-LighItal     <texnansi.enc <ubkli8a.pfb

% pbkdo8y URWBookmanL-DemiBold     ".167 SlantFont" <texnansi.enc <ubkd8a.pfb
% pbklo8y URWBookmanL-Ligh         ".167 SlantFont" <texnansi.enc <ubkl8a.pfb

% chancery / urw

% uzcmi8y URWChanceryL-MediItal    <texnansi.enc <uzcmi8a.pfb

% chancery / adobe

% pzcmi8y URWChanceryL-MediItal    <texnansi.enc <uzcmi8a.pfb

% schoolbook / urw

% uncb8y  CenturySchL-Bold         <texnansi.enc <uncb8a.pfb
% uncbi8y CenturySchL-BoldItal     <texnansi.enc <uncbi8a.pfb
% uncr8y  CenturySchL-Roma         <texnansi.enc <uncr8a.pfb
% uncri8y CenturySchL-Ital         <texnansi.enc <uncri8a.pfb

% uncbo8y CenturySchL-Bold         ".167 SlantFont" <texnansi.enc <uncb8a.pfb
% uncro8y CenturySchL-Roma         ".167 SlantFont" <texnansi.enc <uncr8a.pfb

% schoolbook / adobe

% pncb8y  CenturySchL-Bold         <texnansi.enc <uncb8a.pfb
% pncbi8y CenturySchL-BoldItal     <texnansi.enc <uncbi8a.pfb
% pncr8y  CenturySchL-Roma         <texnansi.enc <uncr8a.pfb
% pncri8y CenturySchL-Ital         <texnansi.enc <uncri8a.pfb

% pncbo8y CenturySchL-Bold         ".167 SlantFont" <texnansi.enc <uncb8a.pfb
% pncro8y CenturySchL-Roma         ".167 SlantFont" <texnansi.enc <uncr8a.pfb

% utopia

% putb8y  Utopia-Bold              <texnansi.enc <putb8a.pfb
% putbi8y Utopia-BoldItalic        <texnansi.enc <putbi8a.pfb
% putr8y  Utopia-Regular           <texnansi.enc <putr8a.pfb
% putri8y Utopia-Italic            <texnansi.enc <putri8a.pfb

% putbo8y Utopia-Bold              ".167 SlantFont" <texnansi.enc <putb8a.pfb
% putro8y Utopia-Regular           ".167 SlantFont" <texnansi.enc <putr8a.pfb

% charter

% bchb8y  CharterBT-Bold           <texnansi.enc <bchb8a.pfb
% bchbi8y CharterBT-BoldItalic     <texnansi.enc <bchbi8a.pfb
% bchr8y  CharterBT-Roman          <texnansi.enc <bchr8a.pfb
% bchri8y CharterBT-Italic         <texnansi.enc <bchri8a.pfb

% bchbo8y CharterBT-Bold           ".167 SlantFont"  <texnansi.enc <bchb8a.pfb
% bchro8y CharterBT-Roman          ".167 SlantFont " <texnansi.enc <bchr8a.pfb

texnansi-lmb10 LMRoman10-Demi "enclmtexnansi ReEncodeFont" <lm-texnansi.enc <lmb10.pfb
texnansi-lmbo10 LMRoman10-DemiOblique "enclmtexnansi ReEncodeFont" <lm-texnansi.enc <lmbo10.pfb
texnansi-lmbx10 LMRoman10-Bold "enclmtexnansi ReEncodeFont" <lm-texnansi.enc <lmbx10.pfb
texnansi-lmbx12 LMRoman12-Bold "enclmtexnansi ReEncodeFont" <lm-texnansi.enc <lmbx12.pfb
texnansi-lmbx5 LMRoman5-Bold "enclmtexnansi ReEncodeFont" <lm-texnansi.enc <lmbx5.pfb
texnansi-lmbx6 LMRoman6-Bold "enclmtexnansi ReEncodeFont" <lm-texnansi.enc <lmbx6.pfb
texnansi-lmbx7 LMRoman7-Bold "enclmtexnansi ReEncodeFont" <lm-texnansi.enc <lmbx7.pfb
texnansi-lmbx8 LMRoman8-Bold "enclmtexnansi ReEncodeFont" <lm-texnansi.enc <lmbx8.pfb
texnansi-lmbx9 LMRoman9-Bold "enclmtexnansi ReEncodeFont" <lm-texnansi.enc <lmbx9.pfb
texnansi-lmbxi10 LMRoman10-BoldItalic "enclmtexnansi ReEncodeFont" <lm-texnansi.enc <lmbxi10.pfb
texnansi-lmbxo10 LMRoman10-BoldOblique "enclmtexnansi ReEncodeFont" <lm-texnansi.enc <lmbxo10.pfb
texnansi-lmcsc10 LMRoman10-CapsRegular "enclmtexnansi ReEncodeFont" <lm-texnansi.enc <lmcsc10.pfb
texnansi-lmcsco10 LMRoman10-CapsOblique "enclmtexnansi ReEncodeFont" <lm-texnansi.enc <lmcsco10.pfb
texnansi-lmr10 LMRoman10-Regular "enclmtexnansi ReEncodeFont" <lm-texnansi.enc <lmr10.pfb
texnansi-lmr12 LMRoman12-Regular "enclmtexnansi ReEncodeFont" <lm-texnansi.enc <lmr12.pfb
texnansi-lmr17 LMRoman17-Regular "enclmtexnansi ReEncodeFont" <lm-texnansi.enc <lmr17.pfb
texnansi-lmr5 LMRoman5-Regular "enclmtexnansi ReEncodeFont" <lm-texnansi.enc <lmr5.pfb
texnansi-lmr6 LMRoman6-Regular "enclmtexnansi ReEncodeFont" <lm-texnansi.enc <lmr6.pfb
texnansi-lmr7 LMRoman7-Regular "enclmtexnansi ReEncodeFont" <lm-texnansi.enc <lmr7.pfb
texnansi-lmr8 LMRoman8-Regular "enclmtexnansi ReEncodeFont" <lm-texnansi.enc <lmr8.pfb
texnansi-lmr9 LMRoman9-Regular "enclmtexnansi ReEncodeFont" <lm-texnansi.enc <lmr9.pfb
texnansi-lmri10 LMRoman10-Italic "enclmtexnansi ReEncodeFont" <lm-texnansi.enc <lmri10.pfb
texnansi-lmri12 LMRoman12-Italic "enclmtexnansi ReEncodeFont" <lm-texnansi.enc <lmri12.pfb
texnansi-lmri7 LMRoman7-Italic "enclmtexnansi ReEncodeFont" <lm-texnansi.enc <lmri7.pfb
texnansi-lmri8 LMRoman8-Italic "enclmtexnansi ReEncodeFont" <lm-texnansi.enc <lmri8.pfb
texnansi-lmri9 LMRoman9-Italic "enclmtexnansi ReEncodeFont" <lm-texnansi.enc <lmri9.pfb
texnansi-lmro10 LMRoman10-Oblique "enclmtexnansi ReEncodeFont" <lm-texnansi.enc <lmro10.pfb
texnansi-lmro12 LMRoman12-Oblique "enclmtexnansi ReEncodeFont" <lm-texnansi.enc <lmro12.pfb
texnansi-lmro17 LMRoman17-Oblique "enclmtexnansi ReEncodeFont" <lm-texnansi.enc <lmro17.pfb
texnansi-lmro8 LMRoman8-Oblique "enclmtexnansi ReEncodeFont" <lm-texnansi.enc <lmro8.pfb
texnansi-lmro9 LMRoman9-Oblique "enclmtexnansi ReEncodeFont" <lm-texnansi.enc <lmro9.pfb
texnansi-lmss10 LMSans10-Regular "enclmtexnansi ReEncodeFont" <lm-texnansi.enc <lmss10.pfb
texnansi-lmss12 LMSans12-Regular "enclmtexnansi ReEncodeFont" <lm-texnansi.enc <lmss12.pfb
texnansi-lmss17 LMSans17-Regular "enclmtexnansi ReEncodeFont" <lm-texnansi.enc <lmss17.pfb
texnansi-lmss8 LMSans8-Regular "enclmtexnansi ReEncodeFont" <lm-texnansi.enc <lmss8.pfb
texnansi-lmss9 LMSans9-Regular "enclmtexnansi ReEncodeFont" <lm-texnansi.enc <lmss9.pfb
texnansi-lmssbo10 LMSans10-BoldOblique "enclmtexnansi ReEncodeFont" <lm-texnansi.enc <lmssbo10.pfb
texnansi-lmssbx10 LMSans10-Bold "enclmtexnansi ReEncodeFont" <lm-texnansi.enc <lmssbx10.pfb
texnansi-lmssdc10 LMSans10-DemiCondensed "enclmtexnansi ReEncodeFont" <lm-texnansi.enc <lmssdc10.pfb
texnansi-lmssdo10 LMSans10-DemiCondensedOblique "enclmtexnansi ReEncodeFont" <lm-texnansi.enc <lmssdo10.pfb
texnansi-lmsso10 LMSans10-Oblique "enclmtexnansi ReEncodeFont" <lm-texnansi.enc <lmsso10.pfb
texnansi-lmsso12 LMSans12-Oblique "enclmtexnansi ReEncodeFont" <lm-texnansi.enc <lmsso12.pfb
texnansi-lmsso17 LMSans17-Oblique "enclmtexnansi ReEncodeFont" <lm-texnansi.enc <lmsso17.pfb
texnansi-lmsso8 LMSans8-Oblique "enclmtexnansi ReEncodeFont" <lm-texnansi.enc <lmsso8.pfb
texnansi-lmsso9 LMSans9-Oblique "enclmtexnansi ReEncodeFont" <lm-texnansi.enc <lmsso9.pfb
texnansi-lmssq8 LMSansQuotation8-Regular "enclmtexnansi ReEncodeFont" <lm-texnansi.enc <lmssq8.pfb
texnansi-lmssqbo8 LMSansQuotation8-BoldOblique "enclmtexnansi ReEncodeFont" <lm-texnansi.enc <lmssqbo8.pfb
texnansi-lmssqbx8 LMSansQuotation8-Bold "enclmtexnansi ReEncodeFont" <lm-texnansi.enc <lmssqbx8.pfb
texnansi-lmssqo8 LMSansQuotation8-Oblique "enclmtexnansi ReEncodeFont" <lm-texnansi.enc <lmssqo8.pfb
texnansi-lmtcsc10 LMTypewriter10-CapsRegular "enclmtexnansi ReEncodeFont" <lm-texnansi.enc <lmtcsc10.pfb
texnansi-lmtcso10 LMTypewriter10-CapsOblique "enclmtexnansi ReEncodeFont" <lm-texnansi.enc <lmtcso10.pfb
texnansi-lmtl10 LMTypewriter10-Light "enclmtexnansi ReEncodeFont" <lm-texnansi.enc <lmtl10.pfb
texnansi-lmtlo10 LMTypewriter10-LightOblique "enclmtexnansi ReEncodeFont" <lm-texnansi.enc <lmtlo10.pfb
texnansi-lmtlc10 LMTypewriter10-LightCondensed "enclmtexnansi ReEncodeFont" <lm-texnansi.enc <lmtlc10.pfb
texnansi-lmtlco10 LMTypewriter10-LightCondensedOblique "enclmtexnansi ReEncodeFont" <lm-texnansi.enc <lmtlco10.pfb
texnansi-lmtk10 LMTypewriter10-Dark "enclmtexnansi ReEncodeFont" <lm-texnansi.enc <lmtk10.pfb
texnansi-lmtko10 LMTypewriter10-DarkOblique "enclmtexnansi ReEncodeFont" <lm-texnansi.enc <lmtko10.pfb
texnansi-lmtt10 LMTypewriter10-Regular "enclmtexnansi ReEncodeFont" <lm-texnansi.enc <lmtt10.pfb
texnansi-lmtt12 LMTypewriter12-Regular "enclmtexnansi ReEncodeFont" <lm-texnansi.enc <lmtt12.pfb
texnansi-lmtt8 LMTypewriter8-Regular "enclmtexnansi ReEncodeFont" <lm-texnansi.enc <lmtt8.pfb
texnansi-lmtt9 LMTypewriter9-Regular "enclmtexnansi ReEncodeFont" <lm-texnansi.enc <lmtt9.pfb
texnansi-lmtti10 LMTypewriter10-Italic "enclmtexnansi ReEncodeFont" <lm-texnansi.enc <lmtti10.pfb
texnansi-lmtto10 LMTypewriter10-Oblique "enclmtexnansi ReEncodeFont" <lm-texnansi.enc <lmtto10.pfb
texnansi-lmvtt10 LMTypewriterVarWd10-Regular "enclmtexnansi ReEncodeFont" <lm-texnansi.enc <lmvtt10.pfb
texnansi-lmvtto10 LMTypewriterVarWd10-Oblique "enclmtexnansi ReEncodeFont" <lm-texnansi.enc <lmvtto10.pfb
texnansi-lmvtl10 LMTypewriterVarWd10-Light "enclmtexnansi ReEncodeFont" <lm-texnansi.enc <lmvtl10.pfb
texnansi-lmvtlo10 LMTypewriterVarWd10-LightOblique "enclmtexnansi ReEncodeFont" <lm-texnansi.enc <lmvtlo10.pfb
texnansi-lmvtk10 LMTypewriterVarWd10-Dark "enclmtexnansi ReEncodeFont" <lm-texnansi.enc <lmvtk10.pfb
texnansi-lmvtko10 LMTypewriterVarWd10-DarkOblique "enclmtexnansi ReEncodeFont" <lm-texnansi.enc <lmvtko10.pfb
