% author: Hans Hagen
%
% This map file defines ec (cork) encoded Latin Modern adapted for
% umlauts and other variations.

cork-var-lmb10    LMRomanDemi10-Regular        <cork-var-lm.enc <lmb10.pfb
cork-var-lmbo10   LMRomanDemi10-Italic         <cork-var-lm.enc <lmbo10.pfb
cork-var-lmbx10   LMRoman10-Bold               <cork-var-lm.enc <lmbx10.pfb
cork-var-lmbx12   LMRoman12-Bold               <cork-var-lm.enc <lmbx12.pfb
cork-var-lmbx5    LMRoman5-Bold                <cork-var-lm.enc <lmbx5.pfb
cork-var-lmbx6    LMRoman6-Bold                <cork-var-lm.enc <lmbx6.pfb
cork-var-lmbx7    LMRoman7-Bold                <cork-var-lm.enc <lmbx7.pfb
cork-var-lmbx8    LMRoman8-Bold                <cork-var-lm.enc <lmbx8.pfb
cork-var-lmbx9    LMRoman9-Bold                <cork-var-lm.enc <lmbx9.pfb
cork-var-lmbxi10  LMRoman10-BoldItalic         <cork-var-lm.enc <lmbxi10.pfb
cork-var-lmbxo10  LMSlanted10-BoldItalic       <cork-var-lm.enc <lmbxo10.pfb
cork-var-lmcsc10  LMCaps10-Regular             <cork-var-lm.enc <lmcsc10.pfb
cork-var-lmcsco10 LMCaps10-Italic              <cork-var-lm.enc <lmcsco10.pfb
cork-var-lmr10    LMRoman10-Regular            <cork-var-lm.enc <lmr10.pfb
cork-var-lmr12    LMRoman12-Regular            <cork-var-lm.enc <lmr12.pfb
cork-var-lmr17    LMRoman17-Regular            <cork-var-lm.enc <lmr17.pfb
cork-var-lmr5     LMRoman5-Regular             <cork-var-lm.enc <lmr5.pfb
cork-var-lmr6     LMRoman6-Regular             <cork-var-lm.enc <lmr6.pfb
cork-var-lmr7     LMRoman7-Regular             <cork-var-lm.enc <lmr7.pfb
cork-var-lmr8     LMRoman8-Regular             <cork-var-lm.enc <lmr8.pfb
cork-var-lmr9     LMRoman9-Regular             <cork-var-lm.enc <lmr9.pfb
cork-var-lmri10   LMRoman10-Italic             <cork-var-lm.enc <lmri10.pfb
cork-var-lmri12   LMRoman12-Italic             <cork-var-lm.enc <lmri12.pfb
cork-var-lmri7    LMRoman7-Italic              <cork-var-lm.enc <lmri7.pfb
cork-var-lmri8    LMRoman8-Italic              <cork-var-lm.enc <lmri8.pfb
cork-var-lmri9    LMRoman9-Italic              <cork-var-lm.enc <lmri9.pfb
cork-var-lmro10   LMSlanted10-Italic           <cork-var-lm.enc <lmro10.pfb
cork-var-lmro12   LMSlanted12-Italic           <cork-var-lm.enc <lmro12.pfb
cork-var-lmro8    LMSlanted8-Italic            <cork-var-lm.enc <lmro8.pfb
cork-var-lmro9    LMSlanted9-Italic            <cork-var-lm.enc <lmro9.pfb
cork-var-lmss10   LMSans10-Regular             <cork-var-lm.enc <lmss10.pfb
cork-var-lmss12   LMSans12-Regular             <cork-var-lm.enc <lmss12.pfb
cork-var-lmss17   LMSans17-Regular             <cork-var-lm.enc <lmss17.pfb
cork-var-lmss8    LMSans8-Regular              <cork-var-lm.enc <lmss8.pfb
cork-var-lmss9    LMSans9-Regular              <cork-var-lm.enc <lmss9.pfb
cork-var-lmssbo10 LMSans10-BoldItalic          <cork-var-lm.enc <lmssbo10.pfb
cork-var-lmssbx10 LMSans10-Bold                <cork-var-lm.enc <lmssbx10.pfb
cork-var-lmssdc10 LMSansDemiCond10-Regular     <cork-var-lm.enc <lmssdc10.pfb
cork-var-lmssdo10 LMSansDemiCond10-Italic      <cork-var-lm.enc <lmssdo10.pfb
cork-var-lmsso10  LMSans10-Italic              <cork-var-lm.enc <lmsso10.pfb
cork-var-lmsso12  LMSans12-Italic              <cork-var-lm.enc <lmsso12.pfb
cork-var-lmsso17  LMSans17-Italic              <cork-var-lm.enc <lmsso17.pfb
cork-var-lmsso8   LMSans8-Italic               <cork-var-lm.enc <lmsso8.pfb
cork-var-lmsso9   LMSans9-Italic               <cork-var-lm.enc <lmsso9.pfb
cork-var-lmssq8   LMSansQuotation8-Regular     <cork-var-lm.enc <lmssq8.pfb
cork-var-lmssqbo8 LMSansQuotation8-BoldItalic  <cork-var-lm.enc <lmssqbo8.pfb
cork-var-lmssqbx8 LMSansQuotation8-Bold        <cork-var-lm.enc <lmssqbx8.pfb
cork-var-lmssqo8  LMSansQuotation8-Italic      <cork-var-lm.enc <lmssqo8.pfb
cork-var-lmtcsc10 LMTypewriterCaps10-Regular   <cork-var-lm.enc <lmtcsc10.pfb
cork-var-lmtt10   LMTypewriter10-Regular       <cork-var-lm.enc <lmtt10.pfb
cork-var-lmtt12   LMTypewriter12-Regular       <cork-var-lm.enc <lmtt12.pfb
cork-var-lmtt8    LMTypewriter8-Regular        <cork-var-lm.enc <lmtt8.pfb
cork-var-lmtt9    LMTypewriter9-Regular        <cork-var-lm.enc <lmtt9.pfb
cork-var-lmtti10  LMTypewriter10-Italic        <cork-var-lm.enc <lmtti10.pfb
cork-var-lmtto10  LMTypewriterSlanted10-Italic <cork-var-lm.enc <lmtto10.pfb
cork-var-lmvtt10  LMTypewriterVarWd10-Regular  <cork-var-lm.enc <lmvtt10.pfb
cork-var-lmvtto10 LMTypewriterVarWd10-Italic   <cork-var-lm.enc <lmvtto10.pfb