% LM replacement / thanks to Jacko

csb10    LMRomanDemi10-Regular        <csrm.enc <lmb10.pfb
csbx5    LMRoman5-Bold                <csrm.enc <lmbx5.pfb
csbx6    LMRoman6-Bold                <csrm.enc <lmbx6.pfb
csbx7    LMRoman7-Bold                <csrm.enc <lmbx7.pfb
csbx8    LMRoman8-Bold                <csrm.enc <lmbx8.pfb
csbx9    LMRoman9-Bold                <csrm.enc <lmbx9.pfb
csbx10   LMRoman10-Bold               <csrm.enc <lmbx10.pfb
csbx12   LMRoman12-Bold               <csrm.enc <lmbx12.pfb
csbxsl10 LMSlanted10-BoldItalic       <csrm.enc <lmbxo10.pfb
csbxti10 LMRoman10-BoldItalic         <csrm.enc <lmbxi10.pfb
csinch   LMSans10-Bold                <csin.enc <lmssbx10.pfb
csitt10  LMTypewriter10-Italic        <cstt.enc <lmtti10.pfb
cscsc10  LMCaps10-Regular             <cssc.enc <lmcsc10.pfb
csr5     LMRoman5-Regular             <cssc.enc <lmr5.pfb
csr6     LMRoman6-Regular             <csrm.enc <lmr6.pfb
csr7     LMRoman7-Regular             <csrm.enc <lmr7.pfb
csr8     LMRoman8-Regular             <csrm.enc <lmr8.pfb
csr9     LMRoman9-Regular             <csrm.enc <lmr9.pfb
csr10    LMRoman10-Regular            <csrm.enc <lmr10.pfb
csr12    LMRoman12-Regular            <csrm.enc <lmr12.pfb
csr17    LMRoman17-Regular            <csrm.enc <lmr17.pfb
cssl8    LMSlanted8-Italic            <csrm.enc <lmro8.pfb
cssl9    LMSlanted9-Italic            <csrm.enc <lmro9.pfb
cssl10   LMSlanted10-Italic           <csrm.enc <lmro10.pfb
cssl12   LMSlanted12-Italic           <csrm.enc <lmro12.pfb
cssltt10 LMTypewriterSlanted10-Italic <cstt.enc <lmtto10.pfb
csss8    LMSans8-Regular              <csrm.enc <lmss8.pfb
csss9    LMSans9-Regular              <csrm.enc <lmss9.pfb
csss10   LMSans10-Regular             <csrm.enc <lmss10.pfb
csss12   LMSans12-Regular             <csrm.enc <lmss12.pfb
csss17   LMSans17-Regular             <csrm.enc <lmss17.pfb
csssbx10 LMSans10-Bold                <csrm.enc <lmssbx10.pfb
csssdc10 LMSansDemiCond10-Regular     <csrm.enc <lmssdc10.pfb
csssi8   LMSans8-Italic               <csrm.enc <lmsso8.pfb
csssi9   LMSans9-Italic               <csrm.enc <lmsso9.pfb
csssi10  LMSans10-Italic              <csrm.enc <lmsso10.pfb
csssi12  LMSans12-Italic              <csrm.enc <lmsso12.pfb
csssi17  LMSans17-Italic              <csrm.enc <lmsso17.pfb
csssq8   LMSansQuotation8-Regular     <csrm.enc <lmssq8.pfb
csssqi8  LMSansQuotation8-Italic      <csrm.enc <lmssqo8.pfb
cstcsc10 LMTypewriterCaps10-Regular   <cstt.enc <lmtcsc10.pfb
csti7    LMRoman7-Italic              <csrm.enc <lmri7.pfb
csti8    LMRoman8-Italic              <csrm.enc <lmri8.pfb
csti9    LMRoman9-Italic              <csrm.enc <lmri9.pfb
csti10   LMRoman10-Italic             <csrm.enc <lmri10.pfb
csti12   LMRoman12-Italic             <csrm.enc <lmri12.pfb
cstt8    LMTypewriter8-Regular        <cstt.enc <lmtt8.pfb
cstt9    LMTypewriter9-Regular        <cstt.enc <lmtt9.pfb
cstt10   LMTypewriter10-Regular       <cstt.enc <lmtt10.pfb
cstt12   LMTypewriter12-Regular       <cstt.enc <lmtt12.pfb
csvtt10  LMTypewriterVarWd10-Regular  <cstt.enc <lmvtt10.pfb

% some originals, not used in context

csdunh10 csdunh10 <csdunh10.pfb
csff10   csff10   <csff10.pfb
csfib8   csfib8   <csfib8.pfb
csfi10   csfi10   <csfi10.pfb

% a weird one, not used in context

csu10    LMRoman10-Italic "-0.25 SlantFont" <csrm.enc <lmri10.pfb
