% LM replacement, thanks to Jacko

% official
%
% cmb10     LMRomanDemi10-Regular        <lm-rep-cmrm.enc  <lmb10.pfb
% cmbx10    LMRoman10-Bold               <lm-rep-cmrm.enc  <lmbx10.pfb
% cmbx12    LMRoman12-Bold               <lm-rep-cmrm.enc  <lmbx12.pfb
% cmbx5     LMRoman5-Bold                <lm-rep-cmrm.enc  <lmbx5.pfb
% cmbx6     LMRoman6-Bold                <lm-rep-cmrm.enc  <lmbx6.pfb
% cmbx7     LMRoman7-Bold                <lm-rep-cmrm.enc  <lmbx7.pfb
% cmbx8     LMRoman8-Bold                <lm-rep-cmrm.enc  <lmbx8.pfb
% cmbx9     LMRoman9-Bold                <lm-rep-cmrm.enc  <lmbx9.pfb
% cmbxsl10  LMSlanted10-BoldItalic       <lm-rep-cmrm.enc  <lmbxo10.pfb
% cmbxti10  LMRoman10-BoldItalic         <lm-rep-cmit.enc  <lmbxi10.pfb
% cmbxti12  LMRoman10-BoldItalic         <lm-rep-cmit.enc  <lmbxti10.pfb
% cmbxti7   LMRoman10-BoldItalic         <lm-rep-cmit.enc  <lmbxti10.pfb
% cmcsc10   LMCaps10-Regular             <lm-rep-cmsc.enc  <lmcsc10.pfb
% cmcsc8    LMCaps10-Regular             <lm-rep-cmsc.enc  <lmcsc10.pfb
% cmcsc9    LMCaps10-Regular             <lm-rep-cmsc.enc  <lmcsc10.pfb
% cminch    LMSans10-Bold                <lm-rep-cmin.enc  <lmssbx10.pfb
% cmitt10   LMTypewriter10-Italic        <lm-rep-cmitt.enc <lmtti10.pfb
% cmitt12   LMTypewriter10-Italic        <lm-rep-cmitt.enc <lmtti10.pfb
% cmitt9    LMTypewriter10-Italic        <lm-rep-cmitt.enc <lmtti10.pfb
% cmr10     LMRoman10-Regular            <lm-rep-cmrm.enc  <lmr10.pfb
% cmr12     LMRoman12-Regular            <lm-rep-cmrm.enc  <lmr12.pfb
% cmr17     LMRoman17-Regular            <lm-rep-cmrm.enc  <lmr17.pfb
% cmr5      LMRoman5-Regular             <lm-rep-cmsc.enc  <lmr5.pfb
% cmr6      LMRoman6-Regular             <lm-rep-cmrm.enc  <lmr6.pfb
% cmr7      LMRoman7-Regular             <lm-rep-cmrm.enc  <lmr7.pfb
% cmr8      LMRoman8-Regular             <lm-rep-cmrm.enc  <lmr8.pfb
% cmr9      LMRoman9-Regular             <lm-rep-cmrm.enc  <lmr9.pfb
% cmsl10    LMSlanted10-Italic           <lm-rep-cmrm.enc  <lmro10.pfb
% cmsl12    LMSlanted12-Italic           <lm-rep-cmrm.enc  <lmro12.pfb
% cmsl6     LMSlanted8-Italic            <lm-rep-cmrm.enc  <lmro8.pfb
% cmsl8     LMSlanted8-Italic            <lm-rep-cmrm.enc  <lmro8.pfb
% cmsl9     LMSlanted9-Italic            <lm-rep-cmrm.enc  <lmro9.pfb
% cmsltt10  LMTypewriterSlanted10-Italic <lm-rep-cmtt.enc  <lmtto10.pfb
% cmsltt9   LMTypewriterSlanted10-Italic <lm-rep-cmtt.enc  <lmtto10.pfb
% cmss10    LMSans10-Regular             <lm-rep-cmrm.enc  <lmss10.pfb
% cmss12    LMSans12-Regular             <lm-rep-cmrm.enc  <lmss12.pfb
% cmss17    LMSans17-Regular             <lm-rep-cmrm.enc  <lmss17.pfb
% cmss8     LMSans8-Regular              <lm-rep-cmrm.enc  <lmss8.pfb
% cmss9     LMSans9-Regular              <lm-rep-cmrm.enc  <lmss9.pfb
% cmssbx10  LMSans10-Bold                <lm-rep-cmrm.enc  <lmssbx10.pfb
% cmssbxo10 LMSans10-BoldItalic          <lm-rep-cmrm.enc  <lmssbo10.pfb
% cmssdc10  LMSansDemiCond10-Regular     <lm-rep-cmrm.enc  <lmssdc10.pfb
% cmssi10   LMSans10-Italic              <lm-rep-cmrm.enc  <lmsso10.pfb
% cmssi12   LMSans12-Italic              <lm-rep-cmrm.enc  <lmsso12.pfb
% cmssi17   LMSans17-Italic              <lm-rep-cmrm.enc  <lmsso17.pfb
% cmssi8    LMSans8-Italic               <lm-rep-cmrm.enc  <lmsso8.pfb
% cmssi9    LMSans9-Italic               <lm-rep-cmrm.enc  <lmsso9.pfb
% cmssq8    LMSansQuotation8-Regular     <lm-rep-cmrm.enc  <lmssq8.pfb
% cmssqi8   LMSansQuotation8-Italic      <lm-rep-cmrm.enc  <lmssqo8.pfb
% cmtcsc10  LMTypewriterCaps10-Regular   <lm-rep-cmtt.enc  <lmtcsc10.pfb
% cmti10    LMRoman10-Italic             <lm-rep-cmit.enc  <lmri10.pfb
% cmti12    LMRoman12-Italic             <lm-rep-cmit.enc  <lmri12.pfb
% cmti7     LMRoman7-Italic              <lm-rep-cmit.enc  <lmri7.pfb
% cmti8     LMRoman8-Italic              <lm-rep-cmit.enc  <lmri8.pfb
% cmti9     LMRoman9-Italic              <lm-rep-cmit.enc  <lmri9.pfb
% cmtt10    LMTypewriter10-Regular       <lm-rep-cmtt.enc  <lmtt10.pfb
% cmtt12    LMTypewriter12-Regular       <lm-rep-cmtt.enc  <lmtt12.pfb
% cmtt8     LMTypewriter8-Regular        <lm-rep-cmtt.enc  <lmtt8.pfb
% cmtt9     LMTypewriter9-Regular        <lm-rep-cmtt.enc  <lmtt9.pfb
% cmvtt10   LMTypewriterVarWd10-Regular  <lm-rep-cmrm.enc  <lmvtt10.pfb
%
% but more efficient since to-be-included old files have those names

cmb10     CMB10     <lm-rep-cmrm.enc  <lmb10.pfb
cmbx10    CMBX10    <lm-rep-cmrm.enc  <lmbx10.pfb
cmbx12    CMBX12    <lm-rep-cmrm.enc  <lmbx12.pfb
cmbx5     CMBX5     <lm-rep-cmrm.enc  <lmbx5.pfb
cmbx6     CMBX6     <lm-rep-cmrm.enc  <lmbx6.pfb
cmbx7     CMBX7     <lm-rep-cmrm.enc  <lmbx7.pfb
cmbx8     CMBX8     <lm-rep-cmrm.enc  <lmbx8.pfb
cmbx9     CMBX9     <lm-rep-cmrm.enc  <lmbx9.pfb
cmbxsl10  CMBXSL10  <lm-rep-cmrm.enc  <lmbxo10.pfb
cmbxti10  CMBXTI10  <lm-rep-cmit.enc  <lmbxi10.pfb
cmbxti12  CMBXTI12  <lm-rep-cmit.enc  <lmbxti10.pfb
cmbxti7   CMBXTI7   <lm-rep-cmit.enc  <lmbxti10.pfb
cmcsc10   CMCSC10   <lm-rep-cmsc.enc  <lmcsc10.pfb
cmcsc8    CMCSC8    <lm-rep-cmsc.enc  <lmcsc10.pfb
cmcsc9    CMCSC9    <lm-rep-cmsc.enc  <lmcsc10.pfb
cminch    CMINCH    <lm-rep-cmin.enc  <lmssbx10.pfb
cmitt10   CMITT10   <lm-rep-cmitt.enc <lmtti10.pfb
cmitt12   CMITT12   <lm-rep-cmitt.enc <lmtti10.pfb
cmitt9    CMITT9    <lm-rep-cmitt.enc <lmtti10.pfb
cmr10     CMR10     <lm-rep-cmrm.enc  <lmr10.pfb
cmr12     CMR12     <lm-rep-cmrm.enc  <lmr12.pfb
cmr17     CMR17     <lm-rep-cmrm.enc  <lmr17.pfb
cmr5      CMR5      <lm-rep-cmsc.enc  <lmr5.pfb
cmr6      CMR6      <lm-rep-cmrm.enc  <lmr6.pfb
cmr7      CMR7      <lm-rep-cmrm.enc  <lmr7.pfb
cmr8      CMR8      <lm-rep-cmrm.enc  <lmr8.pfb
cmr9      CMR9      <lm-rep-cmrm.enc  <lmr9.pfb
cmsl10    CMSL10    <lm-rep-cmrm.enc  <lmro10.pfb
cmsl12    CMSL12    <lm-rep-cmrm.enc  <lmro12.pfb
cmsl6     CMSL6     <lm-rep-cmrm.enc  <lmro8.pfb
cmsl8     CMSL8     <lm-rep-cmrm.enc  <lmro8.pfb
cmsl9     CMSL9     <lm-rep-cmrm.enc  <lmro9.pfb
cmsltt10  CMSLTT10  <lm-rep-cmtt.enc  <lmtto10.pfb
cmsltt9   CMSLTT9   <lm-rep-cmtt.enc  <lmtto10.pfb
cmss10    CMS10     <lm-rep-cmrm.enc  <lmss10.pfb
cmss12    CMS12     <lm-rep-cmrm.enc  <lmss12.pfb
cmss17    CMS17     <lm-rep-cmrm.enc  <lmss17.pfb
cmss8     CMS8      <lm-rep-cmrm.enc  <lmss8.pfb
cmss9     CMS9      <lm-rep-cmrm.enc  <lmss9.pfb
cmssbx10  CMSSBX10  <lm-rep-cmrm.enc  <lmssbx10.pfb
cmssbxo10 CMSSBXO10 <lm-rep-cmrm.enc  <lmssbo10.pfb
cmssdc10  CMSSDC10  <lm-rep-cmrm.enc  <lmssdc10.pfb
cmssi10   CMSI10    <lm-rep-cmrm.enc  <lmsso10.pfb
cmssi12   CMSI12    <lm-rep-cmrm.enc  <lmsso12.pfb
cmssi17   CMSI17    <lm-rep-cmrm.enc  <lmsso17.pfb
cmssi8    CMSSI8    <lm-rep-cmrm.enc  <lmsso8.pfb
cmssi9    CMSSI9    <lm-rep-cmrm.enc  <lmsso9.pfb
cmssq8    CMSQ8     <lm-rep-cmrm.enc  <lmssq8.pfb
cmssqi8   CMSSQI8   <lm-rep-cmrm.enc  <lmssqo8.pfb
cmtcsc10  CMTCSC10  <lm-rep-cmtt.enc  <lmtcsc10.pfb
cmti10    CMTI10    <lm-rep-cmit.enc  <lmri10.pfb
cmti12    CMTI12    <lm-rep-cmit.enc  <lmri12.pfb
cmti7     CMTI7     <lm-rep-cmit.enc  <lmri7.pfb
cmti8     CMTI8     <lm-rep-cmit.enc  <lmri8.pfb
cmti9     CMTI9     <lm-rep-cmit.enc  <lmri9.pfb
cmtt10    CMTT10    <lm-rep-cmtt.enc  <lmtt10.pfb
cmtt12    CMTT12    <lm-rep-cmtt.enc  <lmtt12.pfb
cmtt8     CMTT8     <lm-rep-cmtt.enc  <lmtt8.pfb
cmtt9     CMTT9     <lm-rep-cmtt.enc  <lmtt9.pfb
cmvtt10   CMVTT10   <lm-rep-cmrm.enc  <lmvtt10.pfb

% original

cmbsy10   CMBSY10  <cmbsy10.pfb
cmbsy5    CMBSY5   <cmbsy5.pfb
cmbsy6    CMBSY7   <cmbsy7.pfb
cmbsy7    CMBSY7   <cmbsy7.pfb
cmbsy8    CMBSY7   <cmbsy7.pfb
cmbsy9    CMBSY10  <cmbsy10.pfb
cmdunh10  CMDUNH10 <cmdunh10.pfb
cmex10    CMEX10   <cmex10.pfb
cmex7     CMEX10   <cmex10.pfb
cmex8     CMEX10   <cmex10.pfb
cmex9     CMEX10   <cmex10.pfb
cmff10    CMFF10   <cmff10.pfb
cmfi10    CMFI10   <cmfi10.pfb
cmfib8    CMFIB8   <cmfib8.pfb
cmmi10    CMMI10   <cmmi10.pfb
cmmi12    CMMI12   <cmmi12.pfb
cmmi5     CMMI5    <cmmi5.pfb
cmmi6     CMMI6    <cmmi6.pfb
cmmi7     CMMI7    <cmmi7.pfb
cmmi8     CMMI8    <cmmi8.pfb
cmmi9     CMMI9    <cmmi9.pfb
cmmib10   CMMIB10  <cmmib10.pfb
cmmib5    CMMIB5   <cmmib5.pfb
cmmib6    CMMIB7   <cmmib7.pfb
cmmib7    CMMIB7   <cmmib7.pfb
cmmib8    CMMIB7   <cmmib7.pfb
cmmib9    CMMIB10  <cmmib10.pfb
cmsy10    CMSY10   <cmsy10.pfb
cmsy5     CMSY5    <cmsy5.pfb
cmsy6     CMSY6    <cmsy6.pfb
cmsy7     CMSY7    <cmsy7.pfb
cmsy8     CMSY8    <cmsy8.pfb
cmsy9     CMSY9    <cmsy9.pfb
cmtex10   CMTEX10  <cmtex10.pfb
cmtex8    CMTEX8   <cmtex8.pfb
cmtex9    CMTEX9   <cmtex9.pfb

% a weird one, not used in context

cmu10     LMRoman10-Italic "-0.25 SlantFont" <lm-rep-cmit.enc <lmri10.pfb
