% combined file

% combined file

lasy5      LASY5      <lasy5.pfb
lasy6      LASY6      <lasy6.pfb
lasy7      LASY7      <lasy7.pfb
lasy8      LASY8      <lasy8.pfb
lasy9      LASY9      <lasy9.pfb
lasy10     LASY10     <lasy10.pfb

lasyb10    LASYB10    <lasyb10.pfb
lcircle10  LCIRCLE10  <lcircle1.pfb
lcirclew10 LCIRCLEW10 <lcirclew.pfb
lcmss8     LCMSS8     <lcmss8.pfb
lcmssb8    LCMSSB8    <lcmssb8.pfb
lcmssi8    LCMSSI8    <lcmssi8.pfb
line10     LINE10     <line10.pfb
linew10    LINEW10    <linew10.pfb

logo8      LOGO8      <logo8.pfb
logo9      LOGO9      <logo9.pfb
logo10     LOGO10     <logo10.pfb
logobf10   LOGOBF10   <logobf10.pfb
logosl10   LOGOSL10   <logosl10.pfb

msam5      MSAM5      <msam5.pfb
msam7      MSAM7      <msam7.pfb
msam10     MSAM10     <msam10.pfb
msbm5      MSBM5      <msbm5.pfb
msbm7      MSBM7      <msbm7.pfb
msbm10     MSBM10     <msbm10.pfb

wncyb10    WNCYB10    <wncyb10.pfb
wncyi10    WNCYI10    <wncyi10.pfb
wncyr10    WNCYR10    <wncyr10.pfb
wncysc10   WNCYSC10   <wncysc10.pfb
wncyss10   WNCYSS10   <wncyss10.pfb

manfnt     MANFNT     <manfnt.pfb

% i dunno what this is

icmex10    <icmex10.pfb
icmmi8     <icmmi8.pfb
icmsy8     <icmsy8.pfb
icmtt8     <icmtt8.pfb
ilasy8     <ilasy8.pfb
ilcmss8    <ilcmss8.pfb
ilcmssb8   <ilcmssb8.pfb
ilcmssi8   <ilcmssi8.pfb


euex10 EUEX10 <euex10.pfb

eufb5  EUFB5  <eufb5.pfb
eufb7  EUFB7  <eufb7.pfb
eufb10 EUFB10 <eufb10.pfb

eufm5  EUFM5  <eufm5.pfb
eufm7  EUFM7  <eufm7.pfb
eufm10 EUFM10 <eufm10.pfb

eurb5  EURB5  <eurb5.pfb
eurb7  EURB7  <eurb7.pfb
eurb10 EURB10 <eurb10.pfb

eurm5  EURM5  <eurm5.pfb
eurm7  EURM7  <eurm7.pfb
eurm10 EURM10 <eurm10.pfb

eusb5  EUSB5  <eusb5.pfb
eusb7  EUSB7  <eusb7.pfb
eusb10 EUSB10 <eusb10.pfb

eusm5  EUSM5  <eusm5.pfb
eusm7  EUSM7  <eusm7.pfb
eusm10 EUSM10 <eusm10.pfb

% LM replacement, thanks to Jacko

cmb10     LMRomanDemi10-Regular        <cmrm.enc  <lmb10.pfb
cmbx10    LMRoman10-Bold               <cmrm.enc  <lmbx10.pfb
cmbx12    LMRoman12-Bold               <cmrm.enc  <lmbx12.pfb
cmbx5     LMRoman5-Bold                <cmrm.enc  <lmbx5.pfb
cmbx6     LMRoman6-Bold                <cmrm.enc  <lmbx6.pfb
cmbx7     LMRoman7-Bold                <cmrm.enc  <lmbx7.pfb
cmbx8     LMRoman8-Bold                <cmrm.enc  <lmbx8.pfb
cmbx9     LMRoman9-Bold                <cmrm.enc  <lmbx9.pfb
cmbxsl10  LMSlanted10-BoldItalic       <cmrm.enc  <lmbxo10.pfb
cmbxti10  LMRoman10-BoldItalic         <cmit.enc  <lmbxi10.pfb
cmbxti12  LMRoman10-BoldItalic         <cmit.enc  <lmbxti10.pfb
cmbxti7   LMRoman10-BoldItalic         <cmit.enc  <lmbxti10.pfb
cmcsc10   LMCaps10-Regular             <cmsc.enc  <lmcsc10.pfb
cmcsc8    LMCaps10-Regular             <cmsc.enc  <lmcsc10.pfb
cmcsc9    LMCaps10-Regular             <cmsc.enc  <lmcsc10.pfb
cminch    LMSans10-Bold                <cmin.enc  <lmssbx10.pfb
cmitt10   LMTypewriter10-Italic        <cmitt.enc <lmtti10.pfb
cmitt12   LMTypewriter10-Italic        <cmitt.enc <lmtti10.pfb
cmitt9    LMTypewriter10-Italic        <cmitt.enc <lmtti10.pfb
cmr10     LMRoman10-Regular            <cmrm.enc  <lmr10.pfb
cmr12     LMRoman12-Regular            <cmrm.enc  <lmr12.pfb
cmr17     LMRoman17-Regular            <cmrm.enc  <lmr17.pfb
cmr5      LMRoman5-Regular             <cmsc.enc  <lmr5.pfb
cmr6      LMRoman6-Regular             <cmrm.enc  <lmr6.pfb
cmr7      LMRoman7-Regular             <cmrm.enc  <lmr7.pfb
cmr8      LMRoman8-Regular             <cmrm.enc  <lmr8.pfb
cmr9      LMRoman9-Regular             <cmrm.enc  <lmr9.pfb
cmsl10    LMSlanted10-Italic           <cmrm.enc  <lmro10.pfb
cmsl12    LMSlanted12-Italic           <cmrm.enc  <lmro12.pfb
cmsl6     LMSlanted8-Italic            <cmrm.enc  <lmro8.pfb
cmsl8     LMSlanted8-Italic            <cmrm.enc  <lmro8.pfb
cmsl9     LMSlanted9-Italic            <cmrm.enc  <lmro9.pfb
cmsltt10  LMTypewriterSlanted10-Italic <cmtt.enc  <lmtto10.pfb
cmsltt9   LMTypewriterSlanted10-Italic <cmtt.enc  <lmtto10.pfb
cmss10    LMSans10-Regular             <cmrm.enc  <lmss10.pfb
cmss12    LMSans12-Regular             <cmrm.enc  <lmss12.pfb
cmss17    LMSans17-Regular             <cmrm.enc  <lmss17.pfb
cmss8     LMSans8-Regular              <cmrm.enc  <lmss8.pfb
cmss9     LMSans9-Regular              <cmrm.enc  <lmss9.pfb
cmssbx10  LMSans10-Bold                <cmrm.enc  <lmssbx10.pfb
cmssbxo10 LMSans10-BoldItalic          <cmrm.enc  <lmssbo10.pfb
cmssdc10  LMSansDemiCond10-Regular     <cmrm.enc  <lmssdc10.pfb
cmssi10   LMSans10-Italic              <cmrm.enc  <lmsso10.pfb
cmssi12   LMSans12-Italic              <cmrm.enc  <lmsso12.pfb
cmssi17   LMSans17-Italic              <cmrm.enc  <lmsso17.pfb
cmssi8    LMSans8-Italic               <cmrm.enc  <lmsso8.pfb
cmssi9    LMSans9-Italic               <cmrm.enc  <lmsso9.pfb
cmssq8    LMSansQuotation8-Regular     <cmrm.enc  <lmssq8.pfb
cmssqi8   LMSansQuotation8-Italic      <cmrm.enc  <lmssqo8.pfb
cmtcsc10  LMTypewriterCaps10-Regular   <cmtt.enc  <lmtcsc10.pfb
cmti10    LMRoman10-Italic             <cmit.enc  <lmri10.pfb
cmti12    LMRoman12-Italic             <cmit.enc  <lmri12.pfb
cmti7     LMRoman7-Italic              <cmit.enc  <lmri7.pfb
cmti8     LMRoman8-Italic              <cmit.enc  <lmri8.pfb
cmti9     LMRoman9-Italic              <cmit.enc  <lmri9.pfb
cmtt10    LMTypewriter10-Regular       <cmtt.enc  <lmtt10.pfb
cmtt12    LMTypewriter12-Regular       <cmtt.enc  <lmtt12.pfb
cmtt8     LMTypewriter8-Regular        <cmtt.enc  <lmtt8.pfb
cmtt9     LMTypewriter9-Regular        <cmtt.enc  <lmtt9.pfb
cmvtt10   LMTypewriterVarWd10-Regular  <cmrm.enc  <lmvtt10.pfb

% original

cmbsy10   CMBSY10  <cmbsy10.pfb
cmbsy5    CMBSY5   <cmbsy5.pfb
cmbsy6    CMBSY7   <cmbsy7.pfb
cmbsy7    CMBSY7   <cmbsy7.pfb
cmbsy8    CMBSY7   <cmbsy7.pfb
cmbsy9    CMBSY10  <cmbsy10.pfb
cmdunh10  CMDUNH10 <cmdunh10.pfb
cmex10    CMEX10   <cmex10.pfb
cmex7     CMEX10   <cmex10.pfb
cmex8     CMEX10   <cmex10.pfb
cmex9     CMEX10   <cmex10.pfb
cmff10    CMFF10   <cmff10.pfb
cmfi10    CMFI10   <cmfi10.pfb
cmfib8    CMFIB8   <cmfib8.pfb
cmmi10    CMMI10   <cmmi10.pfb
cmmi12    CMMI12   <cmmi12.pfb
cmmi5     CMMI5    <cmmi5.pfb
cmmi6     CMMI6    <cmmi6.pfb
cmmi7     CMMI7    <cmmi7.pfb
cmmi8     CMMI8    <cmmi8.pfb
cmmi9     CMMI9    <cmmi9.pfb
cmmib10   CMMIB10  <cmmib10.pfb
cmmib5    CMMIB5   <cmmib5.pfb
cmmib6    CMMIB7   <cmmib7.pfb
cmmib7    CMMIB7   <cmmib7.pfb
cmmib8    CMMIB7   <cmmib7.pfb
cmmib9    CMMIB10  <cmmib10.pfb
cmsy10    CMSY10   <cmsy10.pfb
cmsy5     CMSY5    <cmsy5.pfb
cmsy6     CMSY6    <cmsy6.pfb
cmsy7     CMSY7    <cmsy7.pfb
cmsy8     CMSY8    <cmsy8.pfb
cmsy9     CMSY9    <cmsy9.pfb
cmtex10   CMTEX10  <cmtex10.pfb
cmtex8    CMTEX8   <cmtex8.pfb
cmtex9    CMTEX9   <cmtex9.pfb

% a weird one, not used in context

cmu10     LMRoman10-Italic "-0.25 SlantFont" <cmit.enc <lmri10.pfb


% courier / urw

ucrb8r  NimbusMonL-Bold          <8r.enc <ucrb8a.pfb
ucrbo8r NimbusMonL-BoldObli      <8r.enc <ucrbo8a.pfb
ucrr8r  NimbusMonL-Regu          <8r.enc <ucrr8a.pfb
ucrro8r NimbusMonL-ReguObli      <8r.enc <ucrro8a.pfb

% courier / adobe

pcrb8r  NimbusMonL-Bold          <8r.enc <ucrb8a.pfb
pcrbo8r NimbusMonL-BoldObli      <8r.enc <ucrbo8a.pfb
pcrr8r  NimbusMonL-Regu          <8r.enc <ucrr8a.pfb
pcrro8r NimbusMonL-ReguObli      <8r.enc <ucrro8a.pfb

% helvetica / urw

uhvb8r  NimbusSanL-Bold          <8r.enc <uhvb8a.pfb
uhvbo8r NimbusSanL-BoldItal      <8r.enc <uhvbo8a.pfb
uhvr8r  NimbusSanL-Regu          <8r.enc <uhvr8a.pfb
uhvro8r NimbusSanL-ReguItal      <8r.enc <uhvro8a.pfb

% helvetica / adobe

phvb8r  NimbusSanL-Bold          <8r.enc <uhvb8a.pfb
phvbo8r NimbusSanL-BoldItal      <8r.enc <uhvbo8a.pfb
phvr8r  NimbusSanL-Regu          <8r.enc <uhvr8a.pfb
phvro8r NimbusSanL-ReguItal      <8r.enc <uhvro8a.pfb

% times / urw

utmb8r  NimbusRomNo9L-Medi       <8r.enc <utmb8a.pfb
utmbi8r NimbusRomNo9L-MediItal   <8r.enc <utmbi8a.pfb
utmr8r  NimbusRomNo9L-Regu       <8r.enc <utmr8a.pfb
utmri8r NimbusRomNo9L-ReguItal   <8r.enc <utmri8a.pfb

utmbo8r NimbusRomNo9L-Medi       ".167 SlantFont" <8r.enc <utmb8a.pfb
utmro8r NimbusRomNo9L-Regu       ".167 SlantFont" <8r.enc <utmr8a.pfb

% times / adobe

ptmb8r  NimbusRomNo9L-Medi       <8r.enc <utmb8a.pfb
ptmbi8r NimbusRomNo9L-MediItal   <8r.enc <utmbi8a.pfb
ptmr8r  NimbusRomNo9L-Regu       <8r.enc <utmr8a.pfb
ptmri8r NimbusRomNo9L-ReguItal   <8r.enc <utmri8a.pfb

ptmbo8r NimbusRomNo9L-Medi       ".167 SlantFont" <8r.enc <utmb8a.pfb
ptmro8r NimbusRomNo9L-Regu       ".167 SlantFont" <8r.enc <utmr8a.pfb

% palatino / urw

uplb8r  URWPalladioL-Bold        <8r.enc <uplb8a.pfb
uplbi8r URWPalladioL-BoldItal    <8r.enc <uplbi8a.pfb
uplr8r  URWPalladioL-Roma        <8r.enc <uplr8a.pfb
uplri8r URWPalladioL-Ital        <8r.enc <uplri8a.pfb

uplbo8r URWPalladioL-Bold        ".167 SlantFont" <8r.enc <uplb8a.pfb
uplro8r URWPalladioL-Roma        ".167 SlantFont" <8r.enc <uplr8a.pfb

% palatino / adobe

pplb8r  URWPalladioL-Bold        <8r.enc <uplb8a.pfb
pplbi8r URWPalladioL-BoldItal    <8r.enc <uplbi8a.pfb
pplr8r  URWPalladioL-Roma        <8r.enc <uplr8a.pfb
pplri8r URWPalladioL-Ital        <8r.enc <uplri8a.pfb

pplbo8r URWPalladioL-Bold        ".167 SlantFont" <8r.enc <uplb8a.pfb
pplro8r URWPalladioL-Roma        ".167 SlantFont" <8r.enc <uplr8a.pfb

% bookman / urw

ubkd8r  URWBookmanL-DemiBold     <8r.enc <ubkd8a.pfb
ubkdi8r URWBookmanL-DemiBoldItal <8r.enc <ubkdi8a.pfb
ubkl8r  URWBookmanL-Ligh         <8r.enc <ubkl8a.pfb
ubkli8r URWBookmanL-LighItal     <8r.enc <ubkli8a.pfb

ubkdo8r URWBookmanL-DemiBold     ".167 SlantFont" <8r.enc <ubkd8a.pfb
ubklo8r URWBookmanL-Ligh         ".167 SlantFont" <8r.enc <ubkl8a.pfb

% bookman / adobe

pbkd8r  URWBookmanL-DemiBold     <8r.enc <ubkd8a.pfb
pbkdi8r URWBookmanL-DemiBoldItal <8r.enc <ubkdi8a.pfb
pbkl8r  URWBookmanL-Ligh         <8r.enc <ubkl8a.pfb
pbkli8r URWBookmanL-LighItal     <8r.enc <ubkli8a.pfb

pbkdo8r URWBookmanL-DemiBold     ".167 SlantFont" <8r.enc <ubkd8a.pfb
pbklo8r URWBookmanL-Ligh         ".167 SlantFont" <8r.enc <ubkl8a.pfb

% chancery / urw

uzcmi8r URWChanceryL-MediItal    <8r.enc <uzcmi8a.pfb

% chancery / adobe

pzcmi8r URWChanceryL-MediItal    <8r.enc <uzcmi8a.pfb

% schoolbook / urw

uncb8r  CenturySchL-Bold         <8r.enc <uncb8a.pfb
uncbi8r CenturySchL-BoldItal     <8r.enc <uncbi8a.pfb
uncr8r  CenturySchL-Roma         <8r.enc <uncr8a.pfb
uncri8r CenturySchL-Ital         <8r.enc <uncri8a.pfb

uncbo8r CenturySchL-Bold         ".167 SlantFont" <8r.enc <uncb8a.pfb
uncro8r CenturySchL-Roma         ".167 SlantFont" <8r.enc <uncr8a.pfb

% schoolbook / adobe

pncb8r  CenturySchL-Bold         <8r.enc <uncb8a.pfb
pncbi8r CenturySchL-BoldItal     <8r.enc <uncbi8a.pfb
pncr8r  CenturySchL-Roma         <8r.enc <uncr8a.pfb
pncri8r CenturySchL-Ital         <8r.enc <uncri8a.pfb

pncbo8r CenturySchL-Bold         ".167 SlantFont" <8r.enc <uncb8a.pfb
pncro8r CenturySchL-Roma         ".167 SlantFont" <8r.enc <uncr8a.pfb

% utopia

putb8r  Utopia-Bold              <8r.enc <putb8a.pfb
putbi8r Utopia-BoldItalic        <8r.enc <putbi8a.pfb
putr8r  Utopia-Regular           <8r.enc <putr8a.pfb
putri8r Utopia-Italic            <8r.enc <putri8a.pfb

putbo8r Utopia-Bold              ".167 SlantFont" <8r.enc <putb8a.pfb
putro8r Utopia-Regular           ".167 SlantFont" <8r.enc <putr8a.pfb

% charter

bchb8r  CharterBT-Bold           <8r.enc <bchb8a.pfb
bchbi8r CharterBT-BoldItalic     <8r.enc <bchbi8a.pfb
bchr8r  CharterBT-Roman          <8r.enc <bchr8a.pfb
bchri8r CharterBT-Italic         <8r.enc <bchri8a.pfb

bchbo8r CharterBT-Bold           ".167 SlantFont" <8r.enc <bchb8a.pfb
bchro8r CharterBT-Roman          ".167 SlantFont" <8r.enc <bchr8a.pfb

% courier / urw

ucrb8t  NimbusMonL-Bold          <ec.enc <ucrb8a.pfb
ucrbo8t NimbusMonL-BoldObli      <ec.enc <ucrbo8a.pfb
ucrr8t  NimbusMonL-Regu          <ec.enc <ucrr8a.pfb
ucrro8t NimbusMonL-ReguObli      <ec.enc <ucrro8a.pfb

% courier / adobe

pcrb8t  NimbusMonL-Bold          <ec.enc <ucrb8a.pfb
pcrbo8t NimbusMonL-BoldObli      <ec.enc <ucrbo8a.pfb
pcrr8t  NimbusMonL-Regu          <ec.enc <ucrr8a.pfb
pcrro8t NimbusMonL-ReguObli      <ec.enc <ucrro8a.pfb

% helvetica / urw

uhvb8t  NimbusSanL-Bold          <ec.enc <uhvb8a.pfb
uhvbo8t NimbusSanL-BoldItal      <ec.enc <uhvbo8a.pfb
uhvr8t  NimbusSanL-Regu          <ec.enc <uhvr8a.pfb
uhvro8t NimbusSanL-ReguItal      <ec.enc <uhvro8a.pfb

% helvetica / adobe

phvb8t  NimbusSanL-Bold          <ec.enc <uhvb8a.pfb
phvbo8t NimbusSanL-BoldItal      <ec.enc <uhvbo8a.pfb
phvr8t  NimbusSanL-Regu          <ec.enc <uhvr8a.pfb
phvro8t NimbusSanL-ReguItal      <ec.enc <uhvro8a.pfb

% times / urw

utmb8t  NimbusRomNo9L-Medi       <ec.enc <utmb8a.pfb
utmbi8t NimbusRomNo9L-MediItal   <ec.enc <utmbi8a.pfb
utmr8t  NimbusRomNo9L-Regu       <ec.enc <utmr8a.pfb
utmri8t NimbusRomNo9L-ReguItal   <ec.enc <utmri8a.pfb

utmbo8t NimbusRomNo9L-Medi       ".167 SlantFont" <ec.enc <utmb8a.pfb
utmro8t NimbusRomNo9L-Regu       ".167 SlantFont" <ec.enc <utmr8a.pfb

% times / adobe

ptmb8t  NimbusRomNo9L-Medi       <ec.enc <utmb8a.pfb
ptmbi8t NimbusRomNo9L-MediItal   <ec.enc <utmbi8a.pfb
ptmr8t  NimbusRomNo9L-Regu       <ec.enc <utmr8a.pfb
ptmri8t NimbusRomNo9L-ReguItal   <ec.enc <utmri8a.pfb

ptmbo8t NimbusRomNo9L-Medi       ".167 SlantFont" <ec.enc <utmb8a.pfb
ptmro8t NimbusRomNo9L-Regu       ".167 SlantFont" <ec.enc <utmr8a.pfb

% palatino / urw

uplb8t  URWPalladioL-Bold        <ec.enc <uplb8a.pfb
uplbi8t URWPalladioL-BoldItal    <ec.enc <uplbi8a.pfb
uplr8t  URWPalladioL-Roma        <ec.enc <uplr8a.pfb
uplri8t URWPalladioL-Ital        <ec.enc <uplri8a.pfb

uplbo8t URWPalladioL-Bold        ".167 SlantFont" <ec.enc <uplb8a.pfb
uplro8t URWPalladioL-Roma        ".167 SlantFont" <ec.enc <uplr8a.pfb

% palatino / adobe

pplb8t  URWPalladioL-Bold        <ec.enc <uplb8a.pfb
pplbi8t URWPalladioL-BoldItal    <ec.enc <uplbi8a.pfb
pplr8t  URWPalladioL-Roma        <ec.enc <uplr8a.pfb
pplri8t URWPalladioL-Ital        <ec.enc <uplri8a.pfb

pplbo8t URWPalladioL-Bold        ".167 SlantFont" <ec.enc <uplb8a.pfb
pplro8t URWPalladioL-Roma        ".167 SlantFont" <ec.enc <upplr8a.pfb

% bookman / urw

ubkd8t  URWBookmanL-DemiBold     <ec.enc <ubkd8a.pfb
ubkdi8t URWBookmanL-DemiBoldItal <ec.enc <ubkdi8a.pfb
ubkl8t  URWBookmanL-Ligh         <ec.enc <ubkl8a.pfb
ubkli8t URWBookmanL-LighItal     <ec.enc <ubkli8a.pfb

ubkdo8t URWBookmanL-DemiBold     ".167 SlantFont" <ec.enc <ubkd8a.pfb
ubklo8t URWBookmanL-Ligh         ".167 SlantFont" <ec.enc <ubkl8a.pfb

% bookman / adobe

pbkd8t  URWBookmanL-DemiBold     <ec.enc <ubkd8a.pfb
pbkdi8t URWBookmanL-DemiBoldItal <ec.enc <ubkdi8a.pfb
pbkl8t  URWBookmanL-Ligh         <ec.enc <ubkl8a.pfb
pbkli8t URWBookmanL-LighItal     <ec.enc <ubkli8a.pfb

pbkdo8t URWBookmanL-DemiBold     ".167 SlantFont" <ec.enc <ubkd8a.pfb
pbklo8t URWBookmanL-Ligh         ".167 SlantFont" <ec.enc <ubkl8a.pfb

% chancery / urw

uzcmi8t URWChanceryL-MediItal    <ec.enc <uzcmi8a.pfb

% chancery / adobe

pzcmi8t URWChanceryL-MediItal    <ec.enc <uzcmi8a.pfb

% schoolbook / urw

uncb8t  CenturySchL-Bold         <ec.enc <uncb8a.pfb
uncbi8t CenturySchL-BoldItal     <ec.enc <uncbi8a.pfb
uncr8t  CenturySchL-Roma         <ec.enc <uncr8a.pfb
uncri8t CenturySchL-Ital         <ec.enc <uncri8a.pfb

uncbo8t CenturySchL-Bold         ".167 SlantFont" <ec.enc <uncb8a.pfb
uncro8t CenturySchL-Roma         ".167 SlantFont" <ec.enc <uncr8a.pfb

% schoolbook / adobe

pncb8t  CenturySchL-Bold         <ec.enc <uncb8a.pfb
pncbi8t CenturySchL-BoldItal     <ec.enc <uncbi8a.pfb
pncr8t  CenturySchL-Roma         <ec.enc <uncr8a.pfb
pncri8t CenturySchL-Ital         <ec.enc <uncri8a.pfb

pncbo8t CenturySchL-Bold         ".167 SlantFont" <ec.enc <uncb8a.pfb
pncro8t CenturySchL-Roma         ".167 SlantFont" <ec.enc <uncr8a.pfb

% utopia

putb8t  Utopia-Bold              <ec.enc <putb8a.pfb
putbi8t Utopia-BoldItalic        <ec.enc <putbi8a.pfb
putr8t  Utopia-Regular           <ec.enc <putr8a.pfb
putri8t Utopia-Italic            <ec.enc <putri8a.pfb

putbo8t Utopia-Bold              ".167 SlantFont" <ec.enc <putb8a.pfb
putro8t Utopia-Regular           ".167 SlantFont" <ec.enc <putr8a.pfb

% charter

bchb8t  CharterBT-Bold           <ec.enc <bchb8a.pfb
bchbi8t CharterBT-BoldItalic     <ec.enc <bchbi8a.pfb
bchr8t  CharterBT-Roman          <ec.enc <bchr8a.pfb
bchri8t CharterBT-Italic         <ec.enc <bchri8a.pfb

bchbo8t CharterBT-Bold           ".167 SlantFont" <ec.enc <bchb8a.pfb
bchro8t CharterBT-Roman          ".167 SlantFont" <ec.enc <bchr8a.pfb

ec-lmb10    LMRomanDemi10-Regular        <ec-lm.enc <lmb10.pfb
ec-lmbo10   LMRomanDemi10-Italic         <ec-lm.enc <lmbo10.pfb
ec-lmbx10   LMRoman10-Bold               <ec-lm.enc <lmbx10.pfb
ec-lmbx12   LMRoman12-Bold               <ec-lm.enc <lmbx12.pfb
ec-lmbx5    LMRoman5-Bold                <ec-lm.enc <lmbx5.pfb
ec-lmbx6    LMRoman6-Bold                <ec-lm.enc <lmbx6.pfb
ec-lmbx7    LMRoman7-Bold                <ec-lm.enc <lmbx7.pfb
ec-lmbx8    LMRoman8-Bold                <ec-lm.enc <lmbx8.pfb
ec-lmbx9    LMRoman9-Bold                <ec-lm.enc <lmbx9.pfb
ec-lmbxi10  LMRoman10-BoldItalic         <ec-lm.enc <lmbxi10.pfb
ec-lmbxo10  LMSlanted10-BoldItalic       <ec-lm.enc <lmbxo10.pfb
ec-lmcsc10  LMCaps10-Regular             <ec-lm.enc <lmcsc10.pfb
ec-lmcsco10 LMCaps10-Italic              <ec-lm.enc <lmcsco10.pfb
ec-lmr10    LMRoman10-Regular            <ec-lm.enc <lmr10.pfb
ec-lmr12    LMRoman12-Regular            <ec-lm.enc <lmr12.pfb
ec-lmr17    LMRoman17-Regular            <ec-lm.enc <lmr17.pfb
ec-lmr5     LMRoman5-Regular             <ec-lm.enc <lmr5.pfb
ec-lmr6     LMRoman6-Regular             <ec-lm.enc <lmr6.pfb
ec-lmr7     LMRoman7-Regular             <ec-lm.enc <lmr7.pfb
ec-lmr8     LMRoman8-Regular             <ec-lm.enc <lmr8.pfb
ec-lmr9     LMRoman9-Regular             <ec-lm.enc <lmr9.pfb
ec-lmri10   LMRoman10-Italic             <ec-lm.enc <lmri10.pfb
ec-lmri12   LMRoman12-Italic             <ec-lm.enc <lmri12.pfb
ec-lmri7    LMRoman7-Italic              <ec-lm.enc <lmri7.pfb
ec-lmri8    LMRoman8-Italic              <ec-lm.enc <lmri8.pfb
ec-lmri9    LMRoman9-Italic              <ec-lm.enc <lmri9.pfb
ec-lmro10   LMSlanted10-Italic           <ec-lm.enc <lmro10.pfb
ec-lmro12   LMSlanted12-Italic           <ec-lm.enc <lmro12.pfb
ec-lmro8    LMSlanted8-Italic            <ec-lm.enc <lmro8.pfb
ec-lmro9    LMSlanted9-Italic            <ec-lm.enc <lmro9.pfb
ec-lmss10   LMSans10-Regular             <ec-lm.enc <lmss10.pfb
ec-lmss12   LMSans12-Regular             <ec-lm.enc <lmss12.pfb
ec-lmss17   LMSans17-Regular             <ec-lm.enc <lmss17.pfb
ec-lmss8    LMSans8-Regular              <ec-lm.enc <lmss8.pfb
ec-lmss9    LMSans9-Regular              <ec-lm.enc <lmss9.pfb
ec-lmssbo10 LMSans10-BoldItalic          <ec-lm.enc <lmssbo10.pfb
ec-lmssbx10 LMSans10-Bold                <ec-lm.enc <lmssbx10.pfb
ec-lmssdc10 LMSansDemiCond10-Regular     <ec-lm.enc <lmssdc10.pfb
ec-lmssdo10 LMSansDemiCond10-Italic      <ec-lm.enc <lmssdo10.pfb
ec-lmsso10  LMSans10-Italic              <ec-lm.enc <lmsso10.pfb
ec-lmsso12  LMSans12-Italic              <ec-lm.enc <lmsso12.pfb
ec-lmsso17  LMSans17-Italic              <ec-lm.enc <lmsso17.pfb
ec-lmsso8   LMSans8-Italic               <ec-lm.enc <lmsso8.pfb
ec-lmsso9   LMSans9-Italic               <ec-lm.enc <lmsso9.pfb
ec-lmssq8   LMSansQuotation8-Regular     <ec-lm.enc <lmssq8.pfb
ec-lmssqbo8 LMSansQuotation8-BoldItalic  <ec-lm.enc <lmssqbo8.pfb
ec-lmssqbx8 LMSansQuotation8-Bold        <ec-lm.enc <lmssqbx8.pfb
ec-lmssqo8  LMSansQuotation8-Italic      <ec-lm.enc <lmssqo8.pfb
ec-lmtcsc10 LMTypewriterCaps10-Regular   <ec-lm.enc <lmtcsc10.pfb
ec-lmtt10   LMTypewriter10-Regular       <ec-lm.enc <lmtt10.pfb
ec-lmtt12   LMTypewriter12-Regular       <ec-lm.enc <lmtt12.pfb
ec-lmtt8    LMTypewriter8-Regular        <ec-lm.enc <lmtt8.pfb
ec-lmtt9    LMTypewriter9-Regular        <ec-lm.enc <lmtt9.pfb
ec-lmtti10  LMTypewriter10-Italic        <ec-lm.enc <lmtti10.pfb
ec-lmtto10  LMTypewriterSlanted10-Italic <ec-lm.enc <lmtto10.pfb
ec-lmvtt10  LMTypewriterVarWd10-Regular  <ec-lm.enc <lmvtt10.pfb
ec-lmvtto10 LMTypewriterVarWd10-Italic   <ec-lm.enc <lmvtto10.pfb


% courier / urw

qcrb  <qcr.enc <qcrb.pfb
qcrbi <qcr.enc <qcrbi.pfb
qcrr  <qcr.enc <qcrr.pfb
qcrri <qcr.enc <qcrri.pfb

% helvetica / urw

qhvb   <qhv.enc <qhvb.pfb
qhvbi  <qhv.enc <qhvbi.pfb
qhvcb  <qhv.enc <qhvcb.pfb
qhvcbi <qhv.enc <qhvcbi.pfb
qhvcr  <qhv.enc <qhvcr.pfb
qhvcri <qhv.enc <qhvcri.pfb
qhvr   <qhv.enc <qhvr.pfb
qhvri  <qhv.enc <qhvri.pfb

% times / urw

qtmb  <qtm.enc <qtmb.pfb
qtmbi <qtm.enc <qtmbi.pfb
qtmr  <qtm.enc <qtmr.pfb
qtmri <qtm.enc <qtmri.pfb

% palatino / urw

qplb  <qpl.enc <qplb.pfb
qplbi <qpl.enc <qplbi.pfb
qplr  <qpl.enc <qplr.pfb
qplri <qpl.enc <qplri.pfb

% bookman / urw

qbkb  <qbk.enc <qbkb.pfb
qbkbi <qbk.enc <qbkbi.pfb
qbkr  <qbk.enc <qbkr.pfb
qbkri <qbk.enc <qbkri.pfb

% chancery / urw

qzcmi <qzc.enc <qzcmi.pfb

% schoolbook / urw
%
% not available

% utopia
%
% not available

% charter
%
% not available



qx-lmb10    LMRomanDemi10-Regular        <qx-lm.enc   <lmb10.pfb
qx-lmbo10   LMRomanDemi10-Italic         <qx-lm.enc   <lmbo10.pfb
qx-lmbx10   LMRoman10-Bold               <qx-lm.enc   <lmbx10.pfb
qx-lmbx12   LMRoman12-Bold               <qx-lm.enc   <lmbx12.pfb
qx-lmbx5    LMRoman5-Bold                <qx-lm.enc   <lmbx5.pfb
qx-lmbx6    LMRoman6-Bold                <qx-lm.enc   <lmbx6.pfb
qx-lmbx7    LMRoman7-Bold                <qx-lm.enc   <lmbx7.pfb
qx-lmbx8    LMRoman8-Bold                <qx-lm.enc   <lmbx8.pfb
qx-lmbx9    LMRoman9-Bold                <qx-lm.enc   <lmbx9.pfb
qx-lmbxi10  LMRoman10-BoldItalic         <qx-lm.enc   <lmbxi10.pfb
qx-lmbxo10  LMSlanted10-BoldItalic       <qx-lm.enc   <lmbxo10.pfb
qx-lmcsc10  LMCaps10-Regular             <qx-lm.enc   <lmcsc10.pfb
qx-lmcsco10 LMCaps10-Italic              <qx-lm.enc   <lmcsco10.pfb
qx-lmr10    LMRoman10-Regular            <qx-lm.enc   <lmr10.pfb
qx-lmr12    LMRoman12-Regular            <qx-lm.enc   <lmr12.pfb
qx-lmr17    LMRoman17-Regular            <qx-lm.enc   <lmr17.pfb
qx-lmr5     LMRoman5-Regular             <qx-lm.enc   <lmr5.pfb
qx-lmr6     LMRoman6-Regular             <qx-lm.enc   <lmr6.pfb
qx-lmr7     LMRoman7-Regular             <qx-lm.enc   <lmr7.pfb
qx-lmr8     LMRoman8-Regular             <qx-lm.enc   <lmr8.pfb
qx-lmr9     LMRoman9-Regular             <qx-lm.enc   <lmr9.pfb
qx-lmri10   LMRoman10-Italic             <qx-lm.enc   <lmri10.pfb
qx-lmri12   LMRoman12-Italic             <qx-lm.enc   <lmri12.pfb
qx-lmri7    LMRoman7-Italic              <qx-lm.enc   <lmri7.pfb
qx-lmri8    LMRoman8-Italic              <qx-lm.enc   <lmri8.pfb
qx-lmri9    LMRoman9-Italic              <qx-lm.enc   <lmri9.pfb
qx-lmro10   LMSlanted10-Italic           <qx-lm.enc   <lmro10.pfb
qx-lmro12   LMSlanted12-Italic           <qx-lm.enc   <lmro12.pfb
qx-lmro8    LMSlanted8-Italic            <qx-lm.enc   <lmro8.pfb
qx-lmro9    LMSlanted9-Italic            <qx-lm.enc   <lmro9.pfb
qx-lmss10   LMSans10-Regular             <qx-lm.enc   <lmss10.pfb
qx-lmss12   LMSans12-Regular             <qx-lm.enc   <lmss12.pfb
qx-lmss17   LMSans17-Regular             <qx-lm.enc   <lmss17.pfb
qx-lmss8    LMSans8-Regular              <qx-lm.enc   <lmss8.pfb
qx-lmss9    LMSans9-Regular              <qx-lm.enc   <lmss9.pfb
qx-lmssbo10 LMSans10-BoldItalic          <qx-lm.enc   <lmssbo10.pfb
qx-lmssbx10 LMSans10-Bold                <qx-lm.enc   <lmssbx10.pfb
qx-lmssdc10 LMSansDemiCond10-Regular     <qx-lm.enc   <lmssdc10.pfb
qx-lmssdo10 LMSansDemiCond10-Italic      <qx-lm.enc   <lmssdo10.pfb
qx-lmsso10  LMSans10-Italic              <qx-lm.enc   <lmsso10.pfb
qx-lmsso12  LMSans12-Italic              <qx-lm.enc   <lmsso12.pfb
qx-lmsso17  LMSans17-Italic              <qx-lm.enc   <lmsso17.pfb
qx-lmsso8   LMSans8-Italic               <qx-lm.enc   <lmsso8.pfb
qx-lmsso9   LMSans9-Italic               <qx-lm.enc   <lmsso9.pfb
qx-lmssq8   LMSansQuotation8-Regular     <qx-lm.enc   <lmssq8.pfb
qx-lmssqbo8 LMSansQuotation8-BoldItalic  <qx-lm.enc   <lmssqbo8.pfb
qx-lmssqbx8 LMSansQuotation8-Bold        <qx-lm.enc   <lmssqbx8.pfb
qx-lmssqo8  LMSansQuotation8-Italic      <qx-lm.enc   <lmssqo8.pfb
qx-lmtcsc10 LMTypewriterCaps10-Regular   <qx-lmtt.enc <lmtcsc10.pfb
qx-lmtt10   LMTypewriter10-Regular       <qx-lmtt.enc <lmtt10.pfb
qx-lmtt12   LMTypewriter12-Regular       <qx-lmtt.enc <lmtt12.pfb
qx-lmtt8    LMTypewriter8-Regular        <qx-lmtt.enc <lmtt8.pfb
qx-lmtt9    LMTypewriter9-Regular        <qx-lmtt.enc <lmtt9.pfb
qx-lmtti10  LMTypewriter10-Italic        <qx-lmtt.enc <lmtti10.pfb
qx-lmtto10  LMTypewriterSlanted10-Italic <qx-lmtt.enc <lmtto10.pfb
qx-lmvtt10  LMTypewriterVarWd10-Regular  <qx-lm.enc   <lmvtt10.pfb
qx-lmvtto10 LMTypewriterVarWd10-Italic   <qx-lm.enc   <lmvtto10.pfb



% courier / urw

ucrr8v  VnNimbusMonL-Regu                          "T5Encoding ReEncodeFont" <t5.enc <ucrr8v.pfb
ucrro8v VnNimbusMonL-ReguObli                      "T5Encoding ReEncodeFont" <t5.enc <ucrro8v.pfb
ucrb8v  VnNimbusMonL-Bold                          "T5Encoding ReEncodeFont" <t5.enc <ucrb8v.pfb
ucrbo8v VnNimbusMonL-BoldObli                      "T5Encoding ReEncodeFont" <t5.enc <ucrbo8v.pfb

% helvetica / urw

uhvr8v  VnNimbusSanL-Regu                          "T5Encoding ReEncodeFont" <t5.enc <uhvr8v.pfb
uhvro8v VnNimbusSanL-ReguItal                      "T5Encoding ReEncodeFont" <t5.enc <uhvro8v.pfb
uhvb8v  VnNimbusSanL-Bold                          "T5Encoding ReEncodeFont" <t5.enc <uhvb8v.pfb
uhvbo8v VnNimbusSanL-BoldItal                      "T5Encoding ReEncodeFont" <t5.enc <uhvbo8v.pfb

% times / urw

utmr8v  VnNimbusRomNo9L-Regu                       "T5Encoding ReEncodeFont" <t5.enc <utmr8v.pfb
utmri8v VnNimbusRomNo9L-ReguItal                   "T5Encoding ReEncodeFont" <t5.enc <utmri8v.pfb
utmb8v  VnNimbusRomNo9L-Medi                       "T5Encoding ReEncodeFont" <t5.enc <utmb8v.pfb
utmbi8v VnNimbusRomNo9L-MediItal                   "T5Encoding ReEncodeFont" <t5.enc <utmbi8v.pfb

utmro8v VnNimbusRomNo9L-Regu       "0.277 SlantFont T5Encoding ReEncodeFont" <t5.enc <utmr8v.pfb
utmbo8v VnNimbusRomNo9L-Medi       "0.277 SlantFont T5Encoding ReEncodeFont" <t5.enc <utmb8v.pfb

% palatino / urw

uplr8v  VnURWPalladioL-Roma                        "T5Encoding ReEncodeFont" <t5.enc <uplr8v.pfb
uplri8v VnURWPalladioL-Ital                        "T5Encoding ReEncodeFont" <t5.enc <uplri8v.pfb
uplb8v  VnURWPalladioL-Bold                        "T5Encoding ReEncodeFont" <t5.enc <uplb8v.pfb
uplbi8v VnURWPalladioL-BoldItal                    "T5Encoding ReEncodeFont" <t5.enc <uplbi8v.pfb

uplro8v VnURWPalladioL-Roma        "0.277 SlantFont T5Encoding ReEncodeFont" <t5.enc <uplr8v.pfb
uplbo8v VnURWPalladioL-Bold        "0.277 SlantFont T5Encoding ReEncodeFont" <t5.enc <uplb8v.pfb

% bookman / urw

ubkl8v  VnURWBookmanL-Ligh                         "T5Encoding ReEncodeFont" <t5.enc <ubkl8v.pfb
ubkli8v VnURWBookmanL-LighItal                     "T5Encoding ReEncodeFont" <t5.enc <ubkli8v.pfb
ubkd8v  VnURWBookmanL-DemiBold                     "T5Encoding ReEncodeFont" <t5.enc <ubkd8v.pfb
ubkdi8v VnURWBookmanL-DemiBoldItal                 "T5Encoding ReEncodeFont" <t5.enc <ubkdi8v.pfb

ubklo8v VnURWBookmanL-Ligh         "0.277 SlantFont T5Encoding ReEncodeFont" <t5.enc <ubkl8v.pfb
ubkdo8v VnURWBookmanL-DemiBold     "0.277 SlantFont T5Encoding ReEncodeFont" <t5.enc <ubkd8v.pfb

% chancery / urw

% not supported
%
% schoolbook / urw

uncr8v  VnCenturySchL-Roma                         "T5Encoding ReEncodeFont" <t5.enc <uncr8v.pfb
uncri8v VnCenturySchL-Ital                         "T5Encoding ReEncodeFont" <t5.enc <uncri8v.pfb
uncb8v  VnCenturySchL-Bold                         "T5Encoding ReEncodeFont" <t5.enc <uncb8v.pfb
uncbi8v VnCenturySchL-BoldItal                     "T5Encoding ReEncodeFont" <t5.enc <uncbi8v.pfb

uncro8v VnCenturySchL-Roma         "0.277 SlantFont T5Encoding ReEncodeFont" <t5.enc <uncr8v.pfb
uncbo8v VnCenturySchL-Bold         "0.277 SlantFont T5Encoding ReEncodeFont" <t5.enc <uncb8v.pfb

% utopia
%
% not supported

% charter
%
% not supported

% gothic / urw

uagk8v  VnURWGothicL-Book                          "T5Encoding ReEncodeFont" <t5.enc <uagk8v.pfb
uagko8v VnURWGothicL-BookObli                      "T5Encoding ReEncodeFont" <t5.enc <uagko8v.pfb
uagd8v  VnURWGothicL-Demi                          "T5Encoding ReEncodeFont" <t5.enc <uagd8v.pfb
uagdo8v VnURWGothicL-DemiObli                      "T5Encoding ReEncodeFont" <t5.enc <uagdo8v.pfb


% LM Support for VN fonts, thanks to Jacko

vnb10    LMRomanDemi10-Regular          <t5-lm.enc <lmb10.pfb
vnbx5    LMRoman5-Bold                  <t5-lm.enc <lmbx5.pfb
vnbx6    LMRoman6-Bold                  <t5-lm.enc <lmbx6.pfb
vnbx7    LMRoman7-Bold                  <t5-lm.enc <lmbx7.pfb
vnbx8    LMRoman8-Bold                  <t5-lm.enc <lmbx8.pfb
vnbx9    LMRoman9-Bold                  <t5-lm.enc <lmbx9.pfb
vnbx10   LMRoman10-Bold                 <t5-lm.enc <lmbx10.pfb
vnbx12   LMRoman12-Bold                 <t5-lm.enc <lmbx12.pfb
vnbxsl10 LMSlanted10-BoldItalic         <t5-lm.enc <lmbxo10.pfb
vnbxti10 LMRoman10-BoldItalic           <t5-lm.enc <lmbxi10.pfb
vncsc10  LMCaps10-Regular               <t5-lm.enc <lmcsc10.pfb
vnitt10  LMTypewriter10-Italic          <t5-lm.enc <lmtti10.pfb
vnr5     LMRoman5-Regular               <t5-lm.enc <lmr5.pfb
vnr6     LMRoman6-Regular               <t5-lm.enc <lmr6.pfb
vnr7     LMRoman7-Regular               <t5-lm.enc <lmr7.pfb
vnr8     LMRoman8-Regular               <t5-lm.enc <lmr8.pfb
vnr9     LMRoman9-Regular               <t5-lm.enc <lmr9.pfb
vnr10    LMRoman10-Regular              <t5-lm.enc <lmr10.pfb
vnr12    LMRoman12-Regular              <t5-lm.enc <lmr12.pfb
vnr17    LMRoman17-Regular              <t5-lm.enc <lmr17.pfb
vnsl8    LMSlanted8-Italic              <t5-lm.enc <lmro8.pfb
vnsl9    LMSlanted9-Italic              <t5-lm.enc <lmro9.pfb
vnsl10   LMSlanted10-Italic             <t5-lm.enc <lmro10.pfb
vnsl12   LMSlanted12-Italic             <t5-lm.enc <lmro12.pfb
vnsltt10 LMTypewriterSlanted10-Italic   <t5-lm.enc <lmtto10.pfb
vnss8    LMSans8-Regular                <t5-lm.enc <lmss8.pfb
vnss9    LMSans9-Regular                <t5-lm.enc <lmss9.pfb
vnss10   LMSans10-Regular               <t5-lm.enc <lmss10.pfb
vnss12   LMSans12-Regular               <t5-lm.enc <lmss12.pfb
vnss17   LMSans17-Regular               <t5-lm.enc <lmss17.pfb
vnssbx10 LMSans10-Bold                  <t5-lm.enc <lmssbx10.pfb
vnssdc10 LMSansDemiCond10-Regular       <t5-lm.enc <lmssdc10.pfb
vnssi8   LMSans8-Italic                 <t5-lm.enc <lmssi8.pfb
vnssi9   LMSans9-Italic                 <t5-lm.enc <lmssi9.pfb
vnssi10  LMSans10-Italic                <t5-lm.enc <lmssi10.pfb
vnssi12  LMSans12-Italic                <t5-lm.enc <lmssi12.pfb
vnssi17  LMSans17-Italic                <t5-lm.enc <lmssi17.pfb
vnssq8   LMSansQuotation8-Regular       <t5-lm.enc <lmssq8.pfb
vnssqi8  LMSansQuotation8-Italic        <t5-lm.enc <lmssqo8.pfb
vntcsc10 LMTypewriterCaps10-Regular     <t5-lm.enc <lmtcsc10.pfb
vnti7    LMRoman7-Italic                <t5-lm.enc <lmri7.pfb
vnti8    LMRoman8-Italic                <t5-lm.enc <lmri8.pfb
vnti9    LMRoman9-Italic                <t5-lm.enc <lmri9.pfb
vnti10   LMRoman10-Italic               <t5-lm.enc <lmri10.pfb
vnti12   LMRoman12-Italic               <t5-lm.enc <lmri12.pfb
vntt8    LMTypewriter8-Regular          <t5-lm.enc <lmtt8.pfb
vntt9    LMTypewriter9-Regular          <t5-lm.enc <lmtt9.pfb
vntt10   LMTypewriter10-Regular         <t5-lm.enc <lmtt10.pfb
vntt12   LMTypewriter12-Regular         <t5-lm.enc <lmtt12.pfb
vnvtt10  LMTypewriterVarWd10-Regular    <t5-lm.enc <lmvtt10.pfb

% a weird one, not used in context

vnu10  LMRoman10-Italic "-0.25 SlantFont" <t5-lm.enc <lmri10.pfb

% unsupported

% vndunh10
% vnff10
% vnfi10
% vnfib8


# not yet defined


% LM replacement / thanks to Jacko

csb10    LMRomanDemi10-Regular        <csrm.enc <lmb10.pfb
csbx5    LMRoman5-Bold                <csrm.enc <lmbx5.pfb
csbx6    LMRoman6-Bold                <csrm.enc <lmbx6.pfb
csbx7    LMRoman7-Bold                <csrm.enc <lmbx7.pfb
csbx8    LMRoman8-Bold                <csrm.enc <lmbx8.pfb
csbx9    LMRoman9-Bold                <csrm.enc <lmbx9.pfb
csbx10   LMRoman10-Bold               <csrm.enc <lmbx10.pfb
csbx12   LMRoman12-Bold               <csrm.enc <lmbx12.pfb
csbxsl10 LMSlanted10-BoldItalic       <csrm.enc <lmbxo10.pfb
csbxti10 LMRoman10-BoldItalic         <csrm.enc <lmbxi10.pfb
csinch   LMSans10-Bold                <csin.enc <lmssbx10.pfb
csitt10  LMTypewriter10-Italic        <cstt.enc <lmtti10.pfb
cscsc10  LMCaps10-Regular             <cssc.enc <lmcsc10.pfb
csr5     LMRoman5-Regular             <cssc.enc <lmr5.pfb
csr6     LMRoman6-Regular             <csrm.enc <lmr6.pfb
csr7     LMRoman7-Regular             <csrm.enc <lmr7.pfb
csr8     LMRoman8-Regular             <csrm.enc <lmr8.pfb
csr9     LMRoman9-Regular             <csrm.enc <lmr9.pfb
csr10    LMRoman10-Regular            <csrm.enc <lmr10.pfb
csr12    LMRoman12-Regular            <csrm.enc <lmr12.pfb
csr17    LMRoman17-Regular            <csrm.enc <lmr17.pfb
cssl8    LMSlanted8-Italic            <csrm.enc <lmro8.pfb
cssl9    LMSlanted9-Italic            <csrm.enc <lmro9.pfb
cssl10   LMSlanted10-Italic           <csrm.enc <lmro10.pfb
cssl12   LMSlanted12-Italic           <csrm.enc <lmro12.pfb
cssltt10 LMTypewriterSlanted10-Italic <cstt.enc <lmtto10.pfb
csss8    LMSans8-Regular              <csrm.enc <lmss8.pfb
csss9    LMSans9-Regular              <csrm.enc <lmss9.pfb
csss10   LMSans10-Regular             <csrm.enc <lmss10.pfb
csss12   LMSans12-Regular             <csrm.enc <lmss12.pfb
csss17   LMSans17-Regular             <csrm.enc <lmss17.pfb
csssbx10 LMSans10-Bold                <csrm.enc <lmssbx10.pfb
csssdc10 LMSansDemiCond10-Regular     <csrm.enc <lmssdc10.pfb
csssi8   LMSans8-Italic               <csrm.enc <lmsso8.pfb
csssi9   LMSans9-Italic               <csrm.enc <lmsso9.pfb
csssi10  LMSans10-Italic              <csrm.enc <lmsso10.pfb
csssi12  LMSans12-Italic              <csrm.enc <lmsso12.pfb
csssi17  LMSans17-Italic              <csrm.enc <lmsso17.pfb
csssq8   LMSansQuotation8-Regular     <csrm.enc <lmssq8.pfb
csssqi8  LMSansQuotation8-Italic      <csrm.enc <lmssqo8.pfb
cstcsc10 LMTypewriterCaps10-Regular   <cstt.enc <lmtcsc10.pfb
csti7    LMRoman7-Italic              <csrm.enc <lmri7.pfb
csti8    LMRoman8-Italic              <csrm.enc <lmri8.pfb
csti9    LMRoman9-Italic              <csrm.enc <lmri9.pfb
csti10   LMRoman10-Italic             <csrm.enc <lmri10.pfb
csti12   LMRoman12-Italic             <csrm.enc <lmri12.pfb
cstt8    LMTypewriter8-Regular        <cstt.enc <lmtt8.pfb
cstt9    LMTypewriter9-Regular        <cstt.enc <lmtt9.pfb
cstt10   LMTypewriter10-Regular       <cstt.enc <lmtt10.pfb
cstt12   LMTypewriter12-Regular       <cstt.enc <lmtt12.pfb
csvtt10  LMTypewriterVarWd10-Regular  <cstt.enc <lmvtt10.pfb

% some originals, not used in context

csdunh10 csdunh10 <csdunh10.pfb
csff10   csff10   <csff10.pfb
csfib8   csfib8   <csfib8.pfb
csfi10   csfi10   <csfi10.pfb

% a weird one, not used in context

csu10    LMRoman10-Italic "-0.25 SlantFont" <csrm.enc <lmri10.pfb


# not yet defined


% LM replacement, thanks to Jacko

plb10    LMRomanDemi10-Regular        <plrm.enc  <lmb10.pfb
plbx5    LMRoman5-Bold                <plrm.enc  <lmbx5.pfb
plbx6    LMRoman6-Bold                <plrm.enc  <lmbx6.pfb
plbx7    LMRoman7-Bold                <plrm.enc  <lmbx7.pfb
plbx8    LMRoman8-Bold                <plrm.enc  <lmbx8.pfb
plbx9    LMRoman9-Bold                <plrm.enc  <lmbx9.pfb
plbx10   LMRoman10-Bold               <plrm.enc  <lmbx10.pfb
plbx12   LMRoman12-Bold               <plrm.enc  <lmbx12.pfb
plbxsl10 LMSlanted10-BoldItalic       <plrm.enc  <lmbxo10.pfb
plbxti10 LMRoman10-BoldItalic         <plit.enc  <lmbxi10.pfb
plcsc10  LMCaps10-Regular             <plsc.enc  <lmcsc10.pfb
plinch   LMSans10-Bold                <plin.enc  <lmssbx10.pfb
plitt10  LMTypewriter10-Italic        <plitt.enc <lmtti10.pfb
plr5     LMRoman5-Regular             <plsc.enc  <lmr5.pfb
plr6     LMRoman6-Regular             <plrm.enc  <lmr6.pfb
plr7     LMRoman7-Regular             <plrm.enc  <lmr7.pfb
plr8     LMRoman8-Regular             <plrm.enc  <lmr8.pfb
plr9     LMRoman9-Regular             <plrm.enc  <lmr9.pfb
plr10    LMRoman10-Regular            <plrm.enc  <lmr10.pfb
plr12    LMRoman12-Regular            <plrm.enc  <lmr12.pfb
plr17    LMRoman17-Regular            <plrm.enc  <lmr17.pfb
plsl8    LMSlanted8-Italic            <plrm.enc  <lmro8.pfb
plsl9    LMSlanted9-Italic            <plrm.enc  <lmro9.pfb
plsl10   LMSlanted10-Italic           <plrm.enc  <lmro10.pfb
plsl12   LMSlanted12-Italic           <plrm.enc  <lmro12.pfb
plsltt10 LMTypewriterSlanted10-Italic <pltt.enc  <lmtto10.pfb
plss8    LMSans8-Regular              <plrm.enc  <lmss8.pfb
plss9    LMSans9-Regular              <plrm.enc  <lmss9.pfb
plss10   LMSans10-Regular             <plrm.enc  <lmss10.pfb
plss12   LMSans12-Regular             <plrm.enc  <lmss12.pfb
plss17   LMSans17-Regular             <plrm.enc  <lmss17.pfb
plssbi10 LMSans10-BoldItalic          <plrm.enc  <lmssbo10.pfb
plssbx10 LMSans10-Bold                <plrm.enc  <lmssbx10.pfb
plssdc10 LMSansDemiCond10-Regular     <plrm.enc  <lmssdc10.pfb
plssi8   LMSans8-Italic               <plrm.enc  <lmssi8.pfb
plssi9   LMSans9-Italic               <plrm.enc  <lmssi9.pfb
plssi10  LMSans10-Italic              <plrm.enc  <lmssi10.pfb
plssi12  LMSans12-Italic              <plrm.enc  <lmssi12.pfb
plssi17  LMSans17-Italic              <plrm.enc  <lmssi17.pfb
plssq8   LMSansQuotation8-Regular     <plrm.enc  <lmssq8.pfb
plssqi8  LMSansQuotation8-Italic      <plrm.enc  <lmssqo8.pfb
pltcsc10 LMTypewriterCaps10-Regular   <pltt.enc  <lmtcsc10.pfb
plti7    LMRoman7-Italic              <plit.enc  <lmri7.pfb
plti8    LMRoman8-Italic              <plit.enc  <lmri8.pfb
plti9    LMRoman9-Italic              <plit.enc  <lmri9.pfb
plti10   LMRoman10-Italic             <plit.enc  <lmri10.pfb
plti12   LMRoman12-Italic             <plit.enc  <lmri12.pfb
pltt8    LMTypewriter8-Regular        <pltt.enc  <lmtt8.pfb
pltt9    LMTypewriter9-Regular        <pltt.enc  <lmtt9.pfb
pltt10   LMTypewriter10-Regular       <pltt.enc  <lmtt10.pfb
pltt12   LMTypewriter12-Regular       <pltt.enc  <lmtt12.pfb
plvtt10  LMTypewriterVarWd10-Regular  <plrm.enc  <lmvtt10.pfb

% some originals, not used in context

pldunh10 PLDunhill10-Regular          <plrm.enc  <pldunh10.pfb
plbsy10  PLMathSymbols10-BoldItalic   <plms.enc  <plbsy10.pfb
plex10   PLMathExtension10-Regular    <plme.enc  <plex10.pfb
plex9    PLMathExtension9-Regular     <plme.enc  <plex9.pfb
plff10   PLFunny10-Regular            <plrm.enc  <plff10.pfb
plfi10   PLFunny10-Italic             <plit.enc  <plfi10.pfb
plfib8   PLFibonacci8-Regular         <plrm.enc  <plfib8.pfb
plmi10   PLMathItalic10-Italic        <plmi.enc  <plmi10.pfb
plmi12   PLMathItalic12-Italic        <plmi.enc  <plmi12.pfb
plmi5    PLMathItalic5-Italic         <plmi.enc  <plmi5.pfb
plmi6    PLMathItalic6-Italic         <plmi.enc  <plmi6.pfb
plmi7    PLMathItalic7-Italic         <plmi.enc  <plmi7.pfb
plmi8    PLMathItalic8-Italic         <plmi.enc  <plmi8.pfb
plmi9    PLMathItalic9-Italic         <plmi.enc  <plmi9.pfb
plmib10  PLMathItalic10-BoldItalic    <plmi.enc  <plmib10.pfb
plsy10   PLMathSymbols10-Italic       <plms.enc  <plsy10.pfb
plsy5    PLMathSymbols5-Italic        <plms.enc  <plsy5.pfb
plsy6    PLMathSymbols6-Italic        <plms.enc  <plsy6.pfb
plsy7    PLMathSymbols7-Italic        <plms.enc  <plsy7.pfb
plsy8    PLMathSymbols8-Italic        <plms.enc  <plsy8.pfb
plsy9    PLMathSymbols9-Italic        <plms.enc  <plsy9.pfb
pltex10  PLTeXExtended10-Regular      <plte.enc  <pltex10.pfb
pltex8   PLTeXExtended8-Regular       <plte.enc  <pltex8.pfb
pltex9   PLTeXExtended9-Regular       <plte.enc  <pltex9.pfb

% a weird one, not used in context

plu10    LMRoman10-Italic "-0.25 SlantFont" <plit.enc <lmri10.pfb


% author: Hans Hagen
%
% This map file defines the texnansi alternatives of the public fonts,
% beware, these are seldom present on your system. If you really want
% to use these fonts, uncomment the relevant lines. If no fonts are
% present, pdftex may get confused.

% courier / urw

% ucrb8y  NimbusMonL-Bold          <texnansi.enc <ucrb8a.pfb
% ucrbo8y NimbusMonL-BoldObli      <texnansi.enc <ucrbo8a.pfb
% ucrr8y  NimbusMonL-Regu          <texnansi.enc <ucrr8a.pfb
% ucrro8y NimbusMonL-ReguObli      <texnansi.enc <ucrro8a.pfb

% courier / adobe

% pcrb8y  NimbusMonL-Bold          <texnansi.enc <ucrb8a.pfb
% pcrbo8y NimbusMonL-BoldObli      <texnansi.enc <ucrbo8a.pfb
% pcrr8y  NimbusMonL-Regu          <texnansi.enc <ucrr8a.pfb
% pcrro8y NimbusMonL-ReguObli      <texnansi.enc <ucrro8a.pfb

% helvetica / urw

% uhvb8y  NimbusSanL-Bold          <texnansi.enc <uhvb8a.pfb
% uhvbo8y NimbusSanL-BoldItal      <texnansi.enc <uhvbo8a.pfb
% uhvr8y  NimbusSanL-Regu          <texnansi.enc <uhvr8a.pfb
% uhvro8y NimbusSanL-ReguItal      <texnansi.enc <uhvro8a.pfb

% helvetica / adobe

% phvb8y  NimbusSanL-Bold          <texnansi.enc <uhvb8a.pfb
% phvbo8y NimbusSanL-BoldItal      <texnansi.enc <uhvbo8a.pfb
% phvr8y  NimbusSanL-Regu          <texnansi.enc <uhvr8a.pfb
% phvro8y NimbusSanL-ReguItal      <texnansi.enc <uhvro8a.pfb

% times / urw

% utmb8y  NimbusRomNo9L-Medi       <texnansi.enc <utmb8a.pfb
% utmbi8y NimbusRomNo9L-MediItal   <texnansi.enc <utmbi8a.pfb
% utmr8y  NimbusRomNo9L-Regu       <texnansi.enc <utmr8a.pfb
% utmri8y NimbusRomNo9L-ReguItal   <texnansi.enc <utmri8a.pfb

% utmbo8y NimbusRomNo9L-Medi       ".167 SlantFont" <texnansi.enc <utmb8a.pfb
% utmro8y NimbusRomNo9L-Regu       ".167 SlantFont" <texnansi.enc <utmr8a.pfb

% times / adobe

% ptmb8y  NimbusRomNo9L-Medi       <texnansi.enc <utmb8a.pfb
% ptmbi8y NimbusRomNo9L-MediItal   <texnansi.enc <utmbi8a.pfb
% ptmr8y  NimbusRomNo9L-Regu       <texnansi.enc <utmr8a.pfb
% ptmri8y NimbusRomNo9L-ReguItal   <texnansi.enc <utmri8a.pfb

% ptmbo8y NimbusRomNo9L-Medi       ".167 SlantFont" <texnansi.enc <utmb8a.pfb
% ptmro8y NimbusRomNo9L-Regu       ".167 SlantFont" <texnansi.enc <utmr8a.pfb

% palatino / urw

% uplb8y  URWPalladioL-Bold        <texnansi.enc <uplb8a.pfb
% uplbi8y URWPalladioL-BoldItal    <texnansi.enc <uplbi8a.pfb
% uplr8y  URWPalladioL-Roma        <texnansi.enc <uplr8a.pfb
% uplri8y URWPalladioL-Ital        <texnansi.enc <uplri8a.pfb

% uplbo8y URWPalladioL-Bold        ".167 SlantFont" <texnansi.enc <uplb8a.pfb
% uplro8y URWPalladioL-Roma        ".167 SlantFont" <texnansi.enc <uplr8a.pfb

% palatino / adobe

% pplb8y  URWPalladioL-Bold        <texnansi.enc <uplb8a.pfb
% pplbi8y URWPalladioL-BoldItal    <texnansi.enc <uplbi8a.pfb
% pplr8y  URWPalladioL-Roma        <texnansi.enc <uplr8a.pfb
% pplri8y URWPalladioL-Ital        <texnansi.enc <uplri8a.pfb

% pplbo8y URWPalladioL-Bold        ".167 SlantFont" <texnansi.enc <uplb8a.pfb
% pplro8y URWPalladioL-Roma        ".167 SlantFont" <texnansi.enc <uplr8a.pfb

% bookman / urw

% ubkd8y  URWBookmanL-DemiBold     <texnansi.enc <ubkd8a.pfb
% ubkdi8y URWBookmanL-DemiBoldItal <texnansi.enc <ubkdi8a.pfb
% ubkl8y  URWBookmanL-Ligh         <texnansi.enc <ubkl8a.pfb
% vubkli8y URWBookmanL-LighItal     <texnansi.enc <ubkli8a.pfb

% ubkdo8y URWBookmanL-DemiBold     ".167 SlantFont" <texnansi.enc <ubkd8a.pfb
% ubklo8y URWBookmanL-Ligh         ".167 SlantFont" <texnansi.enc <ubkl8a.pfb

% bookman / adobe

% pbkd8y  URWBookmanL-DemiBold     <texnansi.enc <ubkd8a.pfb
% pbkdi8y URWBookmanL-DemiBoldItal <texnansi.enc <ubkdi8a.pfb
% pbkl8y  URWBookmanL-Ligh         <texnansi.enc <ubkl8a.pfb
% pbkli8y URWBookmanL-LighItal     <texnansi.enc <ubkli8a.pfb

% pbkdo8y URWBookmanL-DemiBold     ".167 SlantFont" <texnansi.enc <ubkd8a.pfb
% pbklo8y URWBookmanL-Ligh         ".167 SlantFont" <texnansi.enc <ubkl8a.pfb

% chancery / urw

% uzcmi8y URWChanceryL-MediItal    <texnansi.enc <uzcmi8a.pfb

% chancery / adobe

% pzcmi8y URWChanceryL-MediItal    <texnansi.enc <uzcmi8a.pfb

% schoolbook / urw

% uncb8y  CenturySchL-Bold         <texnansi.enc <uncb8a.pfb
% uncbi8y CenturySchL-BoldItal     <texnansi.enc <uncbi8a.pfb
% uncr8y  CenturySchL-Roma         <texnansi.enc <uncr8a.pfb
% uncri8y CenturySchL-Ital         <texnansi.enc <uncri8a.pfb

% uncbo8y CenturySchL-Bold         ".167 SlantFont" <texnansi.enc <uncb8a.pfb
% uncro8y CenturySchL-Roma         ".167 SlantFont" <texnansi.enc <uncr8a.pfb

% schoolbook / adobe

% pncb8y  CenturySchL-Bold         <texnansi.enc <uncb8a.pfb
% pncbi8y CenturySchL-BoldItal     <texnansi.enc <uncbi8a.pfb
% pncr8y  CenturySchL-Roma         <texnansi.enc <uncr8a.pfb
% pncri8y CenturySchL-Ital         <texnansi.enc <uncri8a.pfb

% pncbo8y CenturySchL-Bold         ".167 SlantFont" <texnansi.enc <uncb8a.pfb
% pncro8y CenturySchL-Roma         ".167 SlantFont" <texnansi.enc <uncr8a.pfb

% utopia

% putb8y  Utopia-Bold              <texnansi.enc <putb8a.pfb
% putbi8y Utopia-BoldItalic        <texnansi.enc <putbi8a.pfb
% putr8y  Utopia-Regular           <texnansi.enc <putr8a.pfb
% putri8y Utopia-Italic            <texnansi.enc <putri8a.pfb

% putbo8y Utopia-Bold              ".167 SlantFont" <texnansi.enc <putb8a.pfb
% putro8y Utopia-Regular           ".167 SlantFont" <texnansi.enc <putr8a.pfb

% charter

% bchb8y  CharterBT-Bold           <texnansi.enc <bchb8a.pfb
% bchbi8y CharterBT-BoldItalic     <texnansi.enc <bchbi8a.pfb
% bchr8y  CharterBT-Roman          <texnansi.enc <bchr8a.pfb
% bchri8y CharterBT-Italic         <texnansi.enc <bchri8a.pfb

% bchbo8y CharterBT-Bold           ".167 SlantFont"  <texnansi.enc <bchb8a.pfb
% bchro8y CharterBT-Roman          ".167 SlantFont " <texnansi.enc <bchr8a.pfb

texnansi-lmb10    LMRomanDemi10-Regular        <texnansi-lm.enc <lmb10.pfb
texnansi-lmbo10   LMRomanDemi10-Italic         <texnansi-lm.enc <lmbo10.pfb
texnansi-lmbx10   LMRoman10-Bold               <texnansi-lm.enc <lmbx10.pfb
texnansi-lmbx12   LMRoman12-Bold               <texnansi-lm.enc <lmbx12.pfb
texnansi-lmbx5    LMRoman5-Bold                <texnansi-lm.enc <lmbx5.pfb
texnansi-lmbx6    LMRoman6-Bold                <texnansi-lm.enc <lmbx6.pfb
texnansi-lmbx7    LMRoman7-Bold                <texnansi-lm.enc <lmbx7.pfb
texnansi-lmbx8    LMRoman8-Bold                <texnansi-lm.enc <lmbx8.pfb
texnansi-lmbx9    LMRoman9-Bold                <texnansi-lm.enc <lmbx9.pfb
texnansi-lmbxi10  LMRoman10-BoldItalic         <texnansi-lm.enc <lmbxi10.pfb
texnansi-lmbxo10  LMSlanted10-BoldItalic       <texnansi-lm.enc <lmbxo10.pfb
texnansi-lmcsc10  LMCaps10-Regular             <texnansi-lm.enc <lmcsc10.pfb
texnansi-lmcsco10 LMCaps10-Italic              <texnansi-lm.enc <lmcsco10.pfb
texnansi-lmr10    LMRoman10-Regular            <texnansi-lm.enc <lmr10.pfb
texnansi-lmr12    LMRoman12-Regular            <texnansi-lm.enc <lmr12.pfb
texnansi-lmr17    LMRoman17-Regular            <texnansi-lm.enc <lmr17.pfb
texnansi-lmr5     LMRoman5-Regular             <texnansi-lm.enc <lmr5.pfb
texnansi-lmr6     LMRoman6-Regular             <texnansi-lm.enc <lmr6.pfb
texnansi-lmr7     LMRoman7-Regular             <texnansi-lm.enc <lmr7.pfb
texnansi-lmr8     LMRoman8-Regular             <texnansi-lm.enc <lmr8.pfb
texnansi-lmr9     LMRoman9-Regular             <texnansi-lm.enc <lmr9.pfb
texnansi-lmri10   LMRoman10-Italic             <texnansi-lm.enc <lmri10.pfb
texnansi-lmri12   LMRoman12-Italic             <texnansi-lm.enc <lmri12.pfb
texnansi-lmri7    LMRoman7-Italic              <texnansi-lm.enc <lmri7.pfb
texnansi-lmri8    LMRoman8-Italic              <texnansi-lm.enc <lmri8.pfb
texnansi-lmri9    LMRoman9-Italic              <texnansi-lm.enc <lmri9.pfb
texnansi-lmro10   LMSlanted10-Italic           <texnansi-lm.enc <lmro10.pfb
texnansi-lmro12   LMSlanted12-Italic           <texnansi-lm.enc <lmro12.pfb
texnansi-lmro8    LMSlanted8-Italic            <texnansi-lm.enc <lmro8.pfb
texnansi-lmro9    LMSlanted9-Italic            <texnansi-lm.enc <lmro9.pfb
texnansi-lmss10   LMSans10-Regular             <texnansi-lm.enc <lmss10.pfb
texnansi-lmss12   LMSans12-Regular             <texnansi-lm.enc <lmss12.pfb
texnansi-lmss17   LMSans17-Regular             <texnansi-lm.enc <lmss17.pfb
texnansi-lmss8    LMSans8-Regular              <texnansi-lm.enc <lmss8.pfb
texnansi-lmss9    LMSans9-Regular              <texnansi-lm.enc <lmss9.pfb
texnansi-lmssbo10 LMSans10-BoldItalic          <texnansi-lm.enc <lmssbo10.pfb
texnansi-lmssbx10 LMSans10-Bold                <texnansi-lm.enc <lmssbx10.pfb
texnansi-lmssdc10 LMSansDemiCond10-Regular     <texnansi-lm.enc <lmssdc10.pfb
texnansi-lmssdo10 LMSansDemiCond10-Italic      <texnansi-lm.enc <lmssdo10.pfb
texnansi-lmsso10  LMSans10-Italic              <texnansi-lm.enc <lmsso10.pfb
texnansi-lmsso12  LMSans12-Italic              <texnansi-lm.enc <lmsso12.pfb
texnansi-lmsso17  LMSans17-Italic              <texnansi-lm.enc <lmsso17.pfb
texnansi-lmsso8   LMSans8-Italic               <texnansi-lm.enc <lmsso8.pfb
texnansi-lmsso9   LMSans9-Italic               <texnansi-lm.enc <lmsso9.pfb
texnansi-lmssq8   LMSansQuotation8-Regular     <texnansi-lm.enc <lmssq8.pfb
texnansi-lmssqbo8 LMSansQuotation8-BoldItalic  <texnansi-lm.enc <lmssqbo8.pfb
texnansi-lmssqbx8 LMSansQuotation8-Bold        <texnansi-lm.enc <lmssqbx8.pfb
texnansi-lmssqo8  LMSansQuotation8-Italic      <texnansi-lm.enc <lmssqo8.pfb
texnansi-lmtcsc10 LMTypewriterCaps10-Regular   <texnansi-lm.enc <lmtcsc10.pfb
texnansi-lmtt10   LMTypewriter10-Regular       <texnansi-lm.enc <lmtt10.pfb
texnansi-lmtt12   LMTypewriter12-Regular       <texnansi-lm.enc <lmtt12.pfb
texnansi-lmtt8    LMTypewriter8-Regular        <texnansi-lm.enc <lmtt8.pfb
texnansi-lmtt9    LMTypewriter9-Regular        <texnansi-lm.enc <lmtt9.pfb
texnansi-lmtti10  LMTypewriter10-Italic        <texnansi-lm.enc <lmtti10.pfb
texnansi-lmtto10  LMTypewriterSlanted10-Italic <texnansi-lm.enc <lmtto10.pfb
texnansi-lmvtt10  LMTypewriterVarWd10-Regular  <texnansi-lm.enc <lmvtt10.pfb
texnansi-lmvtto10 LMTypewriterVarWd10-Italic   <texnansi-lm.enc <lmvtto10.pfb


% This file a (slightly adapted) copy of the map file
% that comes with the PX fonts by Young Ryu.

% tx8r.enc replaced by 8r.enc

% URW Palatino

rpxpplb  URWPalladioL-Bold                      <8r.enc <uplb8a.pfb
rpxpplbo URWPalladioL-Bold     ".167 SlantFont" <8r.enc <uplb8a.pfb
rpxpplbi URWPalladioL-BoldItal                  <8r.enc <uplbi8a.pfb
rpxpplr  URWPalladioL-Roma                      <8r.enc <uplr8a.pfb
rpxpplro URWPalladioL-Roma     ".167 SlantFont" <8r.enc <uplr8a.pfb
rpxpplri URWPalladioL-Ital                      <8r.enc <uplri8a.pfb

% PX Text

rpxr    rpxr                    <rpxr.pfb
rpxsl   rpxr   ".167 SlantFont" <rpxr.pfb
rpxi    rpxi                    <rpxi.pfb
rpxsc   rpxsc                   <rpxsc.pfb
rpxb    rpxb                    <rpxb.pfb
rpxbsl  rpxb   ".167 SlantFont" <rpxb.pfb
rpxbi   rpxbi                   <rpxbi.pfb
rpxbsc  rpxbsc                  <rpxbsc.pfb
rpcxb   rpcxb                   <rpcxb.pfb
rpcxbsl rpcxb  ".167 SlantFont" <rpcxb.pfb
rpcxbi  rpcxbi                  <rpcxbi.pfb
rpcxi   rpcxi                   <rpcxi.pfb
rpcxr   rpcxr                   <rpcxr.pfb
rpcxsl  rpcxsl ".167 SlantFont" <rpcxr.pfb

% PX Math

rpxbmi  rpxbmi                  <rpxbmi.pfb
rpxmi   rpxmi                   <rpxmi.pfb

pxbex   pxbex                   <pxbex.pfb
pxbexa  pxbexa                  <pxbexa.pfb
pxbmia  pxbmia                  <pxbmia.pfb
pxbsy   pxbsy                   <pxbsy.pfb
pxbsya  pxbsya                  <pxbsya.pfb
pxbsyb  pxbsyb                  <pxbsyb.pfb
pxbsyc  pxbsyc                  <pxbsyc.pfb
pxex    pxex                    <pxex.pfb
pxexa   pxexa                   <pxexa.pfb
pxmia   pxmia                   <pxmia.pfb
pxsy    pxsy                    <pxsy.pfb
pxsya   pxsya                   <pxsya.pfb
pxsyb   pxsyb                   <pxsyb.pfb
pxsyc   pxsyc                   <pxsyc.pfb


% This file is a (slightly adapted) copy of the map file
% that comes with the TX fonts by Young Ryu.

% tx8r.enc replaced by 8r.enc

% URW times

rtxptmb  NimbusRomNo9L-Medi                      <8r.enc <utmb8a.pfb
rtxptmbo NimbusRomNo9L-Medi     ".167 SlantFont" <8r.enc <utmb8a.pfb
rtxptmbi NimbusRomNo9L-MediItal                  <8r.enc <utmbi8a.pfb
rtxptmr  NimbusRomNo9L-Regu                      <8r.enc <utmr8a.pfb
rtxptmro NimbusRomNo9L-Regu     ".167 SlantFont" <8r.enc <utmr8a.pfb
rtxptmri NimbusRomNo9L-ReguItal                  <8r.enc <utmri8a.pfb

% URW Helvetica

rtxphvr  NimbusSanL-Regu                         <8r.enc <uhv8a.pfb
rtxphvro NimbusSanL-Regu        ".167 SlantFont" <8r.enc <uhv8a.pfb
rtxphvb  NimbusSanL-Bold                         <8r.enc <uhvb8a.pfb
rtxphvbo NimbusSanL-Bold        ".167 SlantFont" <8r.enc <uhvb8a.pfb

% TX Text

rtxr     rtxr                      <rtxr.pfb
rtxsl    rtxr    ".167 SlantFont"  <rtxr.pfb
rtxi     rtxi                      <rtxi.pfb
rtxsc    rtxsc                     <rtxsc.pfb
rtxb     rtxb                      <rtxb.pfb
rtxbsl   rtxb    ".167 SlantFont"  <rtxb.pfb
rtxbi    rtxbi                     <rtxbi.pfb
rtxbsc   rtxbsc                    <rtxbsc.pfb
rtcxb    rtcxb                     <rtcxb.pfb
rtcxbsl  rtcxb   ".167 SlantFont"  <rtcxb.pfb
rtcxbi   rtcxbi                    <rtcxbi.pfb
rtcxi    rtcxi                     <rtcxi.pfb
rtcxr    rtcxr                     <rtcxr.pfb
rtcxsl   rtcx    ".167 SlantFont"  <rtcxr.pfb

% TX Math

rtxbmi   rtxbmi                    <rtxbmi.pfb
rtxmi    rtxmi                     <rtxmi.pfb

txbex    txbex                     <txbex.pfb
txbexa   txbexa                    <txbexa.pfb
txbmia   txbmia                    <txbmia.pfb
txbsy    txbsy                     <txbsy.pfb
txbsya   txbsya                    <txbsya.pfb
txbsyb   txbsyb                    <txbsyb.pfb
txbsyc   txbsyc                    <txbsyc.pfb
txex     txex                      <txex.pfb
txexa    txexa                     <txexa.pfb
txmia    txmia                     <txmia.pfb
txsy     txsy                      <txsy.pfb
txsya    txsya                     <txsya.pfb
txsyb    txsyb                     <txsyb.pfb
txsyc    txsyc                     <txsyc.pfb

% TX TT Text

txtt     txtt                      <txtt.pfb
txttsl   txtt     ".167 SlantFont" <txtt.pfb
txttsc   txttsc                    <txttsc.pfb
txbtt    txbtt                     <txbtt.pfb
txbttsl  txbtt    ".167 SlantFont" <txbtt.pfb
txbttsc  txbttsc                   <txbttsc.pfb
t1xtt    t1xtt                     <t1xtt.pfb
t1xttsl  t1xtt    ".167 SlantFont" <t1xtt.pfb
t1xttsc  t1xttsc                   <t1xttsc.pfb
t1xbtt   t1xbtt                    <t1xbtt.pfb
t1xbttsl t1xbtt   ".167 SlantFont" <t1xbtt.pfb
t1xbttsc t1xbttsc                  <t1xbttsc.pfb
tcxtt    tcxtt                     <tcxtt.pfb
tcxttsl  tcxtt    ".167 SlantFont" <tcxtt.pfb
tcxbtt   tcxbtt                    <tcxbtt.pfb
tcxbttsl tcxbtt   ".167 SlantFont" <tcxbtt.pfb

% TX SS Text

rtxss    rtxss                     <rtxss.pfb
rtxsssl  rtxss    ".167 SlantFont" <rtxss.pfb
rtxsssc  rtxsssc                   <rtxsssc.pfb
rtxbss   rtxbss                    <rtxbss.pfb
rtxbsssl rtxbss   ".167 SlantFont" <rtxbss.pfb
rtxbsssc rtxbsssc                  <rtxbsssc.pfb
rtcxss   rtcxss                    <rtcxss.pfb
rtcxbss  rtcxbss                   <rtcxbss.pfb
rtcxsssl rtcxss   ".167 SlantFont" <rtcxss.pfb
rtcxbsso rtcxbss  ".167 SlantFont" <rtcxbss.pfb


% author: Hans Hagen
%
% This map file remaps ec (cork) encoded Latin Modern adapted for
% umlauts and other variations.

ec-lmb10    LMRomanDemi10-Regular        <ec-var-lm.enc <lmb10.pfb
ec-lmbo10   LMRomanDemi10-Italic         <ec-var-lm.enc <lmbo10.pfb
ec-lmbx10   LMRoman10-Bold               <ec-var-lm.enc <lmbx10.pfb
ec-lmbx12   LMRoman12-Bold               <ec-var-lm.enc <lmbx12.pfb
ec-lmbx5    LMRoman5-Bold                <ec-var-lm.enc <lmbx5.pfb
ec-lmbx6    LMRoman6-Bold                <ec-var-lm.enc <lmbx6.pfb
ec-lmbx7    LMRoman7-Bold                <ec-var-lm.enc <lmbx7.pfb
ec-lmbx8    LMRoman8-Bold                <ec-var-lm.enc <lmbx8.pfb
ec-lmbx9    LMRoman9-Bold                <ec-var-lm.enc <lmbx9.pfb
ec-lmbxi10  LMRoman10-BoldItalic         <ec-var-lm.enc <lmbxi10.pfb
ec-lmbxo10  LMSlanted10-BoldItalic       <ec-var-lm.enc <lmbxo10.pfb
ec-lmcsc10  LMCaps10-Regular             <ec-var-lm.enc <lmcsc10.pfb
ec-lmcsco10 LMCaps10-Italic              <ec-var-lm.enc <lmcsco10.pfb
ec-lmr10    LMRoman10-Regular            <ec-var-lm.enc <lmr10.pfb
ec-lmr12    LMRoman12-Regular            <ec-var-lm.enc <lmr12.pfb
ec-lmr17    LMRoman17-Regular            <ec-var-lm.enc <lmr17.pfb
ec-lmr5     LMRoman5-Regular             <ec-var-lm.enc <lmr5.pfb
ec-lmr6     LMRoman6-Regular             <ec-var-lm.enc <lmr6.pfb
ec-lmr7     LMRoman7-Regular             <ec-var-lm.enc <lmr7.pfb
ec-lmr8     LMRoman8-Regular             <ec-var-lm.enc <lmr8.pfb
ec-lmr9     LMRoman9-Regular             <ec-var-lm.enc <lmr9.pfb
ec-lmri10   LMRoman10-Italic             <ec-var-lm.enc <lmri10.pfb
ec-lmri12   LMRoman12-Italic             <ec-var-lm.enc <lmri12.pfb
ec-lmri7    LMRoman7-Italic              <ec-var-lm.enc <lmri7.pfb
ec-lmri8    LMRoman8-Italic              <ec-var-lm.enc <lmri8.pfb
ec-lmri9    LMRoman9-Italic              <ec-var-lm.enc <lmri9.pfb
ec-lmro10   LMSlanted10-Italic           <ec-var-lm.enc <lmro10.pfb
ec-lmro12   LMSlanted12-Italic           <ec-var-lm.enc <lmro12.pfb
ec-lmro8    LMSlanted8-Italic            <ec-var-lm.enc <lmro8.pfb
ec-lmro9    LMSlanted9-Italic            <ec-var-lm.enc <lmro9.pfb
ec-lmss10   LMSans10-Regular             <ec-var-lm.enc <lmss10.pfb
ec-lmss12   LMSans12-Regular             <ec-var-lm.enc <lmss12.pfb
ec-lmss17   LMSans17-Regular             <ec-var-lm.enc <lmss17.pfb
ec-lmss8    LMSans8-Regular              <ec-var-lm.enc <lmss8.pfb
ec-lmss9    LMSans9-Regular              <ec-var-lm.enc <lmss9.pfb
ec-lmssbo10 LMSans10-BoldItalic          <ec-var-lm.enc <lmssbo10.pfb
ec-lmssbx10 LMSans10-Bold                <ec-var-lm.enc <lmssbx10.pfb
ec-lmssdc10 LMSansDemiCond10-Regular     <ec-var-lm.enc <lmssdc10.pfb
ec-lmssdo10 LMSansDemiCond10-Italic      <ec-var-lm.enc <lmssdo10.pfb
ec-lmsso10  LMSans10-Italic              <ec-var-lm.enc <lmsso10.pfb
ec-lmsso12  LMSans12-Italic              <ec-var-lm.enc <lmsso12.pfb
ec-lmsso17  LMSans17-Italic              <ec-var-lm.enc <lmsso17.pfb
ec-lmsso8   LMSans8-Italic               <ec-var-lm.enc <lmsso8.pfb
ec-lmsso9   LMSans9-Italic               <ec-var-lm.enc <lmsso9.pfb
ec-lmssq8   LMSansQuotation8-Regular     <ec-var-lm.enc <lmssq8.pfb
ec-lmssqbo8 LMSansQuotation8-BoldItalic  <ec-var-lm.enc <lmssqbo8.pfb
ec-lmssqbx8 LMSansQuotation8-Bold        <ec-var-lm.enc <lmssqbx8.pfb
ec-lmssqo8  LMSansQuotation8-Italic      <ec-var-lm.enc <lmssqo8.pfb
ec-lmtcsc10 LMTypewriterCaps10-Regular   <ec-var-lm.enc <lmtcsc10.pfb
ec-lmtt10   LMTypewriter10-Regular       <ec-var-lm.enc <lmtt10.pfb
ec-lmtt12   LMTypewriter12-Regular       <ec-var-lm.enc <lmtt12.pfb
ec-lmtt8    LMTypewriter8-Regular        <ec-var-lm.enc <lmtt8.pfb
ec-lmtt9    LMTypewriter9-Regular        <ec-var-lm.enc <lmtt9.pfb
ec-lmtti10  LMTypewriter10-Italic        <ec-var-lm.enc <lmtti10.pfb
ec-lmtto10  LMTypewriterSlanted10-Italic <ec-var-lm.enc <lmtto10.pfb
ec-lmvtt10  LMTypewriterVarWd10-Regular  <ec-var-lm.enc <lmvtt10.pfb
ec-lmvtto10 LMTypewriterVarWd10-Italic   <ec-var-lm.enc <lmvtto10.pfb

% author: Hans Hagen
%
% This map file defines ec (cork) encoded Latin Modern adapted for
% umlauts and other variations.

ec-var-lmb10    LMRomanDemi10-Regular        <ec-var-lm.enc <lmb10.pfb
ec-var-lmbo10   LMRomanDemi10-Italic         <ec-var-lm.enc <lmbo10.pfb
ec-var-lmbx10   LMRoman10-Bold               <ec-var-lm.enc <lmbx10.pfb
ec-var-lmbx12   LMRoman12-Bold               <ec-var-lm.enc <lmbx12.pfb
ec-var-lmbx5    LMRoman5-Bold                <ec-var-lm.enc <lmbx5.pfb
ec-var-lmbx6    LMRoman6-Bold                <ec-var-lm.enc <lmbx6.pfb
ec-var-lmbx7    LMRoman7-Bold                <ec-var-lm.enc <lmbx7.pfb
ec-var-lmbx8    LMRoman8-Bold                <ec-var-lm.enc <lmbx8.pfb
ec-var-lmbx9    LMRoman9-Bold                <ec-var-lm.enc <lmbx9.pfb
ec-var-lmbxi10  LMRoman10-BoldItalic         <ec-var-lm.enc <lmbxi10.pfb
ec-var-lmbxo10  LMSlanted10-BoldItalic       <ec-var-lm.enc <lmbxo10.pfb
ec-var-lmcsc10  LMCaps10-Regular             <ec-var-lm.enc <lmcsc10.pfb
ec-var-lmcsco10 LMCaps10-Italic              <ec-var-lm.enc <lmcsco10.pfb
ec-var-lmr10    LMRoman10-Regular            <ec-var-lm.enc <lmr10.pfb
ec-var-lmr12    LMRoman12-Regular            <ec-var-lm.enc <lmr12.pfb
ec-var-lmr17    LMRoman17-Regular            <ec-var-lm.enc <lmr17.pfb
ec-var-lmr5     LMRoman5-Regular             <ec-var-lm.enc <lmr5.pfb
ec-var-lmr6     LMRoman6-Regular             <ec-var-lm.enc <lmr6.pfb
ec-var-lmr7     LMRoman7-Regular             <ec-var-lm.enc <lmr7.pfb
ec-var-lmr8     LMRoman8-Regular             <ec-var-lm.enc <lmr8.pfb
ec-var-lmr9     LMRoman9-Regular             <ec-var-lm.enc <lmr9.pfb
ec-var-lmri10   LMRoman10-Italic             <ec-var-lm.enc <lmri10.pfb
ec-var-lmri12   LMRoman12-Italic             <ec-var-lm.enc <lmri12.pfb
ec-var-lmri7    LMRoman7-Italic              <ec-var-lm.enc <lmri7.pfb
ec-var-lmri8    LMRoman8-Italic              <ec-var-lm.enc <lmri8.pfb
ec-var-lmri9    LMRoman9-Italic              <ec-var-lm.enc <lmri9.pfb
ec-var-lmro10   LMSlanted10-Italic           <ec-var-lm.enc <lmro10.pfb
ec-var-lmro12   LMSlanted12-Italic           <ec-var-lm.enc <lmro12.pfb
ec-var-lmro8    LMSlanted8-Italic            <ec-var-lm.enc <lmro8.pfb
ec-var-lmro9    LMSlanted9-Italic            <ec-var-lm.enc <lmro9.pfb
ec-var-lmss10   LMSans10-Regular             <ec-var-lm.enc <lmss10.pfb
ec-var-lmss12   LMSans12-Regular             <ec-var-lm.enc <lmss12.pfb
ec-var-lmss17   LMSans17-Regular             <ec-var-lm.enc <lmss17.pfb
ec-var-lmss8    LMSans8-Regular              <ec-var-lm.enc <lmss8.pfb
ec-var-lmss9    LMSans9-Regular              <ec-var-lm.enc <lmss9.pfb
ec-var-lmssbo10 LMSans10-BoldItalic          <ec-var-lm.enc <lmssbo10.pfb
ec-var-lmssbx10 LMSans10-Bold                <ec-var-lm.enc <lmssbx10.pfb
ec-var-lmssdc10 LMSansDemiCond10-Regular     <ec-var-lm.enc <lmssdc10.pfb
ec-var-lmssdo10 LMSansDemiCond10-Italic      <ec-var-lm.enc <lmssdo10.pfb
ec-var-lmsso10  LMSans10-Italic              <ec-var-lm.enc <lmsso10.pfb
ec-var-lmsso12  LMSans12-Italic              <ec-var-lm.enc <lmsso12.pfb
ec-var-lmsso17  LMSans17-Italic              <ec-var-lm.enc <lmsso17.pfb
ec-var-lmsso8   LMSans8-Italic               <ec-var-lm.enc <lmsso8.pfb
ec-var-lmsso9   LMSans9-Italic               <ec-var-lm.enc <lmsso9.pfb
ec-var-lmssq8   LMSansQuotation8-Regular     <ec-var-lm.enc <lmssq8.pfb
ec-var-lmssqbo8 LMSansQuotation8-BoldItalic  <ec-var-lm.enc <lmssqbo8.pfb
ec-var-lmssqbx8 LMSansQuotation8-Bold        <ec-var-lm.enc <lmssqbx8.pfb
ec-var-lmssqo8  LMSansQuotation8-Italic      <ec-var-lm.enc <lmssqo8.pfb
ec-var-lmtcsc10 LMTypewriterCaps10-Regular   <ec-var-lm.enc <lmtcsc10.pfb
ec-var-lmtt10   LMTypewriter10-Regular       <ec-var-lm.enc <lmtt10.pfb
ec-var-lmtt12   LMTypewriter12-Regular       <ec-var-lm.enc <lmtt12.pfb
ec-var-lmtt8    LMTypewriter8-Regular        <ec-var-lm.enc <lmtt8.pfb
ec-var-lmtt9    LMTypewriter9-Regular        <ec-var-lm.enc <lmtt9.pfb
ec-var-lmtti10  LMTypewriter10-Italic        <ec-var-lm.enc <lmtti10.pfb
ec-var-lmtto10  LMTypewriterSlanted10-Italic <ec-var-lm.enc <lmtto10.pfb
ec-var-lmvtt10  LMTypewriterVarWd10-Regular  <ec-var-lm.enc <lmvtt10.pfb
ec-var-lmvtto10 LMTypewriterVarWd10-Italic   <ec-var-lm.enc <lmvtto10.pfb

% author: Hans Hagen
%
% This map file remaps texnansi encoded Latin Modern adapted for
% umlauts and other variations.

texnansi-lmb10    LMRomanDemi10-Regular        <texnansi-var-lm.enc <lmb10.pfb
texnansi-lmbo10   LMRomanDemi10-Italic         <texnansi-var-lm.enc <lmbo10.pfb
texnansi-lmbx10   LMRoman10-Bold               <texnansi-var-lm.enc <lmbx10.pfb
texnansi-lmbx12   LMRoman12-Bold               <texnansi-var-lm.enc <lmbx12.pfb
texnansi-lmbx5    LMRoman5-Bold                <texnansi-var-lm.enc <lmbx5.pfb
texnansi-lmbx6    LMRoman6-Bold                <texnansi-var-lm.enc <lmbx6.pfb
texnansi-lmbx7    LMRoman7-Bold                <texnansi-var-lm.enc <lmbx7.pfb
texnansi-lmbx8    LMRoman8-Bold                <texnansi-var-lm.enc <lmbx8.pfb
texnansi-lmbx9    LMRoman9-Bold                <texnansi-var-lm.enc <lmbx9.pfb
texnansi-lmbxi10  LMRoman10-BoldItalic         <texnansi-var-lm.enc <lmbxi10.pfb
texnansi-lmbxo10  LMSlanted10-BoldItalic       <texnansi-var-lm.enc <lmbxo10.pfb
texnansi-lmcsc10  LMCaps10-Regular             <texnansi-var-lm.enc <lmcsc10.pfb
texnansi-lmcsco10 LMCaps10-Italic              <texnansi-var-lm.enc <lmcsco10.pfb
texnansi-lmr10    LMRoman10-Regular            <texnansi-var-lm.enc <lmr10.pfb
texnansi-lmr12    LMRoman12-Regular            <texnansi-var-lm.enc <lmr12.pfb
texnansi-lmr17    LMRoman17-Regular            <texnansi-var-lm.enc <lmr17.pfb
texnansi-lmr5     LMRoman5-Regular             <texnansi-var-lm.enc <lmr5.pfb
texnansi-lmr6     LMRoman6-Regular             <texnansi-var-lm.enc <lmr6.pfb
texnansi-lmr7     LMRoman7-Regular             <texnansi-var-lm.enc <lmr7.pfb
texnansi-lmr8     LMRoman8-Regular             <texnansi-var-lm.enc <lmr8.pfb
texnansi-lmr9     LMRoman9-Regular             <texnansi-var-lm.enc <lmr9.pfb
texnansi-lmri10   LMRoman10-Italic             <texnansi-var-lm.enc <lmri10.pfb
texnansi-lmri12   LMRoman12-Italic             <texnansi-var-lm.enc <lmri12.pfb
texnansi-lmri7    LMRoman7-Italic              <texnansi-var-lm.enc <lmri7.pfb
texnansi-lmri8    LMRoman8-Italic              <texnansi-var-lm.enc <lmri8.pfb
texnansi-lmri9    LMRoman9-Italic              <texnansi-var-lm.enc <lmri9.pfb
texnansi-lmro10   LMSlanted10-Italic           <texnansi-var-lm.enc <lmro10.pfb
texnansi-lmro12   LMSlanted12-Italic           <texnansi-var-lm.enc <lmro12.pfb
texnansi-lmro8    LMSlanted8-Italic            <texnansi-var-lm.enc <lmro8.pfb
texnansi-lmro9    LMSlanted9-Italic            <texnansi-var-lm.enc <lmro9.pfb
texnansi-lmss10   LMSans10-Regular             <texnansi-var-lm.enc <lmss10.pfb
texnansi-lmss12   LMSans12-Regular             <texnansi-var-lm.enc <lmss12.pfb
texnansi-lmss17   LMSans17-Regular             <texnansi-var-lm.enc <lmss17.pfb
texnansi-lmss8    LMSans8-Regular              <texnansi-var-lm.enc <lmss8.pfb
texnansi-lmss9    LMSans9-Regular              <texnansi-var-lm.enc <lmss9.pfb
texnansi-lmssbo10 LMSans10-BoldItalic          <texnansi-var-lm.enc <lmssbo10.pfb
texnansi-lmssbx10 LMSans10-Bold                <texnansi-var-lm.enc <lmssbx10.pfb
texnansi-lmssdc10 LMSansDemiCond10-Regular     <texnansi-var-lm.enc <lmssdc10.pfb
texnansi-lmssdo10 LMSansDemiCond10-Italic      <texnansi-var-lm.enc <lmssdo10.pfb
texnansi-lmsso10  LMSans10-Italic              <texnansi-var-lm.enc <lmsso10.pfb
texnansi-lmsso12  LMSans12-Italic              <texnansi-var-lm.enc <lmsso12.pfb
texnansi-lmsso17  LMSans17-Italic              <texnansi-var-lm.enc <lmsso17.pfb
texnansi-lmsso8   LMSans8-Italic               <texnansi-var-lm.enc <lmsso8.pfb
texnansi-lmsso9   LMSans9-Italic               <texnansi-var-lm.enc <lmsso9.pfb
texnansi-lmssq8   LMSansQuotation8-Regular     <texnansi-var-lm.enc <lmssq8.pfb
texnansi-lmssqbo8 LMSansQuotation8-BoldItalic  <texnansi-var-lm.enc <lmssqbo8.pfb
texnansi-lmssqbx8 LMSansQuotation8-Bold        <texnansi-var-lm.enc <lmssqbx8.pfb
texnansi-lmssqo8  LMSansQuotation8-Italic      <texnansi-var-lm.enc <lmssqo8.pfb
texnansi-lmtcsc10 LMTypewriterCaps10-Regular   <texnansi-var-lm.enc <lmtcsc10.pfb
texnansi-lmtt10   LMTypewriter10-Regular       <texnansi-var-lm.enc <lmtt10.pfb
texnansi-lmtt12   LMTypewriter12-Regular       <texnansi-var-lm.enc <lmtt12.pfb
texnansi-lmtt8    LMTypewriter8-Regular        <texnansi-var-lm.enc <lmtt8.pfb
texnansi-lmtt9    LMTypewriter9-Regular        <texnansi-var-lm.enc <lmtt9.pfb
texnansi-lmtti10  LMTypewriter10-Italic        <texnansi-var-lm.enc <lmtti10.pfb
texnansi-lmtto10  LMTypewriterSlanted10-Italic <texnansi-var-lm.enc <lmtto10.pfb
texnansi-lmvtt10  LMTypewriterVarWd10-Regular  <texnansi-var-lm.enc <lmvtt10.pfb
texnansi-lmvtto10 LMTypewriterVarWd10-Italic   <texnansi-var-lm.enc <lmvtto10.pfb

% author: Hans Hagen
%
% This map file defines texnansi encoded Latin Modern adapted for
% umlauts and other variations.

texnansi-var-lmb10    LMRomanDemi10-Regular        <texnansi-var-lm.enc <lmb10.pfb
texnansi-var-lmbo10   LMRomanDemi10-Italic         <texnansi-var-lm.enc <lmbo10.pfb
texnansi-var-lmbx10   LMRoman10-Bold               <texnansi-var-lm.enc <lmbx10.pfb
texnansi-var-lmbx12   LMRoman12-Bold               <texnansi-var-lm.enc <lmbx12.pfb
texnansi-var-lmbx5    LMRoman5-Bold                <texnansi-var-lm.enc <lmbx5.pfb
texnansi-var-lmbx6    LMRoman6-Bold                <texnansi-var-lm.enc <lmbx6.pfb
texnansi-var-lmbx7    LMRoman7-Bold                <texnansi-var-lm.enc <lmbx7.pfb
texnansi-var-lmbx8    LMRoman8-Bold                <texnansi-var-lm.enc <lmbx8.pfb
texnansi-var-lmbx9    LMRoman9-Bold                <texnansi-var-lm.enc <lmbx9.pfb
texnansi-var-lmbxi10  LMRoman10-BoldItalic         <texnansi-var-lm.enc <lmbxi10.pfb
texnansi-var-lmbxo10  LMSlanted10-BoldItalic       <texnansi-var-lm.enc <lmbxo10.pfb
texnansi-var-lmcsc10  LMCaps10-Regular             <texnansi-var-lm.enc <lmcsc10.pfb
texnansi-var-lmcsco10 LMCaps10-Italic              <texnansi-var-lm.enc <lmcsco10.pfb
texnansi-var-lmr10    LMRoman10-Regular            <texnansi-var-lm.enc <lmr10.pfb
texnansi-var-lmr12    LMRoman12-Regular            <texnansi-var-lm.enc <lmr12.pfb
texnansi-var-lmr17    LMRoman17-Regular            <texnansi-var-lm.enc <lmr17.pfb
texnansi-var-lmr5     LMRoman5-Regular             <texnansi-var-lm.enc <lmr5.pfb
texnansi-var-lmr6     LMRoman6-Regular             <texnansi-var-lm.enc <lmr6.pfb
texnansi-var-lmr7     LMRoman7-Regular             <texnansi-var-lm.enc <lmr7.pfb
texnansi-var-lmr8     LMRoman8-Regular             <texnansi-var-lm.enc <lmr8.pfb
texnansi-var-lmr9     LMRoman9-Regular             <texnansi-var-lm.enc <lmr9.pfb
texnansi-var-lmri10   LMRoman10-Italic             <texnansi-var-lm.enc <lmri10.pfb
texnansi-var-lmri12   LMRoman12-Italic             <texnansi-var-lm.enc <lmri12.pfb
texnansi-var-lmri7    LMRoman7-Italic              <texnansi-var-lm.enc <lmri7.pfb
texnansi-var-lmri8    LMRoman8-Italic              <texnansi-var-lm.enc <lmri8.pfb
texnansi-var-lmri9    LMRoman9-Italic              <texnansi-var-lm.enc <lmri9.pfb
texnansi-var-lmro10   LMSlanted10-Italic           <texnansi-var-lm.enc <lmro10.pfb
texnansi-var-lmro12   LMSlanted12-Italic           <texnansi-var-lm.enc <lmro12.pfb
texnansi-var-lmro8    LMSlanted8-Italic            <texnansi-var-lm.enc <lmro8.pfb
texnansi-var-lmro9    LMSlanted9-Italic            <texnansi-var-lm.enc <lmro9.pfb
texnansi-var-lmss10   LMSans10-Regular             <texnansi-var-lm.enc <lmss10.pfb
texnansi-var-lmss12   LMSans12-Regular             <texnansi-var-lm.enc <lmss12.pfb
texnansi-var-lmss17   LMSans17-Regular             <texnansi-var-lm.enc <lmss17.pfb
texnansi-var-lmss8    LMSans8-Regular              <texnansi-var-lm.enc <lmss8.pfb
texnansi-var-lmss9    LMSans9-Regular              <texnansi-var-lm.enc <lmss9.pfb
texnansi-var-lmssbo10 LMSans10-BoldItalic          <texnansi-var-lm.enc <lmssbo10.pfb
texnansi-var-lmssbx10 LMSans10-Bold                <texnansi-var-lm.enc <lmssbx10.pfb
texnansi-var-lmssdc10 LMSansDemiCond10-Regular     <texnansi-var-lm.enc <lmssdc10.pfb
texnansi-var-lmssdo10 LMSansDemiCond10-Italic      <texnansi-var-lm.enc <lmssdo10.pfb
texnansi-var-lmsso10  LMSans10-Italic              <texnansi-var-lm.enc <lmsso10.pfb
texnansi-var-lmsso12  LMSans12-Italic              <texnansi-var-lm.enc <lmsso12.pfb
texnansi-var-lmsso17  LMSans17-Italic              <texnansi-var-lm.enc <lmsso17.pfb
texnansi-var-lmsso8   LMSans8-Italic               <texnansi-var-lm.enc <lmsso8.pfb
texnansi-var-lmsso9   LMSans9-Italic               <texnansi-var-lm.enc <lmsso9.pfb
texnansi-var-lmssq8   LMSansQuotation8-Regular     <texnansi-var-lm.enc <lmssq8.pfb
texnansi-var-lmssqbo8 LMSansQuotation8-BoldItalic  <texnansi-var-lm.enc <lmssqbo8.pfb
texnansi-var-lmssqbx8 LMSansQuotation8-Bold        <texnansi-var-lm.enc <lmssqbx8.pfb
texnansi-var-lmssqo8  LMSansQuotation8-Italic      <texnansi-var-lm.enc <lmssqo8.pfb
texnansi-var-lmtcsc10 LMTypewriterCaps10-Regular   <texnansi-var-lm.enc <lmtcsc10.pfb
texnansi-var-lmtt10   LMTypewriter10-Regular       <texnansi-var-lm.enc <lmtt10.pfb
texnansi-var-lmtt12   LMTypewriter12-Regular       <texnansi-var-lm.enc <lmtt12.pfb
texnansi-var-lmtt8    LMTypewriter8-Regular        <texnansi-var-lm.enc <lmtt8.pfb
texnansi-var-lmtt9    LMTypewriter9-Regular        <texnansi-var-lm.enc <lmtt9.pfb
texnansi-var-lmtti10  LMTypewriter10-Italic        <texnansi-var-lm.enc <lmtti10.pfb
texnansi-var-lmtto10  LMTypewriterSlanted10-Italic <texnansi-var-lm.enc <lmtto10.pfb
texnansi-var-lmvtt10  LMTypewriterVarWd10-Regular  <texnansi-var-lm.enc <lmvtt10.pfb
texnansi-var-lmvtto10 LMTypewriterVarWd10-Italic   <texnansi-var-lm.enc <lmvtto10.pfb