qx-lmb10    LMRomanDemi10-Regular        <qx-lm.enc   <lmb10.pfb
qx-lmbo10   LMRomanDemi10-Italic         <qx-lm.enc   <lmbo10.pfb
qx-lmbx10   LMRoman10-Bold               <qx-lm.enc   <lmbx10.pfb
qx-lmbx12   LMRoman12-Bold               <qx-lm.enc   <lmbx12.pfb
qx-lmbx5    LMRoman5-Bold                <qx-lm.enc   <lmbx5.pfb
qx-lmbx6    LMRoman6-Bold                <qx-lm.enc   <lmbx6.pfb
qx-lmbx7    LMRoman7-Bold                <qx-lm.enc   <lmbx7.pfb
qx-lmbx8    LMRoman8-Bold                <qx-lm.enc   <lmbx8.pfb
qx-lmbx9    LMRoman9-Bold                <qx-lm.enc   <lmbx9.pfb
qx-lmbxi10  LMRoman10-BoldItalic         <qx-lm.enc   <lmbxi10.pfb
qx-lmbxo10  LMSlanted10-BoldItalic       <qx-lm.enc   <lmbxo10.pfb
qx-lmcsc10  LMCaps10-Regular             <qx-lm.enc   <lmcsc10.pfb
qx-lmcsco10 LMCaps10-Italic              <qx-lm.enc   <lmcsco10.pfb
qx-lmr10    LMRoman10-Regular            <qx-lm.enc   <lmr10.pfb
qx-lmr12    LMRoman12-Regular            <qx-lm.enc   <lmr12.pfb
qx-lmr17    LMRoman17-Regular            <qx-lm.enc   <lmr17.pfb
qx-lmr5     LMRoman5-Regular             <qx-lm.enc   <lmr5.pfb
qx-lmr6     LMRoman6-Regular             <qx-lm.enc   <lmr6.pfb
qx-lmr7     LMRoman7-Regular             <qx-lm.enc   <lmr7.pfb
qx-lmr8     LMRoman8-Regular             <qx-lm.enc   <lmr8.pfb
qx-lmr9     LMRoman9-Regular             <qx-lm.enc   <lmr9.pfb
qx-lmri10   LMRoman10-Italic             <qx-lm.enc   <lmri10.pfb
qx-lmri12   LMRoman12-Italic             <qx-lm.enc   <lmri12.pfb
qx-lmri7    LMRoman7-Italic              <qx-lm.enc   <lmri7.pfb
qx-lmri8    LMRoman8-Italic              <qx-lm.enc   <lmri8.pfb
qx-lmri9    LMRoman9-Italic              <qx-lm.enc   <lmri9.pfb
qx-lmro10   LMSlanted10-Italic           <qx-lm.enc   <lmro10.pfb
qx-lmro12   LMSlanted12-Italic           <qx-lm.enc   <lmro12.pfb
qx-lmro8    LMSlanted8-Italic            <qx-lm.enc   <lmro8.pfb
qx-lmro9    LMSlanted9-Italic            <qx-lm.enc   <lmro9.pfb
qx-lmss10   LMSans10-Regular             <qx-lm.enc   <lmss10.pfb
qx-lmss12   LMSans12-Regular             <qx-lm.enc   <lmss12.pfb
qx-lmss17   LMSans17-Regular             <qx-lm.enc   <lmss17.pfb
qx-lmss8    LMSans8-Regular              <qx-lm.enc   <lmss8.pfb
qx-lmss9    LMSans9-Regular              <qx-lm.enc   <lmss9.pfb
qx-lmssbo10 LMSans10-BoldItalic          <qx-lm.enc   <lmssbo10.pfb
qx-lmssbx10 LMSans10-Bold                <qx-lm.enc   <lmssbx10.pfb
qx-lmssdc10 LMSansDemiCond10-Regular     <qx-lm.enc   <lmssdc10.pfb
qx-lmssdo10 LMSansDemiCond10-Italic      <qx-lm.enc   <lmssdo10.pfb
qx-lmsso10  LMSans10-Italic              <qx-lm.enc   <lmsso10.pfb
qx-lmsso12  LMSans12-Italic              <qx-lm.enc   <lmsso12.pfb
qx-lmsso17  LMSans17-Italic              <qx-lm.enc   <lmsso17.pfb
qx-lmsso8   LMSans8-Italic               <qx-lm.enc   <lmsso8.pfb
qx-lmsso9   LMSans9-Italic               <qx-lm.enc   <lmsso9.pfb
qx-lmssq8   LMSansQuotation8-Regular     <qx-lm.enc   <lmssq8.pfb
qx-lmssqbo8 LMSansQuotation8-BoldItalic  <qx-lm.enc   <lmssqbo8.pfb
qx-lmssqbx8 LMSansQuotation8-Bold        <qx-lm.enc   <lmssqbx8.pfb
qx-lmssqo8  LMSansQuotation8-Italic      <qx-lm.enc   <lmssqo8.pfb
qx-lmtcsc10 LMTypewriterCaps10-Regular   <qx-lmtt.enc <lmtcsc10.pfb
qx-lmtt10   LMTypewriter10-Regular       <qx-lmtt.enc <lmtt10.pfb
qx-lmtt12   LMTypewriter12-Regular       <qx-lmtt.enc <lmtt12.pfb
qx-lmtt8    LMTypewriter8-Regular        <qx-lmtt.enc <lmtt8.pfb
qx-lmtt9    LMTypewriter9-Regular        <qx-lmtt.enc <lmtt9.pfb
qx-lmtti10  LMTypewriter10-Italic        <qx-lmtt.enc <lmtti10.pfb
qx-lmtto10  LMTypewriterSlanted10-Italic <qx-lmtt.enc <lmtto10.pfb
qx-lmvtt10  LMTypewriterVarWd10-Regular  <qx-lm.enc   <lmvtt10.pfb
qx-lmvtto10 LMTypewriterVarWd10-Italic   <qx-lm.enc   <lmvtto10.pfb

