% LM Support for VN fonts, thanks to Jacko

vnb10    LMRomanDemi10-Regular          <t5-lm.enc <lmb10.pfb
vnbx5    LMRoman5-Bold                  <t5-lm.enc <lmbx5.pfb
vnbx6    LMRoman6-Bold                  <t5-lm.enc <lmbx6.pfb
vnbx7    LMRoman7-Bold                  <t5-lm.enc <lmbx7.pfb
vnbx8    LMRoman8-Bold                  <t5-lm.enc <lmbx8.pfb
vnbx9    LMRoman9-Bold                  <t5-lm.enc <lmbx9.pfb
vnbx10   LMRoman10-Bold                 <t5-lm.enc <lmbx10.pfb
vnbx12   LMRoman12-Bold                 <t5-lm.enc <lmbx12.pfb
vnbxsl10 LMSlanted10-BoldItalic         <t5-lm.enc <lmbxo10.pfb
vnbxti10 LMRoman10-BoldItalic           <t5-lm.enc <lmbxi10.pfb
vncsc10  LMCaps10-Regular               <t5-lm.enc <lmcsc10.pfb
vnitt10  LMTypewriter10-Italic          <t5-lm.enc <lmtti10.pfb
vnr5     LMRoman5-Regular               <t5-lm.enc <lmr5.pfb
vnr6     LMRoman6-Regular               <t5-lm.enc <lmr6.pfb
vnr7     LMRoman7-Regular               <t5-lm.enc <lmr7.pfb
vnr8     LMRoman8-Regular               <t5-lm.enc <lmr8.pfb
vnr9     LMRoman9-Regular               <t5-lm.enc <lmr9.pfb
vnr10    LMRoman10-Regular              <t5-lm.enc <lmr10.pfb
vnr12    LMRoman12-Regular              <t5-lm.enc <lmr12.pfb
vnr17    LMRoman17-Regular              <t5-lm.enc <lmr17.pfb
vnsl8    LMSlanted8-Italic              <t5-lm.enc <lmro8.pfb
vnsl9    LMSlanted9-Italic              <t5-lm.enc <lmro9.pfb
vnsl10   LMSlanted10-Italic             <t5-lm.enc <lmro10.pfb
vnsl12   LMSlanted12-Italic             <t5-lm.enc <lmro12.pfb
vnsltt10 LMTypewriterSlanted10-Italic   <t5-lm.enc <lmtto10.pfb
vnss8    LMSans8-Regular                <t5-lm.enc <lmss8.pfb
vnss9    LMSans9-Regular                <t5-lm.enc <lmss9.pfb
vnss10   LMSans10-Regular               <t5-lm.enc <lmss10.pfb
vnss12   LMSans12-Regular               <t5-lm.enc <lmss12.pfb
vnss17   LMSans17-Regular               <t5-lm.enc <lmss17.pfb
vnssbx10 LMSans10-Bold                  <t5-lm.enc <lmssbx10.pfb
vnssdc10 LMSansDemiCond10-Regular       <t5-lm.enc <lmssdc10.pfb
vnssi8   LMSans8-Italic                 <t5-lm.enc <lmssi8.pfb
vnssi9   LMSans9-Italic                 <t5-lm.enc <lmssi9.pfb
vnssi10  LMSans10-Italic                <t5-lm.enc <lmssi10.pfb
vnssi12  LMSans12-Italic                <t5-lm.enc <lmssi12.pfb
vnssi17  LMSans17-Italic                <t5-lm.enc <lmssi17.pfb
vnssq8   LMSansQuotation8-Regular       <t5-lm.enc <lmssq8.pfb
vnssqi8  LMSansQuotation8-Italic        <t5-lm.enc <lmssqo8.pfb
vntcsc10 LMTypewriterCaps10-Regular     <t5-lm.enc <lmtcsc10.pfb
vnti7    LMRoman7-Italic                <t5-lm.enc <lmri7.pfb
vnti8    LMRoman8-Italic                <t5-lm.enc <lmri8.pfb
vnti9    LMRoman9-Italic                <t5-lm.enc <lmri9.pfb
vnti10   LMRoman10-Italic               <t5-lm.enc <lmri10.pfb
vnti12   LMRoman12-Italic               <t5-lm.enc <lmri12.pfb
vntt8    LMTypewriter8-Regular          <t5-lm.enc <lmtt8.pfb
vntt9    LMTypewriter9-Regular          <t5-lm.enc <lmtt9.pfb
vntt10   LMTypewriter10-Regular         <t5-lm.enc <lmtt10.pfb
vntt12   LMTypewriter12-Regular         <t5-lm.enc <lmtt12.pfb
vnvtt10  LMTypewriterVarWd10-Regular    <t5-lm.enc <lmvtt10.pfb

% a weird one, not used in context

vnu10  LMRoman10-Italic "-0.25 SlantFont" <t5-lm.enc <lmri10.pfb

% unsupported

% vndunh10
% vnff10
% vnfi10
% vnfib8
