% author: Hans Hagen
%
% This map file remaps texnansi encoded Latin Modern adapted for
% umlauts and other variations.

texnansi-lmb10    LMRomanDemi10-Regular        <texnansi-var-lm.enc <lmb10.pfb
texnansi-lmbo10   LMRomanDemi10-Italic         <texnansi-var-lm.enc <lmbo10.pfb
texnansi-lmbx10   LMRoman10-Bold               <texnansi-var-lm.enc <lmbx10.pfb
texnansi-lmbx12   LMRoman12-Bold               <texnansi-var-lm.enc <lmbx12.pfb
texnansi-lmbx5    LMRoman5-Bold                <texnansi-var-lm.enc <lmbx5.pfb
texnansi-lmbx6    LMRoman6-Bold                <texnansi-var-lm.enc <lmbx6.pfb
texnansi-lmbx7    LMRoman7-Bold                <texnansi-var-lm.enc <lmbx7.pfb
texnansi-lmbx8    LMRoman8-Bold                <texnansi-var-lm.enc <lmbx8.pfb
texnansi-lmbx9    LMRoman9-Bold                <texnansi-var-lm.enc <lmbx9.pfb
texnansi-lmbxi10  LMRoman10-BoldItalic         <texnansi-var-lm.enc <lmbxi10.pfb
texnansi-lmbxo10  LMSlanted10-BoldItalic       <texnansi-var-lm.enc <lmbxo10.pfb
texnansi-lmcsc10  LMCaps10-Regular             <texnansi-var-lm.enc <lmcsc10.pfb
texnansi-lmcsco10 LMCaps10-Italic              <texnansi-var-lm.enc <lmcsco10.pfb
texnansi-lmr10    LMRoman10-Regular            <texnansi-var-lm.enc <lmr10.pfb
texnansi-lmr12    LMRoman12-Regular            <texnansi-var-lm.enc <lmr12.pfb
texnansi-lmr17    LMRoman17-Regular            <texnansi-var-lm.enc <lmr17.pfb
texnansi-lmr5     LMRoman5-Regular             <texnansi-var-lm.enc <lmr5.pfb
texnansi-lmr6     LMRoman6-Regular             <texnansi-var-lm.enc <lmr6.pfb
texnansi-lmr7     LMRoman7-Regular             <texnansi-var-lm.enc <lmr7.pfb
texnansi-lmr8     LMRoman8-Regular             <texnansi-var-lm.enc <lmr8.pfb
texnansi-lmr9     LMRoman9-Regular             <texnansi-var-lm.enc <lmr9.pfb
texnansi-lmri10   LMRoman10-Italic             <texnansi-var-lm.enc <lmri10.pfb
texnansi-lmri12   LMRoman12-Italic             <texnansi-var-lm.enc <lmri12.pfb
texnansi-lmri7    LMRoman7-Italic              <texnansi-var-lm.enc <lmri7.pfb
texnansi-lmri8    LMRoman8-Italic              <texnansi-var-lm.enc <lmri8.pfb
texnansi-lmri9    LMRoman9-Italic              <texnansi-var-lm.enc <lmri9.pfb
texnansi-lmro10   LMSlanted10-Italic           <texnansi-var-lm.enc <lmro10.pfb
texnansi-lmro12   LMSlanted12-Italic           <texnansi-var-lm.enc <lmro12.pfb
texnansi-lmro8    LMSlanted8-Italic            <texnansi-var-lm.enc <lmro8.pfb
texnansi-lmro9    LMSlanted9-Italic            <texnansi-var-lm.enc <lmro9.pfb
texnansi-lmss10   LMSans10-Regular             <texnansi-var-lm.enc <lmss10.pfb
texnansi-lmss12   LMSans12-Regular             <texnansi-var-lm.enc <lmss12.pfb
texnansi-lmss17   LMSans17-Regular             <texnansi-var-lm.enc <lmss17.pfb
texnansi-lmss8    LMSans8-Regular              <texnansi-var-lm.enc <lmss8.pfb
texnansi-lmss9    LMSans9-Regular              <texnansi-var-lm.enc <lmss9.pfb
texnansi-lmssbo10 LMSans10-BoldItalic          <texnansi-var-lm.enc <lmssbo10.pfb
texnansi-lmssbx10 LMSans10-Bold                <texnansi-var-lm.enc <lmssbx10.pfb
texnansi-lmssdc10 LMSansDemiCond10-Regular     <texnansi-var-lm.enc <lmssdc10.pfb
texnansi-lmssdo10 LMSansDemiCond10-Italic      <texnansi-var-lm.enc <lmssdo10.pfb
texnansi-lmsso10  LMSans10-Italic              <texnansi-var-lm.enc <lmsso10.pfb
texnansi-lmsso12  LMSans12-Italic              <texnansi-var-lm.enc <lmsso12.pfb
texnansi-lmsso17  LMSans17-Italic              <texnansi-var-lm.enc <lmsso17.pfb
texnansi-lmsso8   LMSans8-Italic               <texnansi-var-lm.enc <lmsso8.pfb
texnansi-lmsso9   LMSans9-Italic               <texnansi-var-lm.enc <lmsso9.pfb
texnansi-lmssq8   LMSansQuotation8-Regular     <texnansi-var-lm.enc <lmssq8.pfb
texnansi-lmssqbo8 LMSansQuotation8-BoldItalic  <texnansi-var-lm.enc <lmssqbo8.pfb
texnansi-lmssqbx8 LMSansQuotation8-Bold        <texnansi-var-lm.enc <lmssqbx8.pfb
texnansi-lmssqo8  LMSansQuotation8-Italic      <texnansi-var-lm.enc <lmssqo8.pfb
texnansi-lmtcsc10 LMTypewriterCaps10-Regular   <texnansi-var-lm.enc <lmtcsc10.pfb
texnansi-lmtt10   LMTypewriter10-Regular       <texnansi-var-lm.enc <lmtt10.pfb
texnansi-lmtt12   LMTypewriter12-Regular       <texnansi-var-lm.enc <lmtt12.pfb
texnansi-lmtt8    LMTypewriter8-Regular        <texnansi-var-lm.enc <lmtt8.pfb
texnansi-lmtt9    LMTypewriter9-Regular        <texnansi-var-lm.enc <lmtt9.pfb
texnansi-lmtti10  LMTypewriter10-Italic        <texnansi-var-lm.enc <lmtti10.pfb
texnansi-lmtto10  LMTypewriterSlanted10-Italic <texnansi-var-lm.enc <lmtto10.pfb
texnansi-lmvtt10  LMTypewriterVarWd10-Regular  <texnansi-var-lm.enc <lmvtt10.pfb
texnansi-lmvtto10 LMTypewriterVarWd10-Italic   <texnansi-var-lm.enc <lmvtto10.pfb