el-lmb10 LMRoman10-Demi "enclmel ReEncodeFont" <lm-el.enc <lmb10.pfb
el-lmbo10 LMRoman10-DemiOblique "enclmel ReEncodeFont" <lm-el.enc <lmbo10.pfb
el-lmbx10 LMRoman10-Bold "enclmel ReEncodeFont" <lm-el.enc <lmbx10.pfb
el-lmbx12 LMRoman12-Bold "enclmel ReEncodeFont" <lm-el.enc <lmbx12.pfb
el-lmbx5 LMRoman5-Bold "enclmel ReEncodeFont" <lm-el.enc <lmbx5.pfb
el-lmbx6 LMRoman6-Bold "enclmel ReEncodeFont" <lm-el.enc <lmbx6.pfb
el-lmbx7 LMRoman7-Bold "enclmel ReEncodeFont" <lm-el.enc <lmbx7.pfb
el-lmbx8 LMRoman8-Bold "enclmel ReEncodeFont" <lm-el.enc <lmbx8.pfb
el-lmbx9 LMRoman9-Bold "enclmel ReEncodeFont" <lm-el.enc <lmbx9.pfb
el-lmbxi10 LMRoman10-BoldItalic "enclmel ReEncodeFont" <lm-el.enc <lmbxi10.pfb
el-lmbxo10 LMRoman10-BoldOblique "enclmel ReEncodeFont" <lm-el.enc <lmbxo10.pfb
el-lmcsc10 LMRoman10-CapsRegular "enclmel ReEncodeFont" <lm-el.enc <lmcsc10.pfb
el-lmcsco10 LMRoman10-CapsOblique "enclmel ReEncodeFont" <lm-el.enc <lmcsco10.pfb
el-lmr10 LMRoman10-Regular "enclmel ReEncodeFont" <lm-el.enc <lmr10.pfb
el-lmr12 LMRoman12-Regular "enclmel ReEncodeFont" <lm-el.enc <lmr12.pfb
el-lmr17 LMRoman17-Regular "enclmel ReEncodeFont" <lm-el.enc <lmr17.pfb
el-lmr5 LMRoman5-Regular "enclmel ReEncodeFont" <lm-el.enc <lmr5.pfb
el-lmr6 LMRoman6-Regular "enclmel ReEncodeFont" <lm-el.enc <lmr6.pfb
el-lmr7 LMRoman7-Regular "enclmel ReEncodeFont" <lm-el.enc <lmr7.pfb
el-lmr8 LMRoman8-Regular "enclmel ReEncodeFont" <lm-el.enc <lmr8.pfb
el-lmr9 LMRoman9-Regular "enclmel ReEncodeFont" <lm-el.enc <lmr9.pfb
el-lmri10 LMRoman10-Italic "enclmel ReEncodeFont" <lm-el.enc <lmri10.pfb
el-lmri12 LMRoman12-Italic "enclmel ReEncodeFont" <lm-el.enc <lmri12.pfb
el-lmri7 LMRoman7-Italic "enclmel ReEncodeFont" <lm-el.enc <lmri7.pfb
el-lmri8 LMRoman8-Italic "enclmel ReEncodeFont" <lm-el.enc <lmri8.pfb
el-lmri9 LMRoman9-Italic "enclmel ReEncodeFont" <lm-el.enc <lmri9.pfb
el-lmro10 LMRoman10-Oblique "enclmel ReEncodeFont" <lm-el.enc <lmro10.pfb
el-lmro12 LMRoman12-Oblique "enclmel ReEncodeFont" <lm-el.enc <lmro12.pfb
el-lmro17 LMRoman17-Oblique "enclmel ReEncodeFont" <lm-el.enc <lmro17.pfb
el-lmro8 LMRoman8-Oblique "enclmel ReEncodeFont" <lm-el.enc <lmro8.pfb
el-lmro9 LMRoman9-Oblique "enclmel ReEncodeFont" <lm-el.enc <lmro9.pfb
el-lmss10 LMSans10-Regular "enclmel ReEncodeFont" <lm-el.enc <lmss10.pfb
el-lmss12 LMSans12-Regular "enclmel ReEncodeFont" <lm-el.enc <lmss12.pfb
el-lmss17 LMSans17-Regular "enclmel ReEncodeFont" <lm-el.enc <lmss17.pfb
el-lmss8 LMSans8-Regular "enclmel ReEncodeFont" <lm-el.enc <lmss8.pfb
el-lmss9 LMSans9-Regular "enclmel ReEncodeFont" <lm-el.enc <lmss9.pfb
el-lmssbo10 LMSans10-BoldOblique "enclmel ReEncodeFont" <lm-el.enc <lmssbo10.pfb
el-lmssbx10 LMSans10-Bold "enclmel ReEncodeFont" <lm-el.enc <lmssbx10.pfb
el-lmssdc10 LMSans10-DemiCondensed "enclmel ReEncodeFont" <lm-el.enc <lmssdc10.pfb
el-lmssdo10 LMSans10-DemiCondensedOblique "enclmel ReEncodeFont" <lm-el.enc <lmssdo10.pfb
el-lmsso10 LMSans10-Oblique "enclmel ReEncodeFont" <lm-el.enc <lmsso10.pfb
el-lmsso12 LMSans12-Oblique "enclmel ReEncodeFont" <lm-el.enc <lmsso12.pfb
el-lmsso17 LMSans17-Oblique "enclmel ReEncodeFont" <lm-el.enc <lmsso17.pfb
el-lmsso8 LMSans8-Oblique "enclmel ReEncodeFont" <lm-el.enc <lmsso8.pfb
el-lmsso9 LMSans9-Oblique "enclmel ReEncodeFont" <lm-el.enc <lmsso9.pfb
el-lmssq8 LMSansQuotation8-Regular "enclmel ReEncodeFont" <lm-el.enc <lmssq8.pfb
el-lmssqbo8 LMSansQuotation8-BoldOblique "enclmel ReEncodeFont" <lm-el.enc <lmssqbo8.pfb
el-lmssqbx8 LMSansQuotation8-Bold "enclmel ReEncodeFont" <lm-el.enc <lmssqbx8.pfb
el-lmssqo8 LMSansQuotation8-Oblique "enclmel ReEncodeFont" <lm-el.enc <lmssqo8.pfb
el-lmtcsc10 LMTypewriter10-CapsRegular "enclmel ReEncodeFont" <lm-el.enc <lmtcsc10.pfb
el-lmtcso10 LMTypewriter10-CapsOblique "enclmel ReEncodeFont" <lm-el.enc <lmtcso10.pfb
el-lmtl10 LMTypewriter10-Light "enclmel ReEncodeFont" <lm-el.enc <lmtl10.pfb
el-lmtlo10 LMTypewriter10-LightOblique "enclmel ReEncodeFont" <lm-el.enc <lmtlo10.pfb
el-lmtlc10 LMTypewriter10-LightCondensed "enclmel ReEncodeFont" <lm-el.enc <lmtlc10.pfb
el-lmtlco10 LMTypewriter10-LightCondensedOblique "enclmel ReEncodeFont" <lm-el.enc <lmtlco10.pfb
el-lmtk10 LMTypewriter10-Dark "enclmel ReEncodeFont" <lm-el.enc <lmtk10.pfb
el-lmtko10 LMTypewriter10-DarkOblique "enclmel ReEncodeFont" <lm-el.enc <lmtko10.pfb
el-lmtt10 LMTypewriter10-Regular "enclmel ReEncodeFont" <lm-el.enc <lmtt10.pfb
el-lmtt12 LMTypewriter12-Regular "enclmel ReEncodeFont" <lm-el.enc <lmtt12.pfb
el-lmtt8 LMTypewriter8-Regular "enclmel ReEncodeFont" <lm-el.enc <lmtt8.pfb
el-lmtt9 LMTypewriter9-Regular "enclmel ReEncodeFont" <lm-el.enc <lmtt9.pfb
el-lmtti10 LMTypewriter10-Italic "enclmel ReEncodeFont" <lm-el.enc <lmtti10.pfb
el-lmtto10 LMTypewriter10-Oblique "enclmel ReEncodeFont" <lm-el.enc <lmtto10.pfb
el-lmvtt10 LMTypewriterVarWd10-Regular "enclmel ReEncodeFont" <lm-el.enc <lmvtt10.pfb
el-lmvtto10 LMTypewriterVarWd10-Oblique "enclmel ReEncodeFont" <lm-el.enc <lmvtto10.pfb
el-lmvtl10 LMTypewriterVarWd10-Light "enclmel ReEncodeFont" <lm-el.enc <lmvtl10.pfb
el-lmvtlo10 LMTypewriterVarWd10-LightOblique "enclmel ReEncodeFont" <lm-el.enc <lmvtlo10.pfb
el-lmvtk10 LMTypewriterVarWd10-Dark "enclmel ReEncodeFont" <lm-el.enc <lmvtk10.pfb
el-lmvtko10 LMTypewriterVarWd10-DarkOblique "enclmel ReEncodeFont" <lm-el.enc <lmvtko10.pfb
