ucrb8r 8r ucrb8a 
ucrbo8r 8r ucrbo8a 
ucrr8r 8r ucrr8a 
ucrro8r 8r ucrro8a 
pcrb8r 8r ucrb8a 
pcrbo8r 8r ucrbo8a 
pcrr8r 8r ucrr8a 
pcrro8r 8r ucrro8a 
uhvb8r 8r uhvb8a 
uhvbo8r 8r uhvbo8a 
uhvr8r 8r uhvr8a 
uhvro8r 8r uhvro8a 
phvb8r 8r uhvb8a 
phvbo8r 8r uhvbo8a 
phvr8r 8r uhvr8a 
phvro8r 8r uhvro8a 
utmb8r 8r utmb8a 
utmbi8r 8r utmbi8a 
utmr8r 8r utmr8a 
utmri8r 8r utmri8a 
utmbo8r 8r utmb8a -s .167
utmro8r 8r utmr8a -s .167
ptmb8r 8r utmb8a 
ptmbi8r 8r utmbi8a 
ptmr8r 8r utmr8a 
ptmri8r 8r utmri8a 
ptmbo8r 8r utmb8a -s .167
ptmro8r 8r utmr8a -s .167
uplb8r 8r uplb8a 
uplbi8r 8r uplbi8a 
uplr8r 8r uplr8a 
uplri8r 8r uplri8a 
uplbo8r 8r uplb8a -s .167
uplro8r 8r uplr8a -s .167
pplb8r 8r uplb8a 
pplbi8r 8r uplbi8a 
pplr8r 8r uplr8a 
pplri8r 8r uplri8a 
pplbo8r 8r uplb8a -s .167
pplro8r 8r uplr8a -s .167
ubkd8r 8r ubkd8a 
ubkdi8r 8r ubkdi8a 
ubkl8r 8r ubkl8a 
ubkli8r 8r ubkli8a 
ubkdo8r 8r ubkd8a -s .167
ubklo8r 8r ubkl8a -s .167
pbkd8r 8r ubkd8a 
pbkdi8r 8r ubkdi8a 
pbkl8r 8r ubkl8a 
pbkli8r 8r ubkli8a 
pbkdo8r 8r ubkd8a -s .167
pbklo8r 8r ubkl8a -s .167
uzcmi8r 8r uzcmi8a 
pzcmi8r 8r uzcmi8a 
uncb8r 8r uncb8a 
uncbi8r 8r uncbi8a 
uncr8r 8r uncr8a 
uncri8r 8r uncri8a 
uncbo8r 8r uncb8a -s .167
uncro8r 8r uncr8a -s .167
pncb8r 8r uncb8a 
pncbi8r 8r uncbi8a 
pncr8r 8r uncr8a 
pncri8r 8r uncri8a 
pncbo8r 8r uncb8a -s .167
pncro8r 8r uncr8a -s .167
putb8r 8r putb8a 
putbi8r 8r putbi8a 
putr8r 8r putr8a 
putri8r 8r putri8a 
putbo8r 8r putb8a -s .167
putro8r 8r putr8a -s .167
bchb8r 8r bchb8a 
bchbi8r 8r bchbi8a 
bchr8r 8r bchr8a 
bchri8r 8r bchri8a 
bchbo8r 8r bchb8a -s .167
bchro8r 8r bchr8a -s .167
