ucrb8t ec ucrb8a 
ucrbo8t ec ucrbo8a 
ucrr8t ec ucrr8a 
ucrro8t ec ucrro8a 
pcrb8t ec ucrb8a 
pcrbo8t ec ucrbo8a 
pcrr8t ec ucrr8a 
pcrro8t ec ucrro8a 
uhvb8t ec uhvb8a 
uhvbo8t ec uhvbo8a 
uhvr8t ec uhvr8a 
uhvro8t ec uhvro8a 
phvb8t ec uhvb8a 
phvbo8t ec uhvbo8a 
phvr8t ec uhvr8a 
phvro8t ec uhvro8a 
utmb8t ec utmb8a 
utmbi8t ec utmbi8a 
utmr8t ec utmr8a 
utmri8t ec utmri8a 
utmbo8t ec utmb8a -s .167
utmro8t ec utmr8a -s .167
ptmb8t ec utmb8a 
ptmbi8t ec utmbi8a 
ptmr8t ec utmr8a 
ptmri8t ec utmri8a 
ptmbo8t ec utmb8a -s .167
ptmro8t ec utmr8a -s .167
uplb8t ec uplb8a 
uplbi8t ec uplbi8a 
uplr8t ec uplr8a 
uplri8t ec uplri8a 
uplbo8t ec uplb8a -s .167
uplro8t ec uplr8a -s .167
pplb8t ec uplb8a 
pplbi8t ec uplbi8a 
pplr8t ec uplr8a 
pplri8t ec uplri8a 
pplbo8t ec uplb8a -s .167
pplro8t ec upplr8a -s .167
ubkd8t ec ubkd8a 
ubkdi8t ec ubkdi8a 
ubkl8t ec ubkl8a 
ubkli8t ec ubkli8a 
ubkdo8t ec ubkd8a -s .167
ubklo8t ec ubkl8a -s .167
pbkd8t ec ubkd8a 
pbkdi8t ec ubkdi8a 
pbkl8t ec ubkl8a 
pbkli8t ec ubkli8a 
pbkdo8t ec ubkd8a -s .167
pbklo8t ec ubkl8a -s .167
uzcmi8t ec uzcmi8a 
pzcmi8t ec uzcmi8a 
uncb8t ec uncb8a 
uncbi8t ec uncbi8a 
uncr8t ec uncr8a 
uncri8t ec uncri8a 
uncbo8t ec uncb8a -s .167
uncro8t ec uncr8a -s .167
pncb8t ec uncb8a 
pncbi8t ec uncbi8a 
pncr8t ec uncr8a 
pncri8t ec uncri8a 
pncbo8t ec uncb8a -s .167
pncro8t ec uncr8a -s .167
putb8t ec putb8a 
putbi8t ec putbi8a 
putr8t ec putr8a 
putri8t ec putri8a 
putbo8t ec putb8a -s .167
putro8t ec putr8a -s .167
bchb8t ec bchb8a 
bchbi8t ec bchbi8a 
bchr8t ec bchr8a 
bchri8t ec bchri8a 
bchbo8t ec bchb8a -s .167
bchro8t ec bchr8a -s .167
