ec-lmb10 lm-ec-os lmb10 
ec-lmbo10 lm-ec-os lmbo10 
ec-lmbx10 lm-ec-os lmbx10 
ec-lmbx12 lm-ec-os lmbx12 
ec-lmbx5 lm-ec-os lmbx5 
ec-lmbx6 lm-ec-os lmbx6 
ec-lmbx7 lm-ec-os lmbx7 
ec-lmbx8 lm-ec-os lmbx8 
ec-lmbx9 lm-ec-os lmbx9 
ec-lmbxi10 lm-ec-os lmbxi10 
ec-lmbxo10 lm-ec-os lmbxo10 
ec-lmcsc10 lm-ec-os lmcsc10 
ec-lmcsco10 lm-ec-os lmcsco10 
ec-lmr10 lm-ec-os lmr10 
ec-lmr12 lm-ec-os lmr12 
ec-lmr17 lm-ec-os lmr17 
ec-lmr5 lm-ec-os lmr5 
ec-lmr6 lm-ec-os lmr6 
ec-lmr7 lm-ec-os lmr7 
ec-lmr8 lm-ec-os lmr8 
ec-lmr9 lm-ec-os lmr9 
ec-lmri10 lm-ec-os lmri10 
ec-lmri12 lm-ec-os lmri12 
ec-lmri7 lm-ec-os lmri7 
ec-lmri8 lm-ec-os lmri8 
ec-lmri9 lm-ec-os lmri9 
ec-lmro10 lm-ec-os lmro10 
ec-lmro12 lm-ec-os lmro12 
ec-lmro17 lm-ec-os lmro17 
ec-lmro8 lm-ec-os lmro8 
ec-lmro9 lm-ec-os lmro9 
ec-lmss10 lm-ec-os lmss10 
ec-lmss12 lm-ec-os lmss12 
ec-lmss17 lm-ec-os lmss17 
ec-lmss8 lm-ec-os lmss8 
ec-lmss9 lm-ec-os lmss9 
ec-lmssbo10 lm-ec-os lmssbo10 
ec-lmssbx10 lm-ec-os lmssbx10 
ec-lmssdc10 lm-ec-os lmssdc10 
ec-lmssdo10 lm-ec-os lmssdo10 
ec-lmsso10 lm-ec-os lmsso10 
ec-lmsso12 lm-ec-os lmsso12 
ec-lmsso17 lm-ec-os lmsso17 
ec-lmsso8 lm-ec-os lmsso8 
ec-lmsso9 lm-ec-os lmsso9 
ec-lmssq8 lm-ec-os lmssq8 
ec-lmssqbo8 lm-ec-os lmssqbo8 
ec-lmssqbx8 lm-ec-os lmssqbx8 
ec-lmssqo8 lm-ec-os lmssqo8 
ec-lmtcsc10 lm-ec-os lmtcsc10 
ec-lmtcso10 lm-ec-os lmtcso10 
ec-lmtl10 lm-ec-os lmtl10 
ec-lmtlo10 lm-ec-os lmtlo10 
ec-lmtlc10 lm-ec-os lmtlc10 
ec-lmtlco10 lm-ec-os lmtlco10 
ec-lmtk10 lm-ec-os lmtk10 
ec-lmtko10 lm-ec-os lmtko10 
ec-lmtt10 lm-ec-os lmtt10 
ec-lmtt12 lm-ec-os lmtt12 
ec-lmtt8 lm-ec-os lmtt8 
ec-lmtt9 lm-ec-os lmtt9 
ec-lmtti10 lm-ec-os lmtti10 
ec-lmtto10 lm-ec-os lmtto10 
ec-lmvtt10 lm-ec-os lmvtt10 
ec-lmvtto10 lm-ec-os lmvtto10 
ec-lmvtl10 lm-ec-os lmvtl10 
ec-lmvtlo10 lm-ec-os lmvtlo10 
ec-lmvtk10 lm-ec-os lmvtk10 
ec-lmvtko10 lm-ec-os lmvtko10 
