el-lmb10 lm-el lmb10 
el-lmbo10 lm-el lmbo10 
el-lmbx10 lm-el lmbx10 
el-lmbx12 lm-el lmbx12 
el-lmbx5 lm-el lmbx5 
el-lmbx6 lm-el lmbx6 
el-lmbx7 lm-el lmbx7 
el-lmbx8 lm-el lmbx8 
el-lmbx9 lm-el lmbx9 
el-lmbxi10 lm-el lmbxi10 
el-lmbxo10 lm-el lmbxo10 
el-lmcsc10 lm-el lmcsc10 
el-lmcsco10 lm-el lmcsco10 
el-lmr10 lm-el lmr10 
el-lmr12 lm-el lmr12 
el-lmr17 lm-el lmr17 
el-lmr5 lm-el lmr5 
el-lmr6 lm-el lmr6 
el-lmr7 lm-el lmr7 
el-lmr8 lm-el lmr8 
el-lmr9 lm-el lmr9 
el-lmri10 lm-el lmri10 
el-lmri12 lm-el lmri12 
el-lmri7 lm-el lmri7 
el-lmri8 lm-el lmri8 
el-lmri9 lm-el lmri9 
el-lmro10 lm-el lmro10 
el-lmro12 lm-el lmro12 
el-lmro17 lm-el lmro17 
el-lmro8 lm-el lmro8 
el-lmro9 lm-el lmro9 
el-lmss10 lm-el lmss10 
el-lmss12 lm-el lmss12 
el-lmss17 lm-el lmss17 
el-lmss8 lm-el lmss8 
el-lmss9 lm-el lmss9 
el-lmssbo10 lm-el lmssbo10 
el-lmssbx10 lm-el lmssbx10 
el-lmssdc10 lm-el lmssdc10 
el-lmssdo10 lm-el lmssdo10 
el-lmsso10 lm-el lmsso10 
el-lmsso12 lm-el lmsso12 
el-lmsso17 lm-el lmsso17 
el-lmsso8 lm-el lmsso8 
el-lmsso9 lm-el lmsso9 
el-lmssq8 lm-el lmssq8 
el-lmssqbo8 lm-el lmssqbo8 
el-lmssqbx8 lm-el lmssqbx8 
el-lmssqo8 lm-el lmssqo8 
el-lmtcsc10 lm-el lmtcsc10 
el-lmtcso10 lm-el lmtcso10 
el-lmtl10 lm-el lmtl10 
el-lmtlo10 lm-el lmtlo10 
el-lmtlc10 lm-el lmtlc10 
el-lmtlco10 lm-el lmtlco10 
el-lmtk10 lm-el lmtk10 
el-lmtko10 lm-el lmtko10 
el-lmtt10 lm-el lmtt10 
el-lmtt12 lm-el lmtt12 
el-lmtt8 lm-el lmtt8 
el-lmtt9 lm-el lmtt9 
el-lmtti10 lm-el lmtti10 
el-lmtto10 lm-el lmtto10 
el-lmvtt10 lm-el lmvtt10 
el-lmvtto10 lm-el lmvtto10 
el-lmvtl10 lm-el lmvtl10 
el-lmvtlo10 lm-el lmvtlo10 
el-lmvtk10 lm-el lmvtk10 
el-lmvtko10 lm-el lmvtko10 
