plb10 plrm plb10 
plbsy10 plms plbsy10 
plbx5 plrm plbx5 
plbx6 plrm plbx6 
plbx7 plrm plbx7 
plbx8 plrm plbx8 
plbx9 plrm plbx9 
plbx10 plrm plbx10 
plbx12 plrm plbx12 
plbxsl10 plrm plbxsl10 
plbxti10 plit plbxti10 
plcsc10 plsc plcsc10 
pldunh10 plrm pldunh10 
plex9 plme plex9 
plex10 plme plex10 
plff10 plrm plff10 
plfi10 plit plfi10 
plfib8 plrm plfib8 
plinch plin plinch 
plitt10 plitt plitt10 
plmi5 plmi plmi5 
plmi6 plmi plmi6 
plmi7 plmi plmi7 
plmi8 plmi plmi8 
plmi9 plmi plmi9 
plmi10 plmi plmi10 
plmi12 plmi plmi12 
plmib10 plmi plmib10 
plr5 plsc plr5 
plr6 plrm plr6 
plr7 plrm plr7 
plr8 plrm plr8 
plr9 plrm plr9 
plr10 plrm plr10 
plr12 plrm plr12 
plr17 plrm plr17 
plsl8 plrm plsl8 
plsl9 plrm plsl9 
plsl10 plrm plsl10 
plsl12 plrm plsl12 
plsltt10 pltt plsltt10 
plss8 plrm plss8 
plss9 plrm plss9 
plss10 plrm plss10 
plss12 plrm plss12 
plss17 plrm plss17 
plssbi10 plrm plssbi10 
plssbx10 plrm plssbx10 
plssdc10 plrm plssdc10 
plssi8 plrm plssi8 
plssi9 plrm plssi9 
plssi10 plrm plssi10 
plssi12 plrm plssi12 
plssi17 plrm plssi17 
plssq8 plrm plssq8 
plssqi8 plrm plssqi8 
plsy5 plms plsy5 
plsy6 plms plsy6 
plsy7 plms plsy7 
plsy8 plms plsy8 
plsy9 plms plsy9 
plsy10 plms plsy10 
pltcsc10 pltt pltcsc10 
pltex8 plte pltex8 
pltex9 plte pltex9 
pltex10 plte pltex10 
plti7 plit plti7 
plti8 plit plti8 
plti9 plit plti9 
plti10 plit plti10 
plti12 plit plti12 
pltt8 pltt pltt8 
pltt9 pltt pltt9 
pltt10 pltt pltt10 
pltt12 pltt pltt12 
plu10 plit plu10 
plvtt10 plrm plvtt10 
