csr5 csr1 csr5 
csr6 csr csr6 
csr7 csr csr7 
csr8 csr csr8 
csr9 csr csr9 
csr10 csr csr10 
csr12 csr csr12 
csr17 csr csr17 
csbx5 csr csbx5 
csbx6 csr csbx6 
csbx7 csr csbx7 
csbx8 csr csbx8 
csbx9 csr csbx9 
csbx10 csr csbx10 
csbx12 csr csbx12 
csb10 csr csb10 
csti7 csr csti7 
csti8 csr csti8 
csti9 csr csti9 
csti10 csr csti10 
csti12 csr csti12 
cstt8 cstt cstt8 
cstt9 cstt cstt9 
cstt10 cstt cstt10 
cstt12 cstt cstt12 
cssltt10 cstt cssltt10 
csvtt10 cstt csvtt10 
csss8 csr csss8 
csss9 csr csss9 
csss10 csr csss10 
csss12 csr csss12 
csss17 csr csss17 
csssi8 csr csssi8 
csssi9 csr csssi9 
csssi10 csr csssi10 
csssi12 csr csssi12 
csssi17 csr csssi17 
cssl8 csr cssl8 
cssl9 csr cssl9 
cssl10 csr cssl10 
cssl12 csr cssl12 
csssq8 csr csssq8 
csssqi8 csr csssqi8 
csssdc10 csr csssdc10 
csssbx10 csr csssbx10 
csinch csin csinch 
csdunh10 csr csdunh10 
csbxsl10 csr csbxsl10 
csff10 csr csff10 
csfib8 csr csfib8 
csbxti10 csr csbxti10 
csitt10 cstt csitt10 
csu10 csr csu10 
csfi10 csr csfi10 
cscsc10 csr1 cscsc10 
cstcsc10 cstt cstcsc10 
