cmb10 lm-rep-cmrm lmb10 
cmbx10 lm-rep-cmrm lmbx10 
cmbx12 lm-rep-cmrm lmbx12 
cmbx5 lm-rep-cmrm lmbx5 
cmbx6 lm-rep-cmrm lmbx6 
cmbx7 lm-rep-cmrm lmbx7 
cmbx8 lm-rep-cmrm lmbx8 
cmbx9 lm-rep-cmrm lmbx9 
cmbxsl10 lm-rep-cmrm lmbxo10 
cmbxti10 lm-rep-cmit lmbxi10 
cmbxti12 lm-rep-cmit lmbxti10 
cmbxti7 lm-rep-cmit lmbxti10 
cmcsc10 lm-rep-cmsc lmcsc10 
cmcsc8 lm-rep-cmsc lmcsc10 
cmcsc9 lm-rep-cmsc lmcsc10 
cminch lm-rep-cmin lmssbx10 
cmitt10 lm-rep-cmitt lmtti10 
cmitt12 lm-rep-cmitt lmtti10 
cmitt9 lm-rep-cmitt lmtti10 
cmr10 lm-rep-cmrm lmr10 
cmr12 lm-rep-cmrm lmr12 
cmr17 lm-rep-cmrm lmr17 
cmr5 lm-rep-cmsc lmr5 
cmr6 lm-rep-cmrm lmr6 
cmr7 lm-rep-cmrm lmr7 
cmr8 lm-rep-cmrm lmr8 
cmr9 lm-rep-cmrm lmr9 
cmsl10 lm-rep-cmrm lmro10 
cmsl12 lm-rep-cmrm lmro12 
cmsl6 lm-rep-cmrm lmro8 
cmsl8 lm-rep-cmrm lmro8 
cmsl9 lm-rep-cmrm lmro9 
cmsltt10 lm-rep-cmtt lmtto10 
cmsltt9 lm-rep-cmtt lmtto10 
cmss10 lm-rep-cmrm lmss10 
cmss12 lm-rep-cmrm lmss12 
cmss17 lm-rep-cmrm lmss17 
cmss8 lm-rep-cmrm lmss8 
cmss9 lm-rep-cmrm lmss9 
cmssbx10 lm-rep-cmrm lmssbx10 
cmssbxo10 lm-rep-cmrm lmssbo10 
cmssdc10 lm-rep-cmrm lmssdc10 
cmssi10 lm-rep-cmrm lmsso10 
cmssi12 lm-rep-cmrm lmsso12 
cmssi17 lm-rep-cmrm lmsso17 
cmssi8 lm-rep-cmrm lmsso8 
cmssi9 lm-rep-cmrm lmsso9 
cmssq8 lm-rep-cmrm lmssq8 
cmssqi8 lm-rep-cmrm lmssqo8 
cmtcsc10 lm-rep-cmtt lmtcsc10 
cmti10 lm-rep-cmit lmri10 
cmti12 lm-rep-cmit lmri12 
cmti7 lm-rep-cmit lmri7 
cmti8 lm-rep-cmit lmri8 
cmti9 lm-rep-cmit lmri9 
cmtt10 lm-rep-cmtt lmtt10 
cmtt12 lm-rep-cmtt lmtt12 
cmtt8 lm-rep-cmtt lmtt8 
cmtt9 lm-rep-cmtt lmtt9 
cmvtt10 lm-rep-cmrm lmvtt10 
cmbsy10
cmbsy5
cmbsy6  cmbsy7 
cmbsy7
cmbsy8  cmbsy7 
cmbsy9  cmbsy10 
cmdunh10
cmex10
cmex7  cmex10 
cmex8  cmex10 
cmex9  cmex10 
cmff10
cmfi10
cmfib8
cmmi10
cmmi12
cmmi5
cmmi6
cmmi7
cmmi8
cmmi9
cmmib10
cmmib5
cmmib6  cmmib7 
cmmib7
cmmib8  cmmib7 
cmmib9  cmmib10 
cmsy10
cmsy5
cmsy6
cmsy7
cmsy8
cmsy9
cmtex10
cmtex8
cmtex9
cmu10 lm-rep-cmit lmri10 
