qx-lmb10 lm-qx-os lmb10 
qx-lmbo10 lm-qx-os lmbo10 
qx-lmbx10 lm-qx-os lmbx10 
qx-lmbx12 lm-qx-os lmbx12 
qx-lmbx5 lm-qx-os lmbx5 
qx-lmbx6 lm-qx-os lmbx6 
qx-lmbx7 lm-qx-os lmbx7 
qx-lmbx8 lm-qx-os lmbx8 
qx-lmbx9 lm-qx-os lmbx9 
qx-lmbxi10 lm-qx-os lmbxi10 
qx-lmbxo10 lm-qx-os lmbxo10 
qx-lmcsc10 lm-qx-os lmcsc10 
qx-lmcsco10 lm-qx-os lmcsco10 
qx-lmr10 lm-qx-os lmr10 
qx-lmr12 lm-qx-os lmr12 
qx-lmr17 lm-qx-os lmr17 
qx-lmr5 lm-qx-os lmr5 
qx-lmr6 lm-qx-os lmr6 
qx-lmr7 lm-qx-os lmr7 
qx-lmr8 lm-qx-os lmr8 
qx-lmr9 lm-qx-os lmr9 
qx-lmri10 lm-qx-os lmri10 
qx-lmri12 lm-qx-os lmri12 
qx-lmri7 lm-qx-os lmri7 
qx-lmri8 lm-qx-os lmri8 
qx-lmri9 lm-qx-os lmri9 
qx-lmro10 lm-qx-os lmro10 
qx-lmro12 lm-qx-os lmro12 
qx-lmro17 lm-qx-os lmro17 
qx-lmro8 lm-qx-os lmro8 
qx-lmro9 lm-qx-os lmro9 
qx-lmss10 lm-qx-os lmss10 
qx-lmss12 lm-qx-os lmss12 
qx-lmss17 lm-qx-os lmss17 
qx-lmss8 lm-qx-os lmss8 
qx-lmss9 lm-qx-os lmss9 
qx-lmssbo10 lm-qx-os lmssbo10 
qx-lmssbx10 lm-qx-os lmssbx10 
qx-lmssdc10 lm-qx-os lmssdc10 
qx-lmssdo10 lm-qx-os lmssdo10 
qx-lmsso10 lm-qx-os lmsso10 
qx-lmsso12 lm-qx-os lmsso12 
qx-lmsso17 lm-qx-os lmsso17 
qx-lmsso8 lm-qx-os lmsso8 
qx-lmsso9 lm-qx-os lmsso9 
qx-lmssq8 lm-qx-os lmssq8 
qx-lmssqbo8 lm-qx-os lmssqbo8 
qx-lmssqbx8 lm-qx-os lmssqbx8 
qx-lmssqo8 lm-qx-os lmssqo8 
qx-lmtcsc10 lm-qxtt lmtcsc10 
qx-lmtcso10 lm-qxtt lmtcso10 
qx-lmtl10 lm-qxtt lmtl10 
qx-lmtlo10 lm-qxtt lmtlo10 
qx-lmtlc10 lm-qxtt lmtlc10 
qx-lmtlco10 lm-qxtt lmtlco10 
qx-lmtk10 lm-qxtt lmtk10 
qx-lmtko10 lm-qxtt lmtko10 
qx-lmtt10 lm-qxtt lmtt10 
qx-lmtt12 lm-qxtt lmtt12 
qx-lmtt8 lm-qxtt lmtt8 
qx-lmtt9 lm-qxtt lmtt9 
qx-lmtti10 lm-qxtt lmtti10 
qx-lmtto10 lm-qxtt lmtto10 
qx-lmvtt10 lm-qx-os lmvtt10 
qx-lmvtto10 lm-qx-os lmvtto10 
qx-lmvtl10 lm-qx-os lmvtl10 
qx-lmvtlo10 lm-qx-os lmvtlo10 
qx-lmvtk10 lm-qx-os lmvtk10 
qx-lmvtko10 lm-qx-os lmvtko10 
