qx-lmb10 lm-qx lmb10 
qx-lmbo10 lm-qx lmbo10 
qx-lmbx10 lm-qx lmbx10 
qx-lmbx12 lm-qx lmbx12 
qx-lmbx5 lm-qx lmbx5 
qx-lmbx6 lm-qx lmbx6 
qx-lmbx7 lm-qx lmbx7 
qx-lmbx8 lm-qx lmbx8 
qx-lmbx9 lm-qx lmbx9 
qx-lmbxi10 lm-qx lmbxi10 
qx-lmbxo10 lm-qx lmbxo10 
qx-lmcsc10 lm-qx lmcsc10 
qx-lmcsco10 lm-qx lmcsco10 
qx-lmr10 lm-qx lmr10 
qx-lmr12 lm-qx lmr12 
qx-lmr17 lm-qx lmr17 
qx-lmr5 lm-qx lmr5 
qx-lmr6 lm-qx lmr6 
qx-lmr7 lm-qx lmr7 
qx-lmr8 lm-qx lmr8 
qx-lmr9 lm-qx lmr9 
qx-lmri10 lm-qx lmri10 
qx-lmri12 lm-qx lmri12 
qx-lmri7 lm-qx lmri7 
qx-lmri8 lm-qx lmri8 
qx-lmri9 lm-qx lmri9 
qx-lmro10 lm-qx lmro10 
qx-lmro12 lm-qx lmro12 
qx-lmro17 lm-qx lmro17 
qx-lmro8 lm-qx lmro8 
qx-lmro9 lm-qx lmro9 
qx-lmss10 lm-qx lmss10 
qx-lmss12 lm-qx lmss12 
qx-lmss17 lm-qx lmss17 
qx-lmss8 lm-qx lmss8 
qx-lmss9 lm-qx lmss9 
qx-lmssbo10 lm-qx lmssbo10 
qx-lmssbx10 lm-qx lmssbx10 
qx-lmssdc10 lm-qx lmssdc10 
qx-lmssdo10 lm-qx lmssdo10 
qx-lmsso10 lm-qx lmsso10 
qx-lmsso12 lm-qx lmsso12 
qx-lmsso17 lm-qx lmsso17 
qx-lmsso8 lm-qx lmsso8 
qx-lmsso9 lm-qx lmsso9 
qx-lmssq8 lm-qx lmssq8 
qx-lmssqbo8 lm-qx lmssqbo8 
qx-lmssqbx8 lm-qx lmssqbx8 
qx-lmssqo8 lm-qx lmssqo8 
qx-lmtcsc10 lm-qxtt lmtcsc10 
qx-lmtcso10 lm-qxtt lmtcso10 
qx-lmtl10 lm-qxtt lmtl10 
qx-lmtlo10 lm-qxtt lmtlo10 
qx-lmtlc10 lm-qxtt lmtlc10 
qx-lmtlco10 lm-qxtt lmtlco10 
qx-lmtk10 lm-qxtt lmtk10 
qx-lmtko10 lm-qxtt lmtko10 
qx-lmtt10 lm-qxtt lmtt10 
qx-lmtt12 lm-qxtt lmtt12 
qx-lmtt8 lm-qxtt lmtt8 
qx-lmtt9 lm-qxtt lmtt9 
qx-lmtti10 lm-qxtt lmtti10 
qx-lmtto10 lm-qxtt lmtto10 
qx-lmvtt10 lm-qx lmvtt10 
qx-lmvtto10 lm-qx lmvtto10 
qx-lmvtl10 lm-qx lmvtl10 
qx-lmvtlo10 lm-qx lmvtlo10 
qx-lmvtk10 lm-qx lmvtk10 
qx-lmvtko10 lm-qx lmvtko10 
