t5-lmb10 lm-t5-os lmb10 
t5-lmbo10 lm-t5-os lmbo10 
t5-lmbx10 lm-t5-os lmbx10 
t5-lmbx12 lm-t5-os lmbx12 
t5-lmbx5 lm-t5-os lmbx5 
t5-lmbx6 lm-t5-os lmbx6 
t5-lmbx7 lm-t5-os lmbx7 
t5-lmbx8 lm-t5-os lmbx8 
t5-lmbx9 lm-t5-os lmbx9 
t5-lmbxi10 lm-t5-os lmbxi10 
t5-lmbxo10 lm-t5-os lmbxo10 
t5-lmcsc10 lm-t5-os lmcsc10 
t5-lmcsco10 lm-t5-os lmcsco10 
t5-lmr10 lm-t5-os lmr10 
t5-lmr12 lm-t5-os lmr12 
t5-lmr17 lm-t5-os lmr17 
t5-lmr5 lm-t5-os lmr5 
t5-lmr6 lm-t5-os lmr6 
t5-lmr7 lm-t5-os lmr7 
t5-lmr8 lm-t5-os lmr8 
t5-lmr9 lm-t5-os lmr9 
t5-lmri10 lm-t5-os lmri10 
t5-lmri12 lm-t5-os lmri12 
t5-lmri7 lm-t5-os lmri7 
t5-lmri8 lm-t5-os lmri8 
t5-lmri9 lm-t5-os lmri9 
t5-lmro10 lm-t5-os lmro10 
t5-lmro12 lm-t5-os lmro12 
t5-lmro17 lm-t5-os lmro17 
t5-lmro8 lm-t5-os lmro8 
t5-lmro9 lm-t5-os lmro9 
t5-lmss10 lm-t5-os lmss10 
t5-lmss12 lm-t5-os lmss12 
t5-lmss17 lm-t5-os lmss17 
t5-lmss8 lm-t5-os lmss8 
t5-lmss9 lm-t5-os lmss9 
t5-lmssbo10 lm-t5-os lmssbo10 
t5-lmssbx10 lm-t5-os lmssbx10 
t5-lmssdc10 lm-t5-os lmssdc10 
t5-lmssdo10 lm-t5-os lmssdo10 
t5-lmsso10 lm-t5-os lmsso10 
t5-lmsso12 lm-t5-os lmsso12 
t5-lmsso17 lm-t5-os lmsso17 
t5-lmsso8 lm-t5-os lmsso8 
t5-lmsso9 lm-t5-os lmsso9 
t5-lmssq8 lm-t5-os lmssq8 
t5-lmssqbo8 lm-t5-os lmssqbo8 
t5-lmssqbx8 lm-t5-os lmssqbx8 
t5-lmssqo8 lm-t5-os lmssqo8 
t5-lmtcsc10 lm-t5-os lmtcsc10 
t5-lmtcso10 lm-t5-os lmtcso10 
t5-lmtl10 lm-t5-os lmtl10 
t5-lmtlo10 lm-t5-os lmtlo10 
t5-lmtlc10 lm-t5-os lmtlc10 
t5-lmtlco10 lm-t5-os lmtlco10 
t5-lmtk10 lm-t5-os lmtk10 
t5-lmtko10 lm-t5-os lmtko10 
t5-lmtt10 lm-t5-os lmtt10 
t5-lmtt12 lm-t5-os lmtt12 
t5-lmtt8 lm-t5-os lmtt8 
t5-lmtt9 lm-t5-os lmtt9 
t5-lmtti10 lm-t5-os lmtti10 
t5-lmtto10 lm-t5-os lmtto10 
t5-lmvtt10 lm-t5-os lmvtt10 
t5-lmvtto10 lm-t5-os lmvtto10 
t5-lmvtl10 lm-t5-os lmvtl10 
t5-lmvtlo10 lm-t5-os lmvtlo10 
t5-lmvtk10 lm-t5-os lmvtk10 
t5-lmvtko10 lm-t5-os lmvtko10 
