t5-lmb10 lm-t5 lmb10 
t5-lmbo10 lm-t5 lmbo10 
t5-lmbx10 lm-t5 lmbx10 
t5-lmbx12 lm-t5 lmbx12 
t5-lmbx5 lm-t5 lmbx5 
t5-lmbx6 lm-t5 lmbx6 
t5-lmbx7 lm-t5 lmbx7 
t5-lmbx8 lm-t5 lmbx8 
t5-lmbx9 lm-t5 lmbx9 
t5-lmbxi10 lm-t5 lmbxi10 
t5-lmbxo10 lm-t5 lmbxo10 
t5-lmcsc10 lm-t5 lmcsc10 
t5-lmcsco10 lm-t5 lmcsco10 
t5-lmr10 lm-t5 lmr10 
t5-lmr12 lm-t5 lmr12 
t5-lmr17 lm-t5 lmr17 
t5-lmr5 lm-t5 lmr5 
t5-lmr6 lm-t5 lmr6 
t5-lmr7 lm-t5 lmr7 
t5-lmr8 lm-t5 lmr8 
t5-lmr9 lm-t5 lmr9 
t5-lmri10 lm-t5 lmri10 
t5-lmri12 lm-t5 lmri12 
t5-lmri7 lm-t5 lmri7 
t5-lmri8 lm-t5 lmri8 
t5-lmri9 lm-t5 lmri9 
t5-lmro10 lm-t5 lmro10 
t5-lmro12 lm-t5 lmro12 
t5-lmro17 lm-t5 lmro17 
t5-lmro8 lm-t5 lmro8 
t5-lmro9 lm-t5 lmro9 
t5-lmss10 lm-t5 lmss10 
t5-lmss12 lm-t5 lmss12 
t5-lmss17 lm-t5 lmss17 
t5-lmss8 lm-t5 lmss8 
t5-lmss9 lm-t5 lmss9 
t5-lmssbo10 lm-t5 lmssbo10 
t5-lmssbx10 lm-t5 lmssbx10 
t5-lmssdc10 lm-t5 lmssdc10 
t5-lmssdo10 lm-t5 lmssdo10 
t5-lmsso10 lm-t5 lmsso10 
t5-lmsso12 lm-t5 lmsso12 
t5-lmsso17 lm-t5 lmsso17 
t5-lmsso8 lm-t5 lmsso8 
t5-lmsso9 lm-t5 lmsso9 
t5-lmssq8 lm-t5 lmssq8 
t5-lmssqbo8 lm-t5 lmssqbo8 
t5-lmssqbx8 lm-t5 lmssqbx8 
t5-lmssqo8 lm-t5 lmssqo8 
t5-lmtcsc10 lm-t5 lmtcsc10 
t5-lmtcso10 lm-t5 lmtcso10 
t5-lmtl10 lm-t5 lmtl10 
t5-lmtlo10 lm-t5 lmtlo10 
t5-lmtlc10 lm-t5 lmtlc10 
t5-lmtlco10 lm-t5 lmtlco10 
t5-lmtk10 lm-t5 lmtk10 
t5-lmtko10 lm-t5 lmtko10 
t5-lmtt10 lm-t5 lmtt10 
t5-lmtt12 lm-t5 lmtt12 
t5-lmtt8 lm-t5 lmtt8 
t5-lmtt9 lm-t5 lmtt9 
t5-lmtti10 lm-t5 lmtti10 
t5-lmtto10 lm-t5 lmtto10 
t5-lmvtt10 lm-t5 lmvtt10 
t5-lmvtto10 lm-t5 lmvtto10 
t5-lmvtl10 lm-t5 lmvtl10 
t5-lmvtlo10 lm-t5 lmvtlo10 
t5-lmvtk10 lm-t5 lmvtk10 
t5-lmvtko10 lm-t5 lmvtko10 
