% These are the original B&H fonts as provided by Y&Y. 

lbl   <lbl.pfb   texnansi.enc
lbr   <lbr.pfb   texnansi.enc
lbd   <lbd.pfb   texnansi.enc
lbdi  <lbdi.pfb  texnansi.enc
lbi   <lbi.pfb   texnansi.enc
lbrsc <lbrsc.pfb texnansi.enc
lbdsc <lbdsc.pfb texnansi.enc
lbsl  <lbsl.pfb  texnansi.enc
lbc   <lbc.pfb   texnansi.enc
lbkr  <lbkr.pfb  texnansi.enc
lbki  <lbki.pfb  texnansi.enc

lfr   <lfr.pfb   texnansi.enc
lfd   <lfd.pfb   texnansi.enc
lfdi  <lfdi.pfb  texnansi.enc
lfi   <lfi.pfb   texnansi.enc

lbh   <lbh.pfb   texnansi.enc

lsr   <lsr.pfb   texnansi.enc
lsd   <lsd.pfb   texnansi.enc
lsdi  <lsdi.pfb  texnansi.enc
lsi   <lsi.pfb   texnansi.enc
lsb   <lsb.pfb   texnansi.enc
lsbi  <lsbi.pfb  texnansi.enc

lstr  <lstr.pfb  texnansi.enc
lstb  <lstb.pfb  texnansi.enc
lstbo <lstbo.pfb texnansi.enc
lsto  <lsto.pfb  texnansi.enc

lbtr  <lbtr.pfb  texnansi.enc
lbtb  <lbtb.pfb  texnansi.enc
lbtbo <lbtbo.pfb texnansi.enc
lbto  <lbto.pfb  texnansi.enc

lbmdo <lbmdo.pfb
lbmo  <lbmo.pfb
lbma  <lbma.pfb
lbmad <lbmad.pfb
lbme  <lbme.pfb
lbmr  <lbmr.pfb
lbmd  <lbmd.pfb
lbmdi <lbmdi.pfb
lbmi  <lbmi.pfb
lbms  <lbms.pfb
lbmsd <lbmsd.pfb
