csr10    <csr10.pfb    <csr.enc
csr12    <csr12.pfb    <csr.enc
csr17    <csr17.pfb    <csr.enc
csr9     <csr9.pfb     <csr.enc
csr8     <csr8.pfb     <csr.enc
csr7     <csr7.pfb     <csr.enc
csr6     <csr6.pfb     <csr.enc
csr5     <csr5.pfb     <csr1.enc
csbx10   <csbx10.pfb   <csr.enc
csbx12   <csbx12.pfb   <csr.enc
csbx9    <csbx9.pfb    <csr.enc
csbx8    <csbx8.pfb    <csr.enc
csbx7    <csbx7.pfb    <csr.enc
csbx6    <csbx6.pfb    <csr.enc
csbx5    <csbx5.pfb    <csr.enc
csb10    <csb10.pfb    <csr.enc
csti10   <csti10.pfb   <csr.enc
csti12   <csti12.pfb   <csr.enc
csti9    <csti9.pfb    <csr.enc
csti8    <csti8.pfb    <csr.enc
csti7    <csti7.pfb    <csr.enc
cstt10   <cstt10.pfb   <cstt.enc
cstt12   <cstt12.pfb   <cstt.enc
cstt9    <cstt9.pfb    <cstt.enc
cstt8    <cstt8.pfb    <cstt.enc
cssltt10 <cssltt10.pfb <cstt.enc
csvtt10  <csvtt10.pfb  <cstt.enc
csss10   <csss10.pfb   <csr.enc
csss12   <csss12.pfb   <csr.enc
csss17   <csss17.pfb   <csr.enc
csss9    <csss9.pfb    <csr.enc
csss8    <csss8.pfb    <csr.enc
csssi10  <csssi10.pfb  <csr.enc
csssi12  <csssi12.pfb  <csr.enc
csssi17  <csssi17.pfb  <csr.enc
csssi9   <csssi9.pfb   <csr.enc
csssi8   <csssi8.pfb   <csr.enc
cssl10   <cssl10.pfb   <csr.enc
cssl12   <cssl12.pfb   <csr.enc
cssl9    <cssl9.pfb    <csr.enc
cssl8    <cssl8.pfb    <csr.enc
csssq8   <csssq8.pfb   <csr.enc
csssqi8  <csssqi8.pfb  <csr.enc
csssdc10 <csssdc10.pfb <csr.enc
csssbx10 <csssbx10.pfb <csr.enc
csinch   <csinch.pfb   <csin.enc
csdunh10 <csdunh10.pfb <csr.enc
csbxsl10 <csbxsl10.pfb <csr.enc
csff10   <csff10.pfb   <csr.enc
csfib8   <csfib8.pfb   <csr.enc
csbxti10 <csbxti10.pfb <csr.enc
csitt10  <csitt10.pfb  <cstt.enc
csu10    <csu10.pfb    <csr.enc
csfi10   <csfi10.pfb   <csr.enc
cscsc10  <cscsc10.pfb  <csr1.enc
cstcsc10 <cstcsc10.pfb <cstt.enc
