plb10    <plb10.pfb
plbsy10  <plbsy10.pfb
plbx10   <plbx10.pfb
plbx12   <plbx12.pfb
plbx5    <plbx5.pfb
plbx6    <plbx6.pfb
plbx7    <plbx7.pfb
plbx8    <plbx8.pfb
plbx9    <plbx9.pfb
plbxsl10 <plbxsl10.pfb
plbxti10 <plbxti10.pfb
plcsc10  <plcsc10.pfb
pldunh10 <pldunh10.pfb
plex10   <plex10.pfb
plex9    <plex9.pfb
plff10   <plff10.pfb
plfi10   <plfi10.pfb
plfib8   <plfib8.pfb
plinch   <plinch.pfb
plitt10  <plitt10.pfb
plmi10   <plmi10.pfb
plmi12   <plmi12.pfb
plmi5    <plmi5.pfb
plmi6    <plmi6.pfb
plmi7    <plmi7.pfb
plmi8    <plmi8.pfb
plmi9    <plmi9.pfb
plmib10  <plmib10.pfb
plr10    <plr10.pfb
plr12    <plr12.pfb 
plr17    <plr17.pfb    
plr5     <plr5.pfb     
plr6     <plr6.pfb     
plr7     <plr7.pfb     
plr8     <plr8.pfb     
plr9     <plr9.pfb     
plsl10   <plsl10.pfb
plsl12   <plsl12.pfb
plsl8    <plsl8.pfb
plsl9    <plsl9.pfb
plsltt10 <plsltt10.pfb
plss10   <plss10.pfb
plss12   <plss12.pfb
plss17   <plss17.pfb
plss8    <plss8.pfb
plss9    <plss9.pfb
plssbi10 <plssbi10.pfb
plssbx10 <plssbx10.pfb
plssdc10 <plssdc10.pfb
plssi10  <plssi10.pfb
plssi12  <plssi12.pfb
plssi17  <plssi17.pfb
plssi8   <plssi8.pfb
plssi9   <plssi9.pfb
plssq8   <plssq8.pfb
plssqi8  <plssqi8.pfb
plsy10   <plsy10.pfb
plsy5    <plsy5.pfb
plsy6    <plsy6.pfb
plsy7    <plsy7.pfb
plsy8    <plsy8.pfb
plsy9    <plsy9.pfb
pltcsc10 <pltcsc10.pfb
pltex10  <pltex10.pfb
pltex8   <pltex8.pfb
pltex9   <pltex9.pfb
plti10   <plti10.pfb
plti12   <plti12.pfb
plti7    <plti7.pfb
plti8    <plti8.pfb
plti9    <plti9.pfb
pltt10   <pltt10.pfb
pltt12   <pltt12.pfb
pltt8    <pltt8.pfb
pltt9    <pltt9.pfb
plu10    <plu10.pfb
plvtt10  <plvtt10.pfb
